Archive member included because of file (symbol)

d:/embededsystems/01imtsdk001/imtsdkwin64/winavr/bin/../lib/gcc/avr/4.3.3/avr5\libgcc.a(_udivmodhi4.o)
                              ./heap_4.o (__udivmodhi4)
d:/embededsystems/01imtsdk001/imtsdkwin64/winavr/bin/../lib/gcc/avr/4.3.3/avr5\libgcc.a(_exit.o)
                              d:/embededsystems/01imtsdk001/imtsdkwin64/winavr/bin/../lib/gcc/avr/4.3.3/../../../../avr/lib/avr5/crtm32.o (exit)
d:/embededsystems/01imtsdk001/imtsdkwin64/winavr/bin/../lib/gcc/avr/4.3.3/avr5\libgcc.a(_copy_data.o)
                              ./HAL/KEY_PAD/KEY_PAD.o (__do_copy_data)
d:/embededsystems/01imtsdk001/imtsdkwin64/winavr/bin/../lib/gcc/avr/4.3.3/avr5\libgcc.a(_clear_bss.o)
                              ./heap_4.o (__do_clear_bss)
d:/embededsystems/01imtsdk001/imtsdkwin64/winavr/bin/../lib/gcc/avr/4.3.3/../../../../avr/lib/avr5\libc.a(memcpy.o)
                              ./queue.o (memcpy)
d:/embededsystems/01imtsdk001/imtsdkwin64/winavr/bin/../lib/gcc/avr/4.3.3/../../../../avr/lib/avr5\libc.a(memset.o)
                              ./heap_4.o (memset)

Allocating common symbols
Common symbol       size              file

xReturnedTaskOne    0x1               ./main.o
xReturnedTaskTwo    0x1               ./main.o
xReturnedTaskThree  0x1               ./main.o

Memory Configuration

Name             Origin             Length             Attributes
text             0x00000000         0x00020000         xr
data             0x00800060         0x0000ffa0         rw !x
eeprom           0x00810000         0x00010000         rw !x
fuse             0x00820000         0x00000400         rw !x
lock             0x00830000         0x00000400         rw !x
signature        0x00840000         0x00000400         rw !x
*default*        0x00000000         0xffffffff

Linker script and memory map

LOAD d:/embededsystems/01imtsdk001/imtsdkwin64/winavr/bin/../lib/gcc/avr/4.3.3/../../../../avr/lib/avr5/crtm32.o
LOAD ./MCAL/SPI/SPI.o
LOAD ./MCAL/01_DIO/DIO_program.o
LOAD ./HAL/LCD/LCD.o
LOAD ./HAL/KEY_PAD/KEY_PAD.o
LOAD ./croutine.o
LOAD ./heap_4.o
LOAD ./list.o
LOAD ./main.o
LOAD ./port.o
LOAD ./queue.o
LOAD ./tasks.o
LOAD ./timers.o
LOAD d:/embededsystems/01imtsdk001/imtsdkwin64/winavr/bin/../lib/gcc/avr/4.3.3/avr5\libgcc.a
LOAD d:/embededsystems/01imtsdk001/imtsdkwin64/winavr/bin/../lib/gcc/avr/4.3.3/../../../../avr/lib/avr5\libc.a
LOAD d:/embededsystems/01imtsdk001/imtsdkwin64/winavr/bin/../lib/gcc/avr/4.3.3/avr5\libgcc.a

.hash
 *(.hash)

.dynsym
 *(.dynsym)

.dynstr
 *(.dynstr)

.gnu.version
 *(.gnu.version)

.gnu.version_d
 *(.gnu.version_d)

.gnu.version_r
 *(.gnu.version_r)

.rel.init
 *(.rel.init)

.rela.init
 *(.rela.init)

.rel.text
 *(.rel.text)
 *(.rel.text.*)
 *(.rel.gnu.linkonce.t*)

.rela.text
 *(.rela.text)
 *(.rela.text.*)
 *(.rela.gnu.linkonce.t*)

.rel.fini
 *(.rel.fini)

.rela.fini
 *(.rela.fini)

.rel.rodata
 *(.rel.rodata)
 *(.rel.rodata.*)
 *(.rel.gnu.linkonce.r*)

.rela.rodata
 *(.rela.rodata)
 *(.rela.rodata.*)
 *(.rela.gnu.linkonce.r*)

.rel.data
 *(.rel.data)
 *(.rel.data.*)
 *(.rel.gnu.linkonce.d*)

.rela.data
 *(.rela.data)
 *(.rela.data.*)
 *(.rela.gnu.linkonce.d*)

.rel.ctors
 *(.rel.ctors)

.rela.ctors
 *(.rela.ctors)

.rel.dtors
 *(.rel.dtors)

.rela.dtors
 *(.rela.dtors)

.rel.got
 *(.rel.got)

.rela.got
 *(.rela.got)

.rel.bss
 *(.rel.bss)

.rela.bss
 *(.rela.bss)

.rel.plt
 *(.rel.plt)

.rela.plt
 *(.rela.plt)

.text           0x00000000     0x2c5c
 *(.vectors)
 .vectors       0x00000000       0x54 d:/embededsystems/01imtsdk001/imtsdkwin64/winavr/bin/../lib/gcc/avr/4.3.3/../../../../avr/lib/avr5/crtm32.o
                0x00000000                __vectors
                0x00000000                __vector_default
 *(.vectors)
 *(.progmem.gcc*)
 *(.progmem*)
                0x00000054                . = ALIGN (0x2)
                0x00000054                __trampolines_start = .
 *(.trampolines)
 .trampolines   0x00000054        0x0 linker stubs
 *(.trampolines*)
                0x00000054                __trampolines_end = .
 *(.jumptables)
 *(.jumptables*)
 *(.lowtext)
 *(.lowtext*)
                0x00000054                __ctors_start = .
 *(.ctors)
                0x00000054                __ctors_end = .
                0x00000054                __dtors_start = .
 *(.dtors)
                0x00000054                __dtors_end = .
 SORT(*)(.ctors)
 SORT(*)(.dtors)
 *(.init0)
 .init0         0x00000054        0x0 d:/embededsystems/01imtsdk001/imtsdkwin64/winavr/bin/../lib/gcc/avr/4.3.3/../../../../avr/lib/avr5/crtm32.o
                0x00000054                __init
 *(.init0)
 *(.init1)
 *(.init1)
 *(.init2)
 .init2         0x00000054        0xc d:/embededsystems/01imtsdk001/imtsdkwin64/winavr/bin/../lib/gcc/avr/4.3.3/../../../../avr/lib/avr5/crtm32.o
 *(.init2)
 *(.init3)
 *(.init3)
 *(.init4)
 .init4         0x00000060       0x16 d:/embededsystems/01imtsdk001/imtsdkwin64/winavr/bin/../lib/gcc/avr/4.3.3/avr5\libgcc.a(_copy_data.o)
                0x00000060                __do_copy_data
 .init4         0x00000076       0x10 d:/embededsystems/01imtsdk001/imtsdkwin64/winavr/bin/../lib/gcc/avr/4.3.3/avr5\libgcc.a(_clear_bss.o)
                0x00000076                __do_clear_bss
 *(.init4)
 *(.init5)
 *(.init5)
 *(.init6)
 *(.init6)
 *(.init7)
 *(.init7)
 *(.init8)
 *(.init8)
 *(.init9)
 .init9         0x00000086        0x8 d:/embededsystems/01imtsdk001/imtsdkwin64/winavr/bin/../lib/gcc/avr/4.3.3/../../../../avr/lib/avr5/crtm32.o
 *(.init9)
 *(.text)
 .text          0x0000008e        0x4 d:/embededsystems/01imtsdk001/imtsdkwin64/winavr/bin/../lib/gcc/avr/4.3.3/../../../../avr/lib/avr5/crtm32.o
                0x0000008e                __vector_1
                0x0000008e                __vector_12
                0x0000008e                __bad_interrupt
                0x0000008e                __vector_6
                0x0000008e                __vector_3
                0x0000008e                __vector_11
                0x0000008e                __vector_13
                0x0000008e                __vector_17
                0x0000008e                __vector_19
                0x0000008e                __vector_5
                0x0000008e                __vector_4
                0x0000008e                __vector_9
                0x0000008e                __vector_2
                0x0000008e                __vector_15
                0x0000008e                __vector_8
                0x0000008e                __vector_14
                0x0000008e                __vector_10
                0x0000008e                __vector_16
                0x0000008e                __vector_18
                0x0000008e                __vector_20
 .text          0x00000092        0x0 ./MCAL/SPI/SPI.o
 .text          0x00000092        0x0 ./MCAL/01_DIO/DIO_program.o
 .text          0x00000092        0x0 ./HAL/LCD/LCD.o
 .text          0x00000092        0x0 ./HAL/KEY_PAD/KEY_PAD.o
 .text          0x00000092        0x0 ./croutine.o
 .text          0x00000092        0x0 ./heap_4.o
 .text          0x00000092        0x0 ./list.o
 .text          0x00000092        0x0 ./main.o
 .text          0x00000092        0x0 ./port.o
 .text          0x00000092        0x0 ./queue.o
 .text          0x00000092        0x0 ./tasks.o
 .text          0x00000092        0x0 ./timers.o
 .text          0x00000092        0x0 d:/embededsystems/01imtsdk001/imtsdkwin64/winavr/bin/../lib/gcc/avr/4.3.3/avr5\libgcc.a(_udivmodhi4.o)
 .text          0x00000092        0x0 d:/embededsystems/01imtsdk001/imtsdkwin64/winavr/bin/../lib/gcc/avr/4.3.3/avr5\libgcc.a(_exit.o)
 .text          0x00000092        0x0 d:/embededsystems/01imtsdk001/imtsdkwin64/winavr/bin/../lib/gcc/avr/4.3.3/avr5\libgcc.a(_copy_data.o)
 .text          0x00000092        0x0 d:/embededsystems/01imtsdk001/imtsdkwin64/winavr/bin/../lib/gcc/avr/4.3.3/avr5\libgcc.a(_clear_bss.o)
 .text          0x00000092        0x0 d:/embededsystems/01imtsdk001/imtsdkwin64/winavr/bin/../lib/gcc/avr/4.3.3/../../../../avr/lib/avr5\libc.a(memcpy.o)
 .text          0x00000092        0x0 d:/embededsystems/01imtsdk001/imtsdkwin64/winavr/bin/../lib/gcc/avr/4.3.3/../../../../avr/lib/avr5\libc.a(memset.o)
                0x00000092                . = ALIGN (0x2)
 *(.text.*)
 .text.SPI_voidInit
                0x00000092       0x28 ./MCAL/SPI/SPI.o
                0x00000092                SPI_voidInit
 .text.SPI_u8transcieve
                0x000000ba        0xa ./MCAL/SPI/SPI.o
                0x000000ba                SPI_u8transcieve
 .text.DIO_SetPinDir
                0x000000c4       0xe6 ./MCAL/01_DIO/DIO_program.o
                0x000000c4                DIO_SetPinDir
 .text.DIO_SetPinValue
                0x000001aa       0xe6 ./MCAL/01_DIO/DIO_program.o
                0x000001aa                DIO_SetPinValue
 .text.DIO_GetPinValue
                0x00000290       0x40 ./MCAL/01_DIO/DIO_program.o
                0x00000290                DIO_GetPinValue
 .text.void_LCDWriteData
                0x000002d0       0x1c ./HAL/LCD/LCD.o
                0x000002d0                void_LCDWriteData
 .text.void_LCDWriteCmd
                0x000002ec       0x1c ./HAL/LCD/LCD.o
                0x000002ec                void_LCDWriteCmd
 .text.void_LCDini
                0x00000308       0x4c ./HAL/LCD/LCD.o
                0x00000308                void_LCDini
 .text.void_LCDSetCursorLocation
                0x00000354       0x26 ./HAL/LCD/LCD.o
                0x00000354                void_LCDSetCursorLocation
 .text.void_LCDWriteString
                0x0000037a       0x3c ./HAL/LCD/LCD.o
                0x0000037a                void_LCDWriteString
 .text.void_LCDSaveCustomChar
                0x000003b6       0x5e ./HAL/LCD/LCD.o
                0x000003b6                void_LCDSaveCustomChar
 .text.KeyPad_u8ReadInput
                0x00000414       0xa0 ./HAL/KEY_PAD/KEY_PAD.o
                0x00000414                KeyPad_u8ReadInput
 .text.KeyPad_voidinit
                0x000004b4       0x4e ./HAL/KEY_PAD/KEY_PAD.o
                0x000004b4                KeyPad_voidinit
 .text.xPortGetFreeHeapSize
                0x00000502        0xa ./heap_4.o
                0x00000502                xPortGetFreeHeapSize
 .text.xPortGetMinimumEverFreeHeapSize
                0x0000050c        0xa ./heap_4.o
                0x0000050c                xPortGetMinimumEverFreeHeapSize
 .text.vPortInitialiseBlocks
                0x00000516        0x2 ./heap_4.o
                0x00000516                vPortInitialiseBlocks
 .text.prvInsertBlockIntoFreeList
                0x00000518       0x86 ./heap_4.o
 .text.vPortGetHeapStats
                0x0000059e       0xc8 ./heap_4.o
                0x0000059e                vPortGetHeapStats
 .text.vPortFree
                0x00000666       0x60 ./heap_4.o
                0x00000666                vPortFree
 .text.pvPortMalloc
                0x000006c6      0x170 ./heap_4.o
                0x000006c6                pvPortMalloc
 .text.pvPortCalloc
                0x00000836       0x5a ./heap_4.o
                0x00000836                pvPortCalloc
 .text.vListInitialise
                0x00000890       0x20 ./list.o
                0x00000890                vListInitialise
 .text.vListInitialiseItem
                0x000008b0        0x8 ./list.o
                0x000008b0                vListInitialiseItem
 .text.vListInsertEnd
                0x000008b8       0x3e ./list.o
                0x000008b8                vListInsertEnd
 .text.vListInsert
                0x000008f6       0x64 ./list.o
                0x000008f6                vListInsert
 .text.uxListRemove
                0x0000095a       0x56 ./list.o
                0x0000095a                uxListRemove
 .text.Door     0x000009b0       0x48 ./main.o
                0x000009b0                Door
 .text.BUZ1     0x000009f8       0x14 ./main.o
                0x000009f8                BUZ1
 .text.vTaskCodeThree
                0x00000a0c       0x14 ./main.o
                0x00000a0c                vTaskCodeThree
 .text.vTaskCodeTwo
                0x00000a20       0x14 ./main.o
                0x00000a20                vTaskCodeTwo
 .text.vTaskCodeOne
                0x00000a34       0x14 ./main.o
                0x00000a34                vTaskCodeOne
 .text.main     0x00000a48       0x4c ./main.o
                0x00000a48                main
 .text.pxPortInitialiseStack
                0x00000a94       0x90 ./port.o
                0x00000a94                pxPortInitialiseStack
 .text.xPortStartScheduler
                0x00000b24       0x6a ./port.o
                0x00000b24                xPortStartScheduler
 .text.vPortEndScheduler
                0x00000b8e        0x2 ./port.o
                0x00000b8e                vPortEndScheduler
 .text.vPortYieldFromTick
                0x00000b90       0xba ./port.o
                0x00000b90                vPortYieldFromTick
 .text.__vector_7
                0x00000c4a        0x6 ./port.o
                0x00000c4a                __vector_7
 .text.vPortYield
                0x00000c50       0xb2 ./port.o
                0x00000c50                vPortYield
 .text.uxQueueMessagesWaiting
                0x00000d02       0x10 ./queue.o
                0x00000d02                uxQueueMessagesWaiting
 .text.uxQueueSpacesAvailable
                0x00000d12       0x14 ./queue.o
                0x00000d12                uxQueueSpacesAvailable
 .text.uxQueueMessagesWaitingFromISR
                0x00000d26        0x6 ./queue.o
                0x00000d26                uxQueueMessagesWaitingFromISR
 .text.xQueueIsQueueEmptyFromISR
                0x00000d2c       0x10 ./queue.o
                0x00000d2c                xQueueIsQueueEmptyFromISR
 .text.xQueueIsQueueFullFromISR
                0x00000d3c       0x12 ./queue.o
                0x00000d3c                xQueueIsQueueFullFromISR
 .text.vQueueDelete
                0x00000d4e        0x6 ./queue.o
                0x00000d4e                vQueueDelete
 .text.prvCopyDataFromQueue
                0x00000d54       0x3c ./queue.o
 .text.xQueuePeekFromISR
                0x00000d90       0x2a ./queue.o
                0x00000d90                xQueuePeekFromISR
 .text.prvCopyDataToQueue
                0x00000dba       0x94 ./queue.o
 .text.xQueueReceiveFromISR
                0x00000e4e       0x64 ./queue.o
                0x00000e4e                xQueueReceiveFromISR
 .text.xQueueGiveFromISR
                0x00000eb2       0x5e ./queue.o
                0x00000eb2                xQueueGiveFromISR
 .text.xQueueGenericSendFromISR
                0x00000f10       0x68 ./queue.o
                0x00000f10                xQueueGenericSendFromISR
 .text.prvUnlockQueue
                0x00000f78       0x84 ./queue.o
 .text.xQueuePeek
                0x00000ffc      0x152 ./queue.o
                0x00000ffc                xQueuePeek
 .text.xQueueSemaphoreTake
                0x0000114e      0x13e ./queue.o
                0x0000114e                xQueueSemaphoreTake
 .text.xQueueReceive
                0x0000128c      0x156 ./queue.o
                0x0000128c                xQueueReceive
 .text.xQueueGenericSend
                0x000013e2      0x156 ./queue.o
                0x000013e2                xQueueGenericSend
 .text.xQueueGenericReset
                0x00001538       0xb4 ./queue.o
                0x00001538                xQueueGenericReset
 .text.xQueueGenericCreate
                0x000015ec       0x70 ./queue.o
                0x000015ec                xQueueGenericCreate
 .text.vTaskSuspendAll
                0x0000165c        0xc ./tasks.o
                0x0000165c                vTaskSuspendAll
 .text.xTaskGetTickCount
                0x00001668       0x16 ./tasks.o
                0x00001668                xTaskGetTickCount
 .text.xTaskGetTickCountFromISR
                0x0000167e        0xc ./tasks.o
                0x0000167e                xTaskGetTickCountFromISR
 .text.uxTaskGetNumberOfTasks
                0x0000168a        0x6 ./tasks.o
                0x0000168a                uxTaskGetNumberOfTasks
 .text.pcTaskGetName
                0x00001690       0x16 ./tasks.o
                0x00001690                pcTaskGetName
 .text.xTaskIncrementTick
                0x000016a6      0x230 ./tasks.o
                0x000016a6                xTaskIncrementTick
 .text.vTaskSwitchContext
                0x000018d6       0x74 ./tasks.o
                0x000018d6                vTaskSwitchContext
 .text.xTaskRemoveFromEventList
                0x0000194a      0x166 ./tasks.o
                0x0000194a                xTaskRemoveFromEventList
 .text.vTaskRemoveFromUnorderedEventList
                0x00001ab0      0x134 ./tasks.o
                0x00001ab0                vTaskRemoveFromUnorderedEventList
 .text.vTaskSetTimeOutState
                0x00001be4       0x20 ./tasks.o
                0x00001be4                vTaskSetTimeOutState
 .text.vTaskInternalSetTimeOutState
                0x00001c04       0x16 ./tasks.o
                0x00001c04                vTaskInternalSetTimeOutState
 .text.xTaskCheckForTimeOut
                0x00001c1a       0x6a ./tasks.o
                0x00001c1a                xTaskCheckForTimeOut
 .text.vTaskMissedYield
                0x00001c84        0x8 ./tasks.o
                0x00001c84                vTaskMissedYield
 .text.xTaskGetCurrentTaskHandle
                0x00001c8c        0xc ./tasks.o
                0x00001c8c                xTaskGetCurrentTaskHandle
 .text.uxTaskResetEventItemValue
                0x00001c98       0x30 ./tasks.o
                0x00001c98                uxTaskResetEventItemValue
 .text.xTaskGenericNotifyFromISR
                0x00001cc8      0x1f8 ./tasks.o
                0x00001cc8                xTaskGenericNotifyFromISR
 .text.vTaskGenericNotifyGiveFromISR
                0x00001ec0      0x164 ./tasks.o
                0x00001ec0                vTaskGenericNotifyGiveFromISR
 .text.xTaskGenericNotifyStateClear
                0x00002024       0x2c ./tasks.o
                0x00002024                xTaskGenericNotifyStateClear
 .text.ulTaskGenericNotifyValueClear
                0x00002050       0x68 ./tasks.o
                0x00002050                ulTaskGenericNotifyValueClear
 .text.xTaskGenericNotify
                0x000020b8      0x19c ./tasks.o
                0x000020b8                xTaskGenericNotify
 .text.xTaskResumeAll
                0x00002254      0x1bc ./tasks.o
                0x00002254                xTaskResumeAll
 .text.xTaskCatchUpTicks
                0x00002410       0x2e ./tasks.o
                0x00002410                xTaskCatchUpTicks
 .text.prvAddCurrentTaskToDelayedList
                0x0000243e       0x88 ./tasks.o
 .text.xTaskGenericNotifyWait
                0x000024c6      0x140 ./tasks.o
                0x000024c6                xTaskGenericNotifyWait
 .text.ulTaskGenericNotifyTake
                0x00002606       0xe8 ./tasks.o
                0x00002606                ulTaskGenericNotifyTake
 .text.vTaskPlaceOnUnorderedEventList
                0x000026ee       0x88 ./tasks.o
                0x000026ee                vTaskPlaceOnUnorderedEventList
 .text.vTaskDelay
                0x00002776       0x26 ./tasks.o
                0x00002776                vTaskDelay
 .text.xTaskDelayUntil
                0x0000279c       0x66 ./tasks.o
                0x0000279c                xTaskDelayUntil
 .text.vTaskPlaceOnEventList
                0x00002802       0x24 ./tasks.o
                0x00002802                vTaskPlaceOnEventList
 .text.vTaskEndScheduler
                0x00002826        0xc ./tasks.o
                0x00002826                vTaskEndScheduler
 .text.prvIdleTask
                0x00002832       0x52 ./tasks.o
 .text.vTaskDelete
                0x00002884       0xe4 ./tasks.o
                0x00002884                vTaskDelete
 .text.xTaskCreate
                0x00002968      0x254 ./tasks.o
                0x00002968                xTaskCreate
 .text.vTaskStartScheduler
                0x00002bbc       0x54 ./tasks.o
                0x00002bbc                vTaskStartScheduler
 .text.libgcc   0x00002c10       0x28 d:/embededsystems/01imtsdk001/imtsdkwin64/winavr/bin/../lib/gcc/avr/4.3.3/avr5\libgcc.a(_udivmodhi4.o)
                0x00002c10                __udivmodhi4
 .text.libgcc   0x00002c38        0x0 d:/embededsystems/01imtsdk001/imtsdkwin64/winavr/bin/../lib/gcc/avr/4.3.3/avr5\libgcc.a(_exit.o)
 .text.libgcc   0x00002c38        0x0 d:/embededsystems/01imtsdk001/imtsdkwin64/winavr/bin/../lib/gcc/avr/4.3.3/avr5\libgcc.a(_copy_data.o)
 .text.libgcc   0x00002c38        0x0 d:/embededsystems/01imtsdk001/imtsdkwin64/winavr/bin/../lib/gcc/avr/4.3.3/avr5\libgcc.a(_clear_bss.o)
 .text.avr-libc
                0x00002c38       0x12 d:/embededsystems/01imtsdk001/imtsdkwin64/winavr/bin/../lib/gcc/avr/4.3.3/../../../../avr/lib/avr5\libc.a(memcpy.o)
                0x00002c38                memcpy
 .text.avr-libc
                0x00002c4a        0xe d:/embededsystems/01imtsdk001/imtsdkwin64/winavr/bin/../lib/gcc/avr/4.3.3/../../../../avr/lib/avr5\libc.a(memset.o)
                0x00002c4a                memset
                0x00002c58                . = ALIGN (0x2)
 *(.fini9)
 .fini9         0x00002c58        0x0 d:/embededsystems/01imtsdk001/imtsdkwin64/winavr/bin/../lib/gcc/avr/4.3.3/avr5\libgcc.a(_exit.o)
                0x00002c58                exit
                0x00002c58                _exit
 *(.fini9)
 *(.fini8)
 *(.fini8)
 *(.fini7)
 *(.fini7)
 *(.fini6)
 *(.fini6)
 *(.fini5)
 *(.fini5)
 *(.fini4)
 *(.fini4)
 *(.fini3)
 *(.fini3)
 *(.fini2)
 *(.fini2)
 *(.fini1)
 *(.fini1)
 *(.fini0)
 .fini0         0x00002c58        0x4 d:/embededsystems/01imtsdk001/imtsdkwin64/winavr/bin/../lib/gcc/avr/4.3.3/avr5\libgcc.a(_exit.o)
 *(.fini0)
                0x00002c5c                _etext = .

.data           0x00800060       0x28 load address 0x00002c5c
                0x00800060                PROVIDE (__data_start, .)
 *(.data)
 .data          0x00800060        0x0 d:/embededsystems/01imtsdk001/imtsdkwin64/winavr/bin/../lib/gcc/avr/4.3.3/../../../../avr/lib/avr5/crtm32.o
 .data          0x00800060        0x0 ./MCAL/SPI/SPI.o
 .data          0x00800060        0x0 ./MCAL/01_DIO/DIO_program.o
 .data          0x00800060        0x0 ./HAL/LCD/LCD.o
 .data          0x00800060        0x0 ./HAL/KEY_PAD/KEY_PAD.o
 .data          0x00800060        0x0 ./croutine.o
 .data          0x00800060        0x0 ./heap_4.o
 .data          0x00800060        0x0 ./list.o
 .data          0x00800060        0xa ./main.o
 .data          0x0080006a        0x0 ./port.o
 .data          0x0080006a        0x0 ./queue.o
 .data          0x0080006a        0x5 ./tasks.o
 .data          0x0080006f        0x0 ./timers.o
 .data          0x0080006f        0x0 d:/embededsystems/01imtsdk001/imtsdkwin64/winavr/bin/../lib/gcc/avr/4.3.3/avr5\libgcc.a(_udivmodhi4.o)
 .data          0x0080006f        0x0 d:/embededsystems/01imtsdk001/imtsdkwin64/winavr/bin/../lib/gcc/avr/4.3.3/avr5\libgcc.a(_exit.o)
 .data          0x0080006f        0x0 d:/embededsystems/01imtsdk001/imtsdkwin64/winavr/bin/../lib/gcc/avr/4.3.3/avr5\libgcc.a(_copy_data.o)
 .data          0x0080006f        0x0 d:/embededsystems/01imtsdk001/imtsdkwin64/winavr/bin/../lib/gcc/avr/4.3.3/avr5\libgcc.a(_clear_bss.o)
 .data          0x0080006f        0x0 d:/embededsystems/01imtsdk001/imtsdkwin64/winavr/bin/../lib/gcc/avr/4.3.3/../../../../avr/lib/avr5\libc.a(memcpy.o)
 .data          0x0080006f        0x0 d:/embededsystems/01imtsdk001/imtsdkwin64/winavr/bin/../lib/gcc/avr/4.3.3/../../../../avr/lib/avr5\libc.a(memset.o)
 *(.data*)
 .data.array_Switch
                0x0080006f       0x10 ./HAL/KEY_PAD/KEY_PAD.o
                0x0080006f                array_Switch
 .data.uxTopUsedPriority
                0x0080007f        0x1 ./tasks.o
                0x0080007f                uxTopUsedPriority
 *(.rodata)
 *(.rodata*)
 .rodata.ROWS   0x00800080        0x4 ./HAL/KEY_PAD/KEY_PAD.o
 .rodata.CLOMS  0x00800084        0x4 ./HAL/KEY_PAD/KEY_PAD.o
 *(.gnu.linkonce.d*)
                0x00800088                . = ALIGN (0x2)
                0x00800088                _edata = .
                0x00800088                PROVIDE (__data_end, .)

.bss            0x00800088      0x2d3
                0x00800088                PROVIDE (__bss_start, .)
 *(.bss)
 .bss           0x00800088        0x0 d:/embededsystems/01imtsdk001/imtsdkwin64/winavr/bin/../lib/gcc/avr/4.3.3/../../../../avr/lib/avr5/crtm32.o
 .bss           0x00800088        0x0 ./MCAL/SPI/SPI.o
 .bss           0x00800088        0x0 ./MCAL/01_DIO/DIO_program.o
 .bss           0x00800088        0x0 ./HAL/LCD/LCD.o
 .bss           0x00800088        0x0 ./HAL/KEY_PAD/KEY_PAD.o
 .bss           0x00800088        0x0 ./croutine.o
 .bss           0x00800088        0x0 ./heap_4.o
 .bss           0x00800088        0x0 ./list.o
 .bss           0x00800088        0x0 ./main.o
 .bss           0x00800088        0x0 ./port.o
 .bss           0x00800088        0x0 ./queue.o
 .bss           0x00800088        0x0 ./tasks.o
 .bss           0x00800088        0x0 ./timers.o
 .bss           0x00800088        0x0 d:/embededsystems/01imtsdk001/imtsdkwin64/winavr/bin/../lib/gcc/avr/4.3.3/avr5\libgcc.a(_udivmodhi4.o)
 .bss           0x00800088        0x0 d:/embededsystems/01imtsdk001/imtsdkwin64/winavr/bin/../lib/gcc/avr/4.3.3/avr5\libgcc.a(_exit.o)
 .bss           0x00800088        0x0 d:/embededsystems/01imtsdk001/imtsdkwin64/winavr/bin/../lib/gcc/avr/4.3.3/avr5\libgcc.a(_copy_data.o)
 .bss           0x00800088        0x0 d:/embededsystems/01imtsdk001/imtsdkwin64/winavr/bin/../lib/gcc/avr/4.3.3/avr5\libgcc.a(_clear_bss.o)
 .bss           0x00800088        0x0 d:/embededsystems/01imtsdk001/imtsdkwin64/winavr/bin/../lib/gcc/avr/4.3.3/../../../../avr/lib/avr5\libc.a(memcpy.o)
 .bss           0x00800088        0x0 d:/embededsystems/01imtsdk001/imtsdkwin64/winavr/bin/../lib/gcc/avr/4.3.3/../../../../avr/lib/avr5\libc.a(memset.o)
 *(.bss*)
 .bss.pxEnd     0x00800088        0x2 ./heap_4.o
 .bss.xFreeBytesRemaining
                0x0080008a        0x2 ./heap_4.o
 .bss.xNumberOfSuccessfulAllocations
                0x0080008c        0x2 ./heap_4.o
 .bss.xNumberOfSuccessfulFrees
                0x0080008e        0x2 ./heap_4.o
 .bss.xMinimumEverFreeBytesRemaining
                0x00800090        0x2 ./heap_4.o
 .bss.ucHeap    0x00800092      0x258 ./heap_4.o
 .bss.xStart    0x008002ea        0x4 ./heap_4.o
 .bss.Door_counter
                0x008002ee        0x1 ./main.o
                0x008002ee                Door_counter
 .bss.xHandleTaskOne
                0x008002ef        0x2 ./main.o
                0x008002ef                xHandleTaskOne
 .bss.pxCurrentTCB
                0x008002f1        0x2 ./tasks.o
                0x008002f1                pxCurrentTCB
 .bss.uxSchedulerSuspended
                0x008002f3        0x1 ./tasks.o
 .bss.uxTopReadyPriority
                0x008002f4        0x1 ./tasks.o
 .bss.xYieldPending
                0x008002f5        0x1 ./tasks.o
 .bss.xTickCount
                0x008002f6        0x2 ./tasks.o
 .bss.xNextTaskUnblockTime
                0x008002f8        0x2 ./tasks.o
 .bss.xNumOfOverflows
                0x008002fa        0x1 ./tasks.o
 .bss.xPendedTicks
                0x008002fb        0x2 ./tasks.o
 .bss.uxCurrentNumberOfTasks
                0x008002fd        0x1 ./tasks.o
 .bss.xSchedulerRunning
                0x008002fe        0x1 ./tasks.o
 .bss.xIdleTaskHandle
                0x008002ff        0x2 ./tasks.o
 .bss.uxDeletedTasksWaitingCleanUp
                0x00800301        0x1 ./tasks.o
 .bss.uxTaskNumber
                0x00800302        0x1 ./tasks.o
 .bss.pxReadyTasksLists
                0x00800303       0x2d ./tasks.o
 .bss.xDelayedTaskList1
                0x00800330        0x9 ./tasks.o
 .bss.xDelayedTaskList2
                0x00800339        0x9 ./tasks.o
 .bss.pxDelayedTaskList
                0x00800342        0x2 ./tasks.o
 .bss.pxOverflowDelayedTaskList
                0x00800344        0x2 ./tasks.o
 .bss.xPendingReadyList
                0x00800346        0x9 ./tasks.o
 .bss.xTasksWaitingTermination
                0x0080034f        0x9 ./tasks.o
 *(COMMON)
 COMMON         0x00800358        0x3 ./main.o
                0x00800358                xReturnedTaskOne
                0x00800359                xReturnedTaskTwo
                0x0080035a                xReturnedTaskThree
                0x0080035b                PROVIDE (__bss_end, .)
                0x00002c5c                __data_load_start = LOADADDR (.data)
                0x00002c84                __data_load_end = (__data_load_start + SIZEOF (.data))

.noinit         0x0080035b        0x0
                0x0080035b                PROVIDE (__noinit_start, .)
 *(.noinit*)
                0x0080035b                PROVIDE (__noinit_end, .)
                0x0080035b                _end = .
                0x0080035b                PROVIDE (__heap_start, .)

.eeprom         0x00810000        0x0
 *(.eeprom*)
                0x00810000                __eeprom_end = .

.fuse
 *(.fuse)
 *(.lfuse)
 *(.hfuse)
 *(.efuse)

.lock
 *(.lock*)

.signature
 *(.signature*)

.stab           0x00000000     0x66fc
 *(.stab)
 .stab          0x00000000      0x480 ./MCAL/SPI/SPI.o
 .stab          0x00000480      0x390 ./MCAL/01_DIO/DIO_program.o
                                0x39c (size before relaxing)
 .stab          0x00000810      0x630 ./HAL/LCD/LCD.o
                                0x7ec (size before relaxing)
 .stab          0x00000e40      0x2ac ./HAL/KEY_PAD/KEY_PAD.o
                                0x468 (size before relaxing)
 .stab          0x000010ec      0x48c ./croutine.o
                                0x648 (size before relaxing)
 .stab          0x00001578      0x9b4 ./heap_4.o
                                0xcf0 (size before relaxing)
 .stab          0x00001f2c      0x474 ./list.o
                                0x870 (size before relaxing)
 .stab          0x000023a0      0x5a0 ./main.o
                                0xa20 (size before relaxing)
 .stab          0x00002940      0x558 ./port.o
                                0xa14 (size before relaxing)
 .stab          0x00002e98     0x1668 ./queue.o
                               0x1b30 (size before relaxing)
 .stab          0x00004500     0x2058 ./tasks.o
                               0x2520 (size before relaxing)
 .stab          0x00006558      0x1a4 ./timers.o
                                0x6cc (size before relaxing)

.stabstr        0x00000000     0x4222
 *(.stabstr)
 .stabstr       0x00000000     0x4222 ./MCAL/SPI/SPI.o

.stab.excl
 *(.stab.excl)

.stab.exclstr
 *(.stab.exclstr)

.stab.index
 *(.stab.index)

.stab.indexstr
 *(.stab.indexstr)

.comment
 *(.comment)

.debug
 *(.debug)

.line
 *(.line)

.debug_srcinfo
 *(.debug_srcinfo)

.debug_sfnames
 *(.debug_sfnames)

.debug_aranges
 *(.debug_aranges)

.debug_pubnames
 *(.debug_pubnames)

.debug_info
 *(.debug_info)
 *(.gnu.linkonce.wi.*)

.debug_abbrev
 *(.debug_abbrev)

.debug_line
 *(.debug_line)

.debug_frame
 *(.debug_frame)

.debug_str
 *(.debug_str)

.debug_loc
 *(.debug_loc)

.debug_macinfo
 *(.debug_macinfo)
OUTPUT(ITI_Project.elf elf32-avr)
LOAD linker stubs
