Archive member included because of file (symbol)

c:/users/mk225/downloads/imt_sdk_win_64/winavr/bin/../lib/gcc/avr/4.3.3/avr5\libgcc.a(_udivmodhi4.o)
                              ./heap_4.o (__udivmodhi4)
c:/users/mk225/downloads/imt_sdk_win_64/winavr/bin/../lib/gcc/avr/4.3.3/avr5\libgcc.a(_udivmodsi4.o)
                              ./main.o (__udivmodsi4)
c:/users/mk225/downloads/imt_sdk_win_64/winavr/bin/../lib/gcc/avr/4.3.3/avr5\libgcc.a(_exit.o)
                              c:/users/mk225/downloads/imt_sdk_win_64/winavr/bin/../lib/gcc/avr/4.3.3/../../../../avr/lib/avr5/crtm32.o (exit)
c:/users/mk225/downloads/imt_sdk_win_64/winavr/bin/../lib/gcc/avr/4.3.3/avr5\libgcc.a(_copy_data.o)
                              ./HAL/KEY_PAD/KEY_PAD.o (__do_copy_data)
c:/users/mk225/downloads/imt_sdk_win_64/winavr/bin/../lib/gcc/avr/4.3.3/avr5\libgcc.a(_clear_bss.o)
                              ./heap_4.o (__do_clear_bss)
c:/users/mk225/downloads/imt_sdk_win_64/winavr/bin/../lib/gcc/avr/4.3.3/avr5\libgcc.a(_fixunssfsi.o)
                              ./main.o (__fixunssfsi)
c:/users/mk225/downloads/imt_sdk_win_64/winavr/bin/../lib/gcc/avr/4.3.3/avr5\libgcc.a(_addsub_sf.o)
                              c:/users/mk225/downloads/imt_sdk_win_64/winavr/bin/../lib/gcc/avr/4.3.3/avr5\libgcc.a(_fixunssfsi.o) (__subsf3)
c:/users/mk225/downloads/imt_sdk_win_64/winavr/bin/../lib/gcc/avr/4.3.3/avr5\libgcc.a(_mul_sf.o)
                              ./main.o (__mulsf3)
c:/users/mk225/downloads/imt_sdk_win_64/winavr/bin/../lib/gcc/avr/4.3.3/avr5\libgcc.a(_ge_sf.o)
                              c:/users/mk225/downloads/imt_sdk_win_64/winavr/bin/../lib/gcc/avr/4.3.3/avr5\libgcc.a(_fixunssfsi.o) (__gesf2)
c:/users/mk225/downloads/imt_sdk_win_64/winavr/bin/../lib/gcc/avr/4.3.3/avr5\libgcc.a(_si_to_sf.o)
                              ./main.o (__floatsisf)
c:/users/mk225/downloads/imt_sdk_win_64/winavr/bin/../lib/gcc/avr/4.3.3/avr5\libgcc.a(_sf_to_si.o)
                              c:/users/mk225/downloads/imt_sdk_win_64/winavr/bin/../lib/gcc/avr/4.3.3/avr5\libgcc.a(_fixunssfsi.o) (__fixsfsi)
c:/users/mk225/downloads/imt_sdk_win_64/winavr/bin/../lib/gcc/avr/4.3.3/avr5\libgcc.a(_thenan_sf.o)
                              c:/users/mk225/downloads/imt_sdk_win_64/winavr/bin/../lib/gcc/avr/4.3.3/avr5\libgcc.a(_addsub_sf.o) (__thenan_sf)
c:/users/mk225/downloads/imt_sdk_win_64/winavr/bin/../lib/gcc/avr/4.3.3/avr5\libgcc.a(_prologue.o)
                              c:/users/mk225/downloads/imt_sdk_win_64/winavr/bin/../lib/gcc/avr/4.3.3/avr5\libgcc.a(_addsub_sf.o) (__prologue_saves__)
c:/users/mk225/downloads/imt_sdk_win_64/winavr/bin/../lib/gcc/avr/4.3.3/avr5\libgcc.a(_epilogue.o)
                              c:/users/mk225/downloads/imt_sdk_win_64/winavr/bin/../lib/gcc/avr/4.3.3/avr5\libgcc.a(_addsub_sf.o) (__epilogue_restores__)
c:/users/mk225/downloads/imt_sdk_win_64/winavr/bin/../lib/gcc/avr/4.3.3/avr5\libgcc.a(_clzsi2.o)
                              c:/users/mk225/downloads/imt_sdk_win_64/winavr/bin/../lib/gcc/avr/4.3.3/avr5\libgcc.a(_si_to_sf.o) (__clzsi2)
c:/users/mk225/downloads/imt_sdk_win_64/winavr/bin/../lib/gcc/avr/4.3.3/avr5\libgcc.a(_pack_sf.o)
                              c:/users/mk225/downloads/imt_sdk_win_64/winavr/bin/../lib/gcc/avr/4.3.3/avr5\libgcc.a(_addsub_sf.o) (__pack_f)
c:/users/mk225/downloads/imt_sdk_win_64/winavr/bin/../lib/gcc/avr/4.3.3/avr5\libgcc.a(_unpack_sf.o)
                              c:/users/mk225/downloads/imt_sdk_win_64/winavr/bin/../lib/gcc/avr/4.3.3/avr5\libgcc.a(_addsub_sf.o) (__unpack_f)
c:/users/mk225/downloads/imt_sdk_win_64/winavr/bin/../lib/gcc/avr/4.3.3/avr5\libgcc.a(_fpcmp_parts_sf.o)
                              c:/users/mk225/downloads/imt_sdk_win_64/winavr/bin/../lib/gcc/avr/4.3.3/avr5\libgcc.a(_ge_sf.o) (__fpcmp_parts_f)
c:/users/mk225/downloads/imt_sdk_win_64/winavr/bin/../lib/gcc/avr/4.3.3/avr5\libgcc.a(_clz.o)
                              c:/users/mk225/downloads/imt_sdk_win_64/winavr/bin/../lib/gcc/avr/4.3.3/avr5\libgcc.a(_clzsi2.o) (__clz_tab)
c:/users/mk225/downloads/imt_sdk_win_64/winavr/bin/../lib/gcc/avr/4.3.3/../../../../avr/lib/avr5\libc.a(memcpy.o)
                              ./queue.o (memcpy)
c:/users/mk225/downloads/imt_sdk_win_64/winavr/bin/../lib/gcc/avr/4.3.3/../../../../avr/lib/avr5\libc.a(memset.o)
                              ./heap_4.o (memset)

Allocating common symbols
Common symbol       size              file

xLDRTask            0x1               ./main.o
xTempTask           0x1               ./main.o
xGasTask            0x1               ./main.o

Memory Configuration

Name             Origin             Length             Attributes
text             0x00000000         0x00020000         xr
data             0x00800060         0x0000ffa0         rw !x
eeprom           0x00810000         0x00010000         rw !x
fuse             0x00820000         0x00000400         rw !x
lock             0x00830000         0x00000400         rw !x
signature        0x00840000         0x00000400         rw !x
*default*        0x00000000         0xffffffff

Linker script and memory map

LOAD c:/users/mk225/downloads/imt_sdk_win_64/winavr/bin/../lib/gcc/avr/4.3.3/../../../../avr/lib/avr5/crtm32.o
LOAD ./MCAL/SPI/SPI.o
LOAD ./MCAL/ADC/ADC.o
LOAD ./MCAL/01_DIO/DIO_program.o
LOAD ./HAL/LCD/LCD.o
LOAD ./HAL/KEY_PAD/KEY_PAD.o
LOAD ./croutine.o
LOAD ./heap_4.o
LOAD ./list.o
LOAD ./main.o
LOAD ./port.o
LOAD ./queue.o
LOAD ./tasks.o
LOAD ./timers.o
LOAD c:/users/mk225/downloads/imt_sdk_win_64/winavr/bin/../lib/gcc/avr/4.3.3/avr5\libgcc.a
LOAD c:/users/mk225/downloads/imt_sdk_win_64/winavr/bin/../lib/gcc/avr/4.3.3/../../../../avr/lib/avr5\libc.a
LOAD c:/users/mk225/downloads/imt_sdk_win_64/winavr/bin/../lib/gcc/avr/4.3.3/avr5\libgcc.a

.hash
 *(.hash)

.dynsym
 *(.dynsym)

.dynstr
 *(.dynstr)

.gnu.version
 *(.gnu.version)

.gnu.version_d
 *(.gnu.version_d)

.gnu.version_r
 *(.gnu.version_r)

.rel.init
 *(.rel.init)

.rela.init
 *(.rela.init)

.rel.text
 *(.rel.text)
 *(.rel.text.*)
 *(.rel.gnu.linkonce.t*)

.rela.text
 *(.rela.text)
 *(.rela.text.*)
 *(.rela.gnu.linkonce.t*)

.rel.fini
 *(.rel.fini)

.rela.fini
 *(.rela.fini)

.rel.rodata
 *(.rel.rodata)
 *(.rel.rodata.*)
 *(.rel.gnu.linkonce.r*)

.rela.rodata
 *(.rela.rodata)
 *(.rela.rodata.*)
 *(.rela.gnu.linkonce.r*)

.rel.data
 *(.rel.data)
 *(.rel.data.*)
 *(.rel.gnu.linkonce.d*)

.rela.data
 *(.rela.data)
 *(.rela.data.*)
 *(.rela.gnu.linkonce.d*)

.rel.ctors
 *(.rel.ctors)

.rela.ctors
 *(.rela.ctors)

.rel.dtors
 *(.rel.dtors)

.rela.dtors
 *(.rela.dtors)

.rel.got
 *(.rel.got)

.rela.got
 *(.rela.got)

.rel.bss
 *(.rel.bss)

.rela.bss
 *(.rela.bss)

.rel.plt
 *(.rel.plt)

.rela.plt
 *(.rela.plt)

.text           0x00000000     0x3912
 *(.vectors)
 .vectors       0x00000000       0x54 c:/users/mk225/downloads/imt_sdk_win_64/winavr/bin/../lib/gcc/avr/4.3.3/../../../../avr/lib/avr5/crtm32.o
                0x00000000                __vectors
                0x00000000                __vector_default
 *(.vectors)
 *(.progmem.gcc*)
 *(.progmem*)
                0x00000054                . = ALIGN (0x2)
                0x00000054                __trampolines_start = .
 *(.trampolines)
 .trampolines   0x00000054        0x0 linker stubs
 *(.trampolines*)
                0x00000054                __trampolines_end = .
 *(.jumptables)
 *(.jumptables*)
 *(.lowtext)
 *(.lowtext*)
                0x00000054                __ctors_start = .
 *(.ctors)
                0x00000054                __ctors_end = .
                0x00000054                __dtors_start = .
 *(.dtors)
                0x00000054                __dtors_end = .
 SORT(*)(.ctors)
 SORT(*)(.dtors)
 *(.init0)
 .init0         0x00000054        0x0 c:/users/mk225/downloads/imt_sdk_win_64/winavr/bin/../lib/gcc/avr/4.3.3/../../../../avr/lib/avr5/crtm32.o
                0x00000054                __init
 *(.init0)
 *(.init1)
 *(.init1)
 *(.init2)
 .init2         0x00000054        0xc c:/users/mk225/downloads/imt_sdk_win_64/winavr/bin/../lib/gcc/avr/4.3.3/../../../../avr/lib/avr5/crtm32.o
 *(.init2)
 *(.init3)
 *(.init3)
 *(.init4)
 .init4         0x00000060       0x16 c:/users/mk225/downloads/imt_sdk_win_64/winavr/bin/../lib/gcc/avr/4.3.3/avr5\libgcc.a(_copy_data.o)
                0x00000060                __do_copy_data
 .init4         0x00000076       0x10 c:/users/mk225/downloads/imt_sdk_win_64/winavr/bin/../lib/gcc/avr/4.3.3/avr5\libgcc.a(_clear_bss.o)
                0x00000076                __do_clear_bss
 *(.init4)
 *(.init5)
 *(.init5)
 *(.init6)
 *(.init6)
 *(.init7)
 *(.init7)
 *(.init8)
 *(.init8)
 *(.init9)
 .init9         0x00000086        0x8 c:/users/mk225/downloads/imt_sdk_win_64/winavr/bin/../lib/gcc/avr/4.3.3/../../../../avr/lib/avr5/crtm32.o
 *(.init9)
 *(.text)
 .text          0x0000008e        0x4 c:/users/mk225/downloads/imt_sdk_win_64/winavr/bin/../lib/gcc/avr/4.3.3/../../../../avr/lib/avr5/crtm32.o
                0x0000008e                __vector_1
                0x0000008e                __vector_12
                0x0000008e                __bad_interrupt
                0x0000008e                __vector_6
                0x0000008e                __vector_3
                0x0000008e                __vector_11
                0x0000008e                __vector_13
                0x0000008e                __vector_17
                0x0000008e                __vector_19
                0x0000008e                __vector_5
                0x0000008e                __vector_4
                0x0000008e                __vector_9
                0x0000008e                __vector_2
                0x0000008e                __vector_15
                0x0000008e                __vector_8
                0x0000008e                __vector_14
                0x0000008e                __vector_10
                0x0000008e                __vector_16
                0x0000008e                __vector_18
                0x0000008e                __vector_20
 .text          0x00000092        0x0 ./MCAL/SPI/SPI.o
 .text          0x00000092        0x0 ./MCAL/ADC/ADC.o
 .text          0x00000092        0x0 ./MCAL/01_DIO/DIO_program.o
 .text          0x00000092        0x0 ./HAL/LCD/LCD.o
 .text          0x00000092        0x0 ./HAL/KEY_PAD/KEY_PAD.o
 .text          0x00000092        0x0 ./croutine.o
 .text          0x00000092        0x0 ./heap_4.o
 .text          0x00000092        0x0 ./list.o
 .text          0x00000092        0x0 ./main.o
 .text          0x00000092        0x0 ./port.o
 .text          0x00000092        0x0 ./queue.o
 .text          0x00000092        0x0 ./tasks.o
 .text          0x00000092        0x0 ./timers.o
 .text          0x00000092        0x0 c:/users/mk225/downloads/imt_sdk_win_64/winavr/bin/../lib/gcc/avr/4.3.3/avr5\libgcc.a(_udivmodhi4.o)
 .text          0x00000092        0x0 c:/users/mk225/downloads/imt_sdk_win_64/winavr/bin/../lib/gcc/avr/4.3.3/avr5\libgcc.a(_udivmodsi4.o)
 .text          0x00000092        0x0 c:/users/mk225/downloads/imt_sdk_win_64/winavr/bin/../lib/gcc/avr/4.3.3/avr5\libgcc.a(_exit.o)
 .text          0x00000092        0x0 c:/users/mk225/downloads/imt_sdk_win_64/winavr/bin/../lib/gcc/avr/4.3.3/avr5\libgcc.a(_copy_data.o)
 .text          0x00000092        0x0 c:/users/mk225/downloads/imt_sdk_win_64/winavr/bin/../lib/gcc/avr/4.3.3/avr5\libgcc.a(_clear_bss.o)
 .text          0x00000092       0x58 c:/users/mk225/downloads/imt_sdk_win_64/winavr/bin/../lib/gcc/avr/4.3.3/avr5\libgcc.a(_fixunssfsi.o)
                0x00000092                __fixunssfsi
 .text          0x000000ea      0x354 c:/users/mk225/downloads/imt_sdk_win_64/winavr/bin/../lib/gcc/avr/4.3.3/avr5\libgcc.a(_addsub_sf.o)
                0x00000382                __subsf3
                0x000003e4                __addsf3
 .text          0x0000043e      0x1f4 c:/users/mk225/downloads/imt_sdk_win_64/winavr/bin/../lib/gcc/avr/4.3.3/avr5\libgcc.a(_mul_sf.o)
                0x0000043e                __mulsf3
 .text          0x00000632       0x60 c:/users/mk225/downloads/imt_sdk_win_64/winavr/bin/../lib/gcc/avr/4.3.3/avr5\libgcc.a(_ge_sf.o)
                0x00000632                __gesf2
 .text          0x00000692       0xbc c:/users/mk225/downloads/imt_sdk_win_64/winavr/bin/../lib/gcc/avr/4.3.3/avr5\libgcc.a(_si_to_sf.o)
                0x00000692                __floatsisf
 .text          0x0000074e       0xa8 c:/users/mk225/downloads/imt_sdk_win_64/winavr/bin/../lib/gcc/avr/4.3.3/avr5\libgcc.a(_sf_to_si.o)
                0x0000074e                __fixsfsi
 .text          0x000007f6        0x0 c:/users/mk225/downloads/imt_sdk_win_64/winavr/bin/../lib/gcc/avr/4.3.3/avr5\libgcc.a(_thenan_sf.o)
 .text          0x000007f6        0x0 c:/users/mk225/downloads/imt_sdk_win_64/winavr/bin/../lib/gcc/avr/4.3.3/avr5\libgcc.a(_prologue.o)
 .text          0x000007f6        0x0 c:/users/mk225/downloads/imt_sdk_win_64/winavr/bin/../lib/gcc/avr/4.3.3/avr5\libgcc.a(_epilogue.o)
 .text          0x000007f6       0x9e c:/users/mk225/downloads/imt_sdk_win_64/winavr/bin/../lib/gcc/avr/4.3.3/avr5\libgcc.a(_clzsi2.o)
                0x000007f6                __clzsi2
 .text          0x00000894      0x1aa c:/users/mk225/downloads/imt_sdk_win_64/winavr/bin/../lib/gcc/avr/4.3.3/avr5\libgcc.a(_pack_sf.o)
                0x00000894                __pack_f
 .text          0x00000a3e       0xf0 c:/users/mk225/downloads/imt_sdk_win_64/winavr/bin/../lib/gcc/avr/4.3.3/avr5\libgcc.a(_unpack_sf.o)
                0x00000a3e                __unpack_f
 .text          0x00000b2e       0xb2 c:/users/mk225/downloads/imt_sdk_win_64/winavr/bin/../lib/gcc/avr/4.3.3/avr5\libgcc.a(_fpcmp_parts_sf.o)
                0x00000b2e                __fpcmp_parts_f
 .text          0x00000be0        0x0 c:/users/mk225/downloads/imt_sdk_win_64/winavr/bin/../lib/gcc/avr/4.3.3/avr5\libgcc.a(_clz.o)
 .text          0x00000be0        0x0 c:/users/mk225/downloads/imt_sdk_win_64/winavr/bin/../lib/gcc/avr/4.3.3/../../../../avr/lib/avr5\libc.a(memcpy.o)
 .text          0x00000be0        0x0 c:/users/mk225/downloads/imt_sdk_win_64/winavr/bin/../lib/gcc/avr/4.3.3/../../../../avr/lib/avr5\libc.a(memset.o)
                0x00000be0                . = ALIGN (0x2)
 *(.text.*)
 .text.SPI_voidInit
                0x00000be0       0x28 ./MCAL/SPI/SPI.o
                0x00000be0                SPI_voidInit
 .text.SPI_u8transcieve
                0x00000c08        0xa ./MCAL/SPI/SPI.o
                0x00000c08                SPI_u8transcieve
 .text.ADC_init
                0x00000c12        0x6 ./MCAL/ADC/ADC.o
                0x00000c12                ADC_init
 .text.ADC_read
                0x00000c18       0x22 ./MCAL/ADC/ADC.o
                0x00000c18                ADC_read
 .text.DIO_SetPinDir
                0x00000c3a       0xe6 ./MCAL/01_DIO/DIO_program.o
                0x00000c3a                DIO_SetPinDir
 .text.DIO_SetPinValue
                0x00000d20       0xe6 ./MCAL/01_DIO/DIO_program.o
                0x00000d20                DIO_SetPinValue
 .text.DIO_GetPinValue
                0x00000e06       0x40 ./MCAL/01_DIO/DIO_program.o
                0x00000e06                DIO_GetPinValue
 .text.void_LCDWriteData
                0x00000e46       0x1c ./HAL/LCD/LCD.o
                0x00000e46                void_LCDWriteData
 .text.void_LCDWriteCmd
                0x00000e62       0x1c ./HAL/LCD/LCD.o
                0x00000e62                void_LCDWriteCmd
 .text.void_LCDini
                0x00000e7e       0x4c ./HAL/LCD/LCD.o
                0x00000e7e                void_LCDini
 .text.void_LCDSetCursorLocation
                0x00000eca       0x26 ./HAL/LCD/LCD.o
                0x00000eca                void_LCDSetCursorLocation
 .text.void_LCDWriteString
                0x00000ef0       0x3c ./HAL/LCD/LCD.o
                0x00000ef0                void_LCDWriteString
 .text.void_LCDSaveCustomChar
                0x00000f2c       0x5e ./HAL/LCD/LCD.o
                0x00000f2c                void_LCDSaveCustomChar
 .text.KeyPad_u8ReadInput
                0x00000f8a       0xa0 ./HAL/KEY_PAD/KEY_PAD.o
                0x00000f8a                KeyPad_u8ReadInput
 .text.KeyPad_voidinit
                0x0000102a       0x4e ./HAL/KEY_PAD/KEY_PAD.o
                0x0000102a                KeyPad_voidinit
 .text.xPortGetFreeHeapSize
                0x00001078        0xa ./heap_4.o
                0x00001078                xPortGetFreeHeapSize
 .text.xPortGetMinimumEverFreeHeapSize
                0x00001082        0xa ./heap_4.o
                0x00001082                xPortGetMinimumEverFreeHeapSize
 .text.vPortInitialiseBlocks
                0x0000108c        0x2 ./heap_4.o
                0x0000108c                vPortInitialiseBlocks
 .text.prvInsertBlockIntoFreeList
                0x0000108e       0x86 ./heap_4.o
 .text.vPortGetHeapStats
                0x00001114       0xc8 ./heap_4.o
                0x00001114                vPortGetHeapStats
 .text.vPortFree
                0x000011dc       0x60 ./heap_4.o
                0x000011dc                vPortFree
 .text.pvPortMalloc
                0x0000123c      0x170 ./heap_4.o
                0x0000123c                pvPortMalloc
 .text.pvPortCalloc
                0x000013ac       0x5a ./heap_4.o
                0x000013ac                pvPortCalloc
 .text.vListInitialise
                0x00001406       0x20 ./list.o
                0x00001406                vListInitialise
 .text.vListInitialiseItem
                0x00001426        0x8 ./list.o
                0x00001426                vListInitialiseItem
 .text.vListInsertEnd
                0x0000142e       0x3e ./list.o
                0x0000142e                vListInsertEnd
 .text.vListInsert
                0x0000146c       0x64 ./list.o
                0x0000146c                vListInsert
 .text.uxListRemove
                0x000014d0       0x56 ./list.o
                0x000014d0                uxListRemove
 .text.vGasTaskCode
                0x00001526       0x18 ./main.o
                0x00001526                vGasTaskCode
 .text.vLDRTaskCode
                0x0000153e       0x76 ./main.o
                0x0000153e                vLDRTaskCode
 .text.vTempTaskCode
                0x000015b4       0x70 ./main.o
                0x000015b4                vTempTaskCode
 .text.main     0x00001624       0x74 ./main.o
                0x00001624                main
 .text.pxPortInitialiseStack
                0x00001698       0x90 ./port.o
                0x00001698                pxPortInitialiseStack
 .text.xPortStartScheduler
                0x00001728       0x6a ./port.o
                0x00001728                xPortStartScheduler
 .text.vPortEndScheduler
                0x00001792        0x2 ./port.o
                0x00001792                vPortEndScheduler
 .text.vPortYieldFromTick
                0x00001794       0xba ./port.o
                0x00001794                vPortYieldFromTick
 .text.__vector_7
                0x0000184e        0x6 ./port.o
                0x0000184e                __vector_7
 .text.vPortYield
                0x00001854       0xb2 ./port.o
                0x00001854                vPortYield
 .text.uxQueueMessagesWaiting
                0x00001906       0x10 ./queue.o
                0x00001906                uxQueueMessagesWaiting
 .text.uxQueueSpacesAvailable
                0x00001916       0x14 ./queue.o
                0x00001916                uxQueueSpacesAvailable
 .text.uxQueueMessagesWaitingFromISR
                0x0000192a        0x6 ./queue.o
                0x0000192a                uxQueueMessagesWaitingFromISR
 .text.xQueueIsQueueEmptyFromISR
                0x00001930       0x10 ./queue.o
                0x00001930                xQueueIsQueueEmptyFromISR
 .text.xQueueIsQueueFullFromISR
                0x00001940       0x12 ./queue.o
                0x00001940                xQueueIsQueueFullFromISR
 .text.vQueueDelete
                0x00001952        0x6 ./queue.o
                0x00001952                vQueueDelete
 .text.prvCopyDataFromQueue
                0x00001958       0x3c ./queue.o
 .text.xQueuePeekFromISR
                0x00001994       0x2a ./queue.o
                0x00001994                xQueuePeekFromISR
 .text.prvCopyDataToQueue
                0x000019be       0x94 ./queue.o
 .text.xQueueReceiveFromISR
                0x00001a52       0x64 ./queue.o
                0x00001a52                xQueueReceiveFromISR
 .text.xQueueGiveFromISR
                0x00001ab6       0x5e ./queue.o
                0x00001ab6                xQueueGiveFromISR
 .text.xQueueGenericSendFromISR
                0x00001b14       0x68 ./queue.o
                0x00001b14                xQueueGenericSendFromISR
 .text.prvUnlockQueue
                0x00001b7c       0x84 ./queue.o
 .text.xQueuePeek
                0x00001c00      0x152 ./queue.o
                0x00001c00                xQueuePeek
 .text.xQueueSemaphoreTake
                0x00001d52      0x13e ./queue.o
                0x00001d52                xQueueSemaphoreTake
 .text.xQueueReceive
                0x00001e90      0x156 ./queue.o
                0x00001e90                xQueueReceive
 .text.xQueueGenericSend
                0x00001fe6      0x156 ./queue.o
                0x00001fe6                xQueueGenericSend
 .text.xQueueGenericReset
                0x0000213c       0xb4 ./queue.o
                0x0000213c                xQueueGenericReset
 .text.xQueueGenericCreate
                0x000021f0       0x70 ./queue.o
                0x000021f0                xQueueGenericCreate
 .text.vTaskSuspendAll
                0x00002260        0xc ./tasks.o
                0x00002260                vTaskSuspendAll
 .text.xTaskGetTickCount
                0x0000226c       0x16 ./tasks.o
                0x0000226c                xTaskGetTickCount
 .text.xTaskGetTickCountFromISR
                0x00002282        0xc ./tasks.o
                0x00002282                xTaskGetTickCountFromISR
 .text.uxTaskGetNumberOfTasks
                0x0000228e        0x6 ./tasks.o
                0x0000228e                uxTaskGetNumberOfTasks
 .text.pcTaskGetName
                0x00002294       0x16 ./tasks.o
                0x00002294                pcTaskGetName
 .text.xTaskIncrementTick
                0x000022aa      0x230 ./tasks.o
                0x000022aa                xTaskIncrementTick
 .text.vTaskSwitchContext
                0x000024da       0x74 ./tasks.o
                0x000024da                vTaskSwitchContext
 .text.xTaskRemoveFromEventList
                0x0000254e      0x166 ./tasks.o
                0x0000254e                xTaskRemoveFromEventList
 .text.vTaskRemoveFromUnorderedEventList
                0x000026b4      0x134 ./tasks.o
                0x000026b4                vTaskRemoveFromUnorderedEventList
 .text.vTaskSetTimeOutState
                0x000027e8       0x20 ./tasks.o
                0x000027e8                vTaskSetTimeOutState
 .text.vTaskInternalSetTimeOutState
                0x00002808       0x16 ./tasks.o
                0x00002808                vTaskInternalSetTimeOutState
 .text.xTaskCheckForTimeOut
                0x0000281e       0x6a ./tasks.o
                0x0000281e                xTaskCheckForTimeOut
 .text.vTaskMissedYield
                0x00002888        0x8 ./tasks.o
                0x00002888                vTaskMissedYield
 .text.xTaskGetCurrentTaskHandle
                0x00002890        0xc ./tasks.o
                0x00002890                xTaskGetCurrentTaskHandle
 .text.uxTaskResetEventItemValue
                0x0000289c       0x30 ./tasks.o
                0x0000289c                uxTaskResetEventItemValue
 .text.xTaskGenericNotifyFromISR
                0x000028cc      0x1f8 ./tasks.o
                0x000028cc                xTaskGenericNotifyFromISR
 .text.vTaskGenericNotifyGiveFromISR
                0x00002ac4      0x164 ./tasks.o
                0x00002ac4                vTaskGenericNotifyGiveFromISR
 .text.xTaskGenericNotifyStateClear
                0x00002c28       0x2c ./tasks.o
                0x00002c28                xTaskGenericNotifyStateClear
 .text.ulTaskGenericNotifyValueClear
                0x00002c54       0x68 ./tasks.o
                0x00002c54                ulTaskGenericNotifyValueClear
 .text.xTaskGenericNotify
                0x00002cbc      0x19c ./tasks.o
                0x00002cbc                xTaskGenericNotify
 .text.xTaskResumeAll
                0x00002e58      0x1bc ./tasks.o
                0x00002e58                xTaskResumeAll
 .text.xTaskCatchUpTicks
                0x00003014       0x2e ./tasks.o
                0x00003014                xTaskCatchUpTicks
 .text.prvAddCurrentTaskToDelayedList
                0x00003042       0x88 ./tasks.o
 .text.xTaskGenericNotifyWait
                0x000030ca      0x140 ./tasks.o
                0x000030ca                xTaskGenericNotifyWait
 .text.ulTaskGenericNotifyTake
                0x0000320a       0xe8 ./tasks.o
                0x0000320a                ulTaskGenericNotifyTake
 .text.vTaskPlaceOnUnorderedEventList
                0x000032f2       0x88 ./tasks.o
                0x000032f2                vTaskPlaceOnUnorderedEventList
 .text.vTaskDelay
                0x0000337a       0x26 ./tasks.o
                0x0000337a                vTaskDelay
 .text.xTaskDelayUntil
                0x000033a0       0x66 ./tasks.o
                0x000033a0                xTaskDelayUntil
 .text.vTaskPlaceOnEventList
                0x00003406       0x24 ./tasks.o
                0x00003406                vTaskPlaceOnEventList
 .text.vTaskEndScheduler
                0x0000342a        0xc ./tasks.o
                0x0000342a                vTaskEndScheduler
 .text.prvIdleTask
                0x00003436       0x52 ./tasks.o
 .text.vTaskDelete
                0x00003488       0xe4 ./tasks.o
                0x00003488                vTaskDelete
 .text.xTaskCreate
                0x0000356c      0x254 ./tasks.o
                0x0000356c                xTaskCreate
 .text.vTaskStartScheduler
                0x000037c0       0x54 ./tasks.o
                0x000037c0                vTaskStartScheduler
 .text.libgcc   0x00003814       0x28 c:/users/mk225/downloads/imt_sdk_win_64/winavr/bin/../lib/gcc/avr/4.3.3/avr5\libgcc.a(_udivmodhi4.o)
                0x00003814                __udivmodhi4
 .text.libgcc   0x0000383c       0x44 c:/users/mk225/downloads/imt_sdk_win_64/winavr/bin/../lib/gcc/avr/4.3.3/avr5\libgcc.a(_udivmodsi4.o)
                0x0000383c                __udivmodsi4
 .text.libgcc   0x00003880        0x0 c:/users/mk225/downloads/imt_sdk_win_64/winavr/bin/../lib/gcc/avr/4.3.3/avr5\libgcc.a(_exit.o)
 .text.libgcc   0x00003880        0x0 c:/users/mk225/downloads/imt_sdk_win_64/winavr/bin/../lib/gcc/avr/4.3.3/avr5\libgcc.a(_copy_data.o)
 .text.libgcc   0x00003880        0x0 c:/users/mk225/downloads/imt_sdk_win_64/winavr/bin/../lib/gcc/avr/4.3.3/avr5\libgcc.a(_clear_bss.o)
 .text.libgcc   0x00003880       0x38 c:/users/mk225/downloads/imt_sdk_win_64/winavr/bin/../lib/gcc/avr/4.3.3/avr5\libgcc.a(_prologue.o)
                0x00003880                __prologue_saves__
 .text.libgcc   0x000038b8       0x36 c:/users/mk225/downloads/imt_sdk_win_64/winavr/bin/../lib/gcc/avr/4.3.3/avr5\libgcc.a(_epilogue.o)
                0x000038b8                __epilogue_restores__
 .text.avr-libc
                0x000038ee       0x12 c:/users/mk225/downloads/imt_sdk_win_64/winavr/bin/../lib/gcc/avr/4.3.3/../../../../avr/lib/avr5\libc.a(memcpy.o)
                0x000038ee                memcpy
 .text.avr-libc
                0x00003900        0xe c:/users/mk225/downloads/imt_sdk_win_64/winavr/bin/../lib/gcc/avr/4.3.3/../../../../avr/lib/avr5\libc.a(memset.o)
                0x00003900                memset
                0x0000390e                . = ALIGN (0x2)
 *(.fini9)
 .fini9         0x0000390e        0x0 c:/users/mk225/downloads/imt_sdk_win_64/winavr/bin/../lib/gcc/avr/4.3.3/avr5\libgcc.a(_exit.o)
                0x0000390e                exit
                0x0000390e                _exit
 *(.fini9)
 *(.fini8)
 *(.fini8)
 *(.fini7)
 *(.fini7)
 *(.fini6)
 *(.fini6)
 *(.fini5)
 *(.fini5)
 *(.fini4)
 *(.fini4)
 *(.fini3)
 *(.fini3)
 *(.fini2)
 *(.fini2)
 *(.fini1)
 *(.fini1)
 *(.fini0)
 .fini0         0x0000390e        0x4 c:/users/mk225/downloads/imt_sdk_win_64/winavr/bin/../lib/gcc/avr/4.3.3/avr5\libgcc.a(_exit.o)
 *(.fini0)
                0x00003912                _etext = .

.data           0x00800060      0x13c load address 0x00003912
                0x00800060                PROVIDE (__data_start, .)
 *(.data)
 .data          0x00800060        0x0 c:/users/mk225/downloads/imt_sdk_win_64/winavr/bin/../lib/gcc/avr/4.3.3/../../../../avr/lib/avr5/crtm32.o
 .data          0x00800060        0x0 ./MCAL/SPI/SPI.o
 .data          0x00800060        0x0 ./MCAL/ADC/ADC.o
 .data          0x00800060        0x0 ./MCAL/01_DIO/DIO_program.o
 .data          0x00800060        0x0 ./HAL/LCD/LCD.o
 .data          0x00800060        0x0 ./HAL/KEY_PAD/KEY_PAD.o
 .data          0x00800060        0x0 ./croutine.o
 .data          0x00800060        0x0 ./heap_4.o
 .data          0x00800060        0x0 ./list.o
 .data          0x00800060       0x10 ./main.o
 .data          0x00800070        0x0 ./port.o
 .data          0x00800070        0x0 ./queue.o
 .data          0x00800070        0x5 ./tasks.o
 .data          0x00800075        0x0 ./timers.o
 .data          0x00800075        0x0 c:/users/mk225/downloads/imt_sdk_win_64/winavr/bin/../lib/gcc/avr/4.3.3/avr5\libgcc.a(_udivmodhi4.o)
 .data          0x00800075        0x0 c:/users/mk225/downloads/imt_sdk_win_64/winavr/bin/../lib/gcc/avr/4.3.3/avr5\libgcc.a(_udivmodsi4.o)
 .data          0x00800075        0x0 c:/users/mk225/downloads/imt_sdk_win_64/winavr/bin/../lib/gcc/avr/4.3.3/avr5\libgcc.a(_exit.o)
 .data          0x00800075        0x0 c:/users/mk225/downloads/imt_sdk_win_64/winavr/bin/../lib/gcc/avr/4.3.3/avr5\libgcc.a(_copy_data.o)
 .data          0x00800075        0x0 c:/users/mk225/downloads/imt_sdk_win_64/winavr/bin/../lib/gcc/avr/4.3.3/avr5\libgcc.a(_clear_bss.o)
 .data          0x00800075        0x0 c:/users/mk225/downloads/imt_sdk_win_64/winavr/bin/../lib/gcc/avr/4.3.3/avr5\libgcc.a(_fixunssfsi.o)
 .data          0x00800075        0x0 c:/users/mk225/downloads/imt_sdk_win_64/winavr/bin/../lib/gcc/avr/4.3.3/avr5\libgcc.a(_addsub_sf.o)
 .data          0x00800075        0x0 c:/users/mk225/downloads/imt_sdk_win_64/winavr/bin/../lib/gcc/avr/4.3.3/avr5\libgcc.a(_mul_sf.o)
 .data          0x00800075        0x0 c:/users/mk225/downloads/imt_sdk_win_64/winavr/bin/../lib/gcc/avr/4.3.3/avr5\libgcc.a(_ge_sf.o)
 .data          0x00800075        0x0 c:/users/mk225/downloads/imt_sdk_win_64/winavr/bin/../lib/gcc/avr/4.3.3/avr5\libgcc.a(_si_to_sf.o)
 .data          0x00800075        0x0 c:/users/mk225/downloads/imt_sdk_win_64/winavr/bin/../lib/gcc/avr/4.3.3/avr5\libgcc.a(_sf_to_si.o)
 .data          0x00800075        0x8 c:/users/mk225/downloads/imt_sdk_win_64/winavr/bin/../lib/gcc/avr/4.3.3/avr5\libgcc.a(_thenan_sf.o)
                0x00800075                __thenan_sf
 .data          0x0080007d        0x0 c:/users/mk225/downloads/imt_sdk_win_64/winavr/bin/../lib/gcc/avr/4.3.3/avr5\libgcc.a(_prologue.o)
 .data          0x0080007d        0x0 c:/users/mk225/downloads/imt_sdk_win_64/winavr/bin/../lib/gcc/avr/4.3.3/avr5\libgcc.a(_epilogue.o)
 .data          0x0080007d        0x0 c:/users/mk225/downloads/imt_sdk_win_64/winavr/bin/../lib/gcc/avr/4.3.3/avr5\libgcc.a(_clzsi2.o)
 .data          0x0080007d        0x0 c:/users/mk225/downloads/imt_sdk_win_64/winavr/bin/../lib/gcc/avr/4.3.3/avr5\libgcc.a(_pack_sf.o)
 .data          0x0080007d        0x0 c:/users/mk225/downloads/imt_sdk_win_64/winavr/bin/../lib/gcc/avr/4.3.3/avr5\libgcc.a(_unpack_sf.o)
 .data          0x0080007d        0x0 c:/users/mk225/downloads/imt_sdk_win_64/winavr/bin/../lib/gcc/avr/4.3.3/avr5\libgcc.a(_fpcmp_parts_sf.o)
 .data          0x0080007d      0x100 c:/users/mk225/downloads/imt_sdk_win_64/winavr/bin/../lib/gcc/avr/4.3.3/avr5\libgcc.a(_clz.o)
                0x0080007d                __clz_tab
 .data          0x0080017d        0x0 c:/users/mk225/downloads/imt_sdk_win_64/winavr/bin/../lib/gcc/avr/4.3.3/../../../../avr/lib/avr5\libc.a(memcpy.o)
 .data          0x0080017d        0x0 c:/users/mk225/downloads/imt_sdk_win_64/winavr/bin/../lib/gcc/avr/4.3.3/../../../../avr/lib/avr5\libc.a(memset.o)
 *(.data*)
 .data.array_Switch
                0x0080017d       0x10 ./HAL/KEY_PAD/KEY_PAD.o
                0x0080017d                array_Switch
 .data.vref     0x0080018d        0x1 ./main.o
                0x0080018d                vref
 .data.uxTopUsedPriority
                0x0080018e        0x1 ./tasks.o
                0x0080018e                uxTopUsedPriority
 *(.rodata)
 *(.rodata*)
 .rodata.ROWS   0x0080018f        0x4 ./HAL/KEY_PAD/KEY_PAD.o
 .rodata.CLOMS  0x00800193        0x4 ./HAL/KEY_PAD/KEY_PAD.o
 .rodata.step_size
                0x00800197        0x4 ./main.o
                0x00800197                step_size
 *(.gnu.linkonce.d*)
                0x0080019c                . = ALIGN (0x2)
 *fill*         0x0080019b        0x1 00
                0x0080019c                _edata = .
                0x0080019c                PROVIDE (__data_end, .)

.bss            0x0080019c      0x2e6
                0x0080019c                PROVIDE (__bss_start, .)
 *(.bss)
 .bss           0x0080019c        0x0 c:/users/mk225/downloads/imt_sdk_win_64/winavr/bin/../lib/gcc/avr/4.3.3/../../../../avr/lib/avr5/crtm32.o
 .bss           0x0080019c        0x0 ./MCAL/SPI/SPI.o
 .bss           0x0080019c        0x0 ./MCAL/ADC/ADC.o
 .bss           0x0080019c        0x0 ./MCAL/01_DIO/DIO_program.o
 .bss           0x0080019c        0x0 ./HAL/LCD/LCD.o
 .bss           0x0080019c        0x0 ./HAL/KEY_PAD/KEY_PAD.o
 .bss           0x0080019c        0x0 ./croutine.o
 .bss           0x0080019c        0x0 ./heap_4.o
 .bss           0x0080019c        0x0 ./list.o
 .bss           0x0080019c        0x0 ./main.o
 .bss           0x0080019c        0x0 ./port.o
 .bss           0x0080019c        0x0 ./queue.o
 .bss           0x0080019c        0x0 ./tasks.o
 .bss           0x0080019c        0x0 ./timers.o
 .bss           0x0080019c        0x0 c:/users/mk225/downloads/imt_sdk_win_64/winavr/bin/../lib/gcc/avr/4.3.3/avr5\libgcc.a(_udivmodhi4.o)
 .bss           0x0080019c        0x0 c:/users/mk225/downloads/imt_sdk_win_64/winavr/bin/../lib/gcc/avr/4.3.3/avr5\libgcc.a(_udivmodsi4.o)
 .bss           0x0080019c        0x0 c:/users/mk225/downloads/imt_sdk_win_64/winavr/bin/../lib/gcc/avr/4.3.3/avr5\libgcc.a(_exit.o)
 .bss           0x0080019c        0x0 c:/users/mk225/downloads/imt_sdk_win_64/winavr/bin/../lib/gcc/avr/4.3.3/avr5\libgcc.a(_copy_data.o)
 .bss           0x0080019c        0x0 c:/users/mk225/downloads/imt_sdk_win_64/winavr/bin/../lib/gcc/avr/4.3.3/avr5\libgcc.a(_clear_bss.o)
 .bss           0x0080019c        0x0 c:/users/mk225/downloads/imt_sdk_win_64/winavr/bin/../lib/gcc/avr/4.3.3/avr5\libgcc.a(_fixunssfsi.o)
 .bss           0x0080019c        0x0 c:/users/mk225/downloads/imt_sdk_win_64/winavr/bin/../lib/gcc/avr/4.3.3/avr5\libgcc.a(_addsub_sf.o)
 .bss           0x0080019c        0x0 c:/users/mk225/downloads/imt_sdk_win_64/winavr/bin/../lib/gcc/avr/4.3.3/avr5\libgcc.a(_mul_sf.o)
 .bss           0x0080019c        0x0 c:/users/mk225/downloads/imt_sdk_win_64/winavr/bin/../lib/gcc/avr/4.3.3/avr5\libgcc.a(_ge_sf.o)
 .bss           0x0080019c        0x0 c:/users/mk225/downloads/imt_sdk_win_64/winavr/bin/../lib/gcc/avr/4.3.3/avr5\libgcc.a(_si_to_sf.o)
 .bss           0x0080019c        0x0 c:/users/mk225/downloads/imt_sdk_win_64/winavr/bin/../lib/gcc/avr/4.3.3/avr5\libgcc.a(_sf_to_si.o)
 .bss           0x0080019c        0x0 c:/users/mk225/downloads/imt_sdk_win_64/winavr/bin/../lib/gcc/avr/4.3.3/avr5\libgcc.a(_thenan_sf.o)
 .bss           0x0080019c        0x0 c:/users/mk225/downloads/imt_sdk_win_64/winavr/bin/../lib/gcc/avr/4.3.3/avr5\libgcc.a(_prologue.o)
 .bss           0x0080019c        0x0 c:/users/mk225/downloads/imt_sdk_win_64/winavr/bin/../lib/gcc/avr/4.3.3/avr5\libgcc.a(_epilogue.o)
 .bss           0x0080019c        0x0 c:/users/mk225/downloads/imt_sdk_win_64/winavr/bin/../lib/gcc/avr/4.3.3/avr5\libgcc.a(_clzsi2.o)
 .bss           0x0080019c        0x0 c:/users/mk225/downloads/imt_sdk_win_64/winavr/bin/../lib/gcc/avr/4.3.3/avr5\libgcc.a(_pack_sf.o)
 .bss           0x0080019c        0x0 c:/users/mk225/downloads/imt_sdk_win_64/winavr/bin/../lib/gcc/avr/4.3.3/avr5\libgcc.a(_unpack_sf.o)
 .bss           0x0080019c        0x0 c:/users/mk225/downloads/imt_sdk_win_64/winavr/bin/../lib/gcc/avr/4.3.3/avr5\libgcc.a(_fpcmp_parts_sf.o)
 .bss           0x0080019c        0x0 c:/users/mk225/downloads/imt_sdk_win_64/winavr/bin/../lib/gcc/avr/4.3.3/avr5\libgcc.a(_clz.o)
 .bss           0x0080019c        0x0 c:/users/mk225/downloads/imt_sdk_win_64/winavr/bin/../lib/gcc/avr/4.3.3/../../../../avr/lib/avr5\libc.a(memcpy.o)
 .bss           0x0080019c        0x0 c:/users/mk225/downloads/imt_sdk_win_64/winavr/bin/../lib/gcc/avr/4.3.3/../../../../avr/lib/avr5\libc.a(memset.o)
 *(.bss*)
 .bss.pxEnd     0x0080019c        0x2 ./heap_4.o
 .bss.xFreeBytesRemaining
                0x0080019e        0x2 ./heap_4.o
 .bss.xNumberOfSuccessfulAllocations
                0x008001a0        0x2 ./heap_4.o
 .bss.xNumberOfSuccessfulFrees
                0x008001a2        0x2 ./heap_4.o
 .bss.xMinimumEverFreeBytesRemaining
                0x008001a4        0x2 ./heap_4.o
 .bss.ucHeap    0x008001a6      0x258 ./heap_4.o
 .bss.xStart    0x008003fe        0x4 ./heap_4.o
 .bss.Door_counter
                0x00800402        0x1 ./main.o
                0x00800402                Door_counter
 .bss.BUZ_Enable
                0x00800403        0x1 ./main.o
                0x00800403                BUZ_Enable
 .bss.BUZ_Count
                0x00800404        0x1 ./main.o
                0x00800404                BUZ_Count
 .bss.Gas_Value
                0x00800405        0x1 ./main.o
                0x00800405                Gas_Value
 .bss.LDR_Handle
                0x00800406        0x2 ./main.o
                0x00800406                LDR_Handle
 .bss.Temp_Handle
                0x00800408        0x2 ./main.o
                0x00800408                Temp_Handle
 .bss.Gas_Handle
                0x0080040a        0x2 ./main.o
                0x0080040a                Gas_Handle
 .bss.BUZ1_Handle
                0x0080040c        0x2 ./main.o
                0x0080040c                BUZ1_Handle
 .bss.LED_Digital_value
                0x0080040e        0x4 ./main.o
                0x0080040e                LED_Digital_value
 .bss.Current_Temp
                0x00800412        0x1 ./main.o
                0x00800412                Current_Temp
 .bss.analog_value
                0x00800413        0x4 ./main.o
                0x00800413                analog_value
 .bss.Data      0x00800417        0x1 ./main.o
                0x00800417                Data
 .bss.pxCurrentTCB
                0x00800418        0x2 ./tasks.o
                0x00800418                pxCurrentTCB
 .bss.uxSchedulerSuspended
                0x0080041a        0x1 ./tasks.o
 .bss.uxTopReadyPriority
                0x0080041b        0x1 ./tasks.o
 .bss.xYieldPending
                0x0080041c        0x1 ./tasks.o
 .bss.xTickCount
                0x0080041d        0x2 ./tasks.o
 .bss.xNextTaskUnblockTime
                0x0080041f        0x2 ./tasks.o
 .bss.xNumOfOverflows
                0x00800421        0x1 ./tasks.o
 .bss.xPendedTicks
                0x00800422        0x2 ./tasks.o
 .bss.uxCurrentNumberOfTasks
                0x00800424        0x1 ./tasks.o
 .bss.xSchedulerRunning
                0x00800425        0x1 ./tasks.o
 .bss.xIdleTaskHandle
                0x00800426        0x2 ./tasks.o
 .bss.uxDeletedTasksWaitingCleanUp
                0x00800428        0x1 ./tasks.o
 .bss.uxTaskNumber
                0x00800429        0x1 ./tasks.o
 .bss.pxReadyTasksLists
                0x0080042a       0x2d ./tasks.o
 .bss.xDelayedTaskList1
                0x00800457        0x9 ./tasks.o
 .bss.xDelayedTaskList2
                0x00800460        0x9 ./tasks.o
 .bss.pxDelayedTaskList
                0x00800469        0x2 ./tasks.o
 .bss.pxOverflowDelayedTaskList
                0x0080046b        0x2 ./tasks.o
 .bss.xPendingReadyList
                0x0080046d        0x9 ./tasks.o
 .bss.xTasksWaitingTermination
                0x00800476        0x9 ./tasks.o
 *(COMMON)
 COMMON         0x0080047f        0x3 ./main.o
                0x0080047f                xLDRTask
                0x00800480                xTempTask
                0x00800481                xGasTask
                0x00800482                PROVIDE (__bss_end, .)
                0x00003912                __data_load_start = LOADADDR (.data)
                0x00003a4e                __data_load_end = (__data_load_start + SIZEOF (.data))

.noinit         0x00800482        0x0
                0x00800482                PROVIDE (__noinit_start, .)
 *(.noinit*)
                0x00800482                PROVIDE (__noinit_end, .)
                0x00800482                _end = .
                0x00800482                PROVIDE (__heap_start, .)

.eeprom         0x00810000        0x0
 *(.eeprom*)
                0x00810000                __eeprom_end = .

.fuse
 *(.fuse)
 *(.lfuse)
 *(.hfuse)
 *(.efuse)

.lock
 *(.lock*)

.signature
 *(.signature*)

.stab           0x00000000     0x6abc
 *(.stab)
 .stab          0x00000000      0x480 ./MCAL/SPI/SPI.o
 .stab          0x00000480      0x234 ./MCAL/ADC/ADC.o
                                0x3f0 (size before relaxing)
 .stab          0x000006b4      0x390 ./MCAL/01_DIO/DIO_program.o
                                0x39c (size before relaxing)
 .stab          0x00000a44      0x630 ./HAL/LCD/LCD.o
                                0x7ec (size before relaxing)
 .stab          0x00001074      0x2ac ./HAL/KEY_PAD/KEY_PAD.o
                                0x468 (size before relaxing)
 .stab          0x00001320      0x48c ./croutine.o
                                0x648 (size before relaxing)
 .stab          0x000017ac      0x9b4 ./heap_4.o
                                0xcf0 (size before relaxing)
 .stab          0x00002160      0x474 ./list.o
                                0x870 (size before relaxing)
 .stab          0x000025d4      0x72c ./main.o
                                0x9cc (size before relaxing)
 .stab          0x00002d00      0x558 ./port.o
                                0xa14 (size before relaxing)
 .stab          0x00003258     0x1668 ./queue.o
                               0x1b30 (size before relaxing)
 .stab          0x000048c0     0x2058 ./tasks.o
                               0x2520 (size before relaxing)
 .stab          0x00006918      0x1a4 ./timers.o
                                0x6cc (size before relaxing)

.stabstr        0x00000000     0x44f7
 *(.stabstr)
 .stabstr       0x00000000     0x44f7 ./MCAL/SPI/SPI.o

.stab.excl
 *(.stab.excl)

.stab.exclstr
 *(.stab.exclstr)

.stab.index
 *(.stab.index)

.stab.indexstr
 *(.stab.indexstr)

.comment
 *(.comment)

.debug
 *(.debug)

.line
 *(.line)

.debug_srcinfo
 *(.debug_srcinfo)

.debug_sfnames
 *(.debug_sfnames)

.debug_aranges  0x00000000      0x140
 *(.debug_aranges)
 .debug_aranges
                0x00000000       0x20 c:/users/mk225/downloads/imt_sdk_win_64/winavr/bin/../lib/gcc/avr/4.3.3/avr5\libgcc.a(_fixunssfsi.o)
 .debug_aranges
                0x00000020       0x20 c:/users/mk225/downloads/imt_sdk_win_64/winavr/bin/../lib/gcc/avr/4.3.3/avr5\libgcc.a(_addsub_sf.o)
 .debug_aranges
                0x00000040       0x20 c:/users/mk225/downloads/imt_sdk_win_64/winavr/bin/../lib/gcc/avr/4.3.3/avr5\libgcc.a(_mul_sf.o)
 .debug_aranges
                0x00000060       0x20 c:/users/mk225/downloads/imt_sdk_win_64/winavr/bin/../lib/gcc/avr/4.3.3/avr5\libgcc.a(_ge_sf.o)
 .debug_aranges
                0x00000080       0x20 c:/users/mk225/downloads/imt_sdk_win_64/winavr/bin/../lib/gcc/avr/4.3.3/avr5\libgcc.a(_si_to_sf.o)
 .debug_aranges
                0x000000a0       0x20 c:/users/mk225/downloads/imt_sdk_win_64/winavr/bin/../lib/gcc/avr/4.3.3/avr5\libgcc.a(_sf_to_si.o)
 .debug_aranges
                0x000000c0       0x20 c:/users/mk225/downloads/imt_sdk_win_64/winavr/bin/../lib/gcc/avr/4.3.3/avr5\libgcc.a(_clzsi2.o)
 .debug_aranges
                0x000000e0       0x20 c:/users/mk225/downloads/imt_sdk_win_64/winavr/bin/../lib/gcc/avr/4.3.3/avr5\libgcc.a(_pack_sf.o)
 .debug_aranges
                0x00000100       0x20 c:/users/mk225/downloads/imt_sdk_win_64/winavr/bin/../lib/gcc/avr/4.3.3/avr5\libgcc.a(_unpack_sf.o)
 .debug_aranges
                0x00000120       0x20 c:/users/mk225/downloads/imt_sdk_win_64/winavr/bin/../lib/gcc/avr/4.3.3/avr5\libgcc.a(_fpcmp_parts_sf.o)

.debug_pubnames
                0x00000000      0x195
 *(.debug_pubnames)
 .debug_pubnames
                0x00000000       0x23 c:/users/mk225/downloads/imt_sdk_win_64/winavr/bin/../lib/gcc/avr/4.3.3/avr5\libgcc.a(_fixunssfsi.o)
 .debug_pubnames
                0x00000023       0x2c c:/users/mk225/downloads/imt_sdk_win_64/winavr/bin/../lib/gcc/avr/4.3.3/avr5\libgcc.a(_addsub_sf.o)
 .debug_pubnames
                0x0000004f       0x1f c:/users/mk225/downloads/imt_sdk_win_64/winavr/bin/../lib/gcc/avr/4.3.3/avr5\libgcc.a(_mul_sf.o)
 .debug_pubnames
                0x0000006e       0x1e c:/users/mk225/downloads/imt_sdk_win_64/winavr/bin/../lib/gcc/avr/4.3.3/avr5\libgcc.a(_ge_sf.o)
 .debug_pubnames
                0x0000008c       0x22 c:/users/mk225/downloads/imt_sdk_win_64/winavr/bin/../lib/gcc/avr/4.3.3/avr5\libgcc.a(_si_to_sf.o)
 .debug_pubnames
                0x000000ae       0x20 c:/users/mk225/downloads/imt_sdk_win_64/winavr/bin/../lib/gcc/avr/4.3.3/avr5\libgcc.a(_sf_to_si.o)
 .debug_pubnames
                0x000000ce       0x22 c:/users/mk225/downloads/imt_sdk_win_64/winavr/bin/../lib/gcc/avr/4.3.3/avr5\libgcc.a(_thenan_sf.o)
 .debug_pubnames
                0x000000f0       0x1f c:/users/mk225/downloads/imt_sdk_win_64/winavr/bin/../lib/gcc/avr/4.3.3/avr5\libgcc.a(_clzsi2.o)
 .debug_pubnames
                0x0000010f       0x1f c:/users/mk225/downloads/imt_sdk_win_64/winavr/bin/../lib/gcc/avr/4.3.3/avr5\libgcc.a(_pack_sf.o)
 .debug_pubnames
                0x0000012e       0x21 c:/users/mk225/downloads/imt_sdk_win_64/winavr/bin/../lib/gcc/avr/4.3.3/avr5\libgcc.a(_unpack_sf.o)
 .debug_pubnames
                0x0000014f       0x26 c:/users/mk225/downloads/imt_sdk_win_64/winavr/bin/../lib/gcc/avr/4.3.3/avr5\libgcc.a(_fpcmp_parts_sf.o)
 .debug_pubnames
                0x00000175       0x20 c:/users/mk225/downloads/imt_sdk_win_64/winavr/bin/../lib/gcc/avr/4.3.3/avr5\libgcc.a(_clz.o)

.debug_info     0x00000000     0x1b12
 *(.debug_info)
 .debug_info    0x00000000       0xb1 c:/users/mk225/downloads/imt_sdk_win_64/winavr/bin/../lib/gcc/avr/4.3.3/avr5\libgcc.a(_fixunssfsi.o)
 .debug_info    0x000000b1      0x47a c:/users/mk225/downloads/imt_sdk_win_64/winavr/bin/../lib/gcc/avr/4.3.3/avr5\libgcc.a(_addsub_sf.o)
 .debug_info    0x0000052b      0x485 c:/users/mk225/downloads/imt_sdk_win_64/winavr/bin/../lib/gcc/avr/4.3.3/avr5\libgcc.a(_mul_sf.o)
 .debug_info    0x000009b0      0x27f c:/users/mk225/downloads/imt_sdk_win_64/winavr/bin/../lib/gcc/avr/4.3.3/avr5\libgcc.a(_ge_sf.o)
 .debug_info    0x00000c2f      0x207 c:/users/mk225/downloads/imt_sdk_win_64/winavr/bin/../lib/gcc/avr/4.3.3/avr5\libgcc.a(_si_to_sf.o)
 .debug_info    0x00000e36      0x2b0 c:/users/mk225/downloads/imt_sdk_win_64/winavr/bin/../lib/gcc/avr/4.3.3/avr5\libgcc.a(_sf_to_si.o)
 .debug_info    0x000010e6      0x12c c:/users/mk225/downloads/imt_sdk_win_64/winavr/bin/../lib/gcc/avr/4.3.3/avr5\libgcc.a(_thenan_sf.o)
 .debug_info    0x00001212      0x117 c:/users/mk225/downloads/imt_sdk_win_64/winavr/bin/../lib/gcc/avr/4.3.3/avr5\libgcc.a(_clzsi2.o)
 .debug_info    0x00001329      0x2df c:/users/mk225/downloads/imt_sdk_win_64/winavr/bin/../lib/gcc/avr/4.3.3/avr5\libgcc.a(_pack_sf.o)
 .debug_info    0x00001608      0x251 c:/users/mk225/downloads/imt_sdk_win_64/winavr/bin/../lib/gcc/avr/4.3.3/avr5\libgcc.a(_unpack_sf.o)
 .debug_info    0x00001859      0x210 c:/users/mk225/downloads/imt_sdk_win_64/winavr/bin/../lib/gcc/avr/4.3.3/avr5\libgcc.a(_fpcmp_parts_sf.o)
 .debug_info    0x00001a69       0xa9 c:/users/mk225/downloads/imt_sdk_win_64/winavr/bin/../lib/gcc/avr/4.3.3/avr5\libgcc.a(_clz.o)
 *(.gnu.linkonce.wi.*)

.debug_abbrev   0x00000000      0xead
 *(.debug_abbrev)
 .debug_abbrev  0x00000000       0x5d c:/users/mk225/downloads/imt_sdk_win_64/winavr/bin/../lib/gcc/avr/4.3.3/avr5\libgcc.a(_fixunssfsi.o)
 .debug_abbrev  0x0000005d      0x1ea c:/users/mk225/downloads/imt_sdk_win_64/winavr/bin/../lib/gcc/avr/4.3.3/avr5\libgcc.a(_addsub_sf.o)
 .debug_abbrev  0x00000247      0x21b c:/users/mk225/downloads/imt_sdk_win_64/winavr/bin/../lib/gcc/avr/4.3.3/avr5\libgcc.a(_mul_sf.o)
 .debug_abbrev  0x00000462      0x15a c:/users/mk225/downloads/imt_sdk_win_64/winavr/bin/../lib/gcc/avr/4.3.3/avr5\libgcc.a(_ge_sf.o)
 .debug_abbrev  0x000005bc      0x148 c:/users/mk225/downloads/imt_sdk_win_64/winavr/bin/../lib/gcc/avr/4.3.3/avr5\libgcc.a(_si_to_sf.o)
 .debug_abbrev  0x00000704      0x17f c:/users/mk225/downloads/imt_sdk_win_64/winavr/bin/../lib/gcc/avr/4.3.3/avr5\libgcc.a(_sf_to_si.o)
 .debug_abbrev  0x00000883       0xad c:/users/mk225/downloads/imt_sdk_win_64/winavr/bin/../lib/gcc/avr/4.3.3/avr5\libgcc.a(_thenan_sf.o)
 .debug_abbrev  0x00000930       0xc4 c:/users/mk225/downloads/imt_sdk_win_64/winavr/bin/../lib/gcc/avr/4.3.3/avr5\libgcc.a(_clzsi2.o)
 .debug_abbrev  0x000009f4      0x1c0 c:/users/mk225/downloads/imt_sdk_win_64/winavr/bin/../lib/gcc/avr/4.3.3/avr5\libgcc.a(_pack_sf.o)
 .debug_abbrev  0x00000bb4      0x154 c:/users/mk225/downloads/imt_sdk_win_64/winavr/bin/../lib/gcc/avr/4.3.3/avr5\libgcc.a(_unpack_sf.o)
 .debug_abbrev  0x00000d08      0x13b c:/users/mk225/downloads/imt_sdk_win_64/winavr/bin/../lib/gcc/avr/4.3.3/avr5\libgcc.a(_fpcmp_parts_sf.o)
 .debug_abbrev  0x00000e43       0x6a c:/users/mk225/downloads/imt_sdk_win_64/winavr/bin/../lib/gcc/avr/4.3.3/avr5\libgcc.a(_clz.o)

.debug_line     0x00000000      0xe5d
 *(.debug_line)
 .debug_line    0x00000000       0xa7 c:/users/mk225/downloads/imt_sdk_win_64/winavr/bin/../lib/gcc/avr/4.3.3/avr5\libgcc.a(_fixunssfsi.o)
 .debug_line    0x000000a7      0x2af c:/users/mk225/downloads/imt_sdk_win_64/winavr/bin/../lib/gcc/avr/4.3.3/avr5\libgcc.a(_addsub_sf.o)
 .debug_line    0x00000356      0x239 c:/users/mk225/downloads/imt_sdk_win_64/winavr/bin/../lib/gcc/avr/4.3.3/avr5\libgcc.a(_mul_sf.o)
 .debug_line    0x0000058f       0xd3 c:/users/mk225/downloads/imt_sdk_win_64/winavr/bin/../lib/gcc/avr/4.3.3/avr5\libgcc.a(_ge_sf.o)
 .debug_line    0x00000662      0x135 c:/users/mk225/downloads/imt_sdk_win_64/winavr/bin/../lib/gcc/avr/4.3.3/avr5\libgcc.a(_si_to_sf.o)
 .debug_line    0x00000797      0x109 c:/users/mk225/downloads/imt_sdk_win_64/winavr/bin/../lib/gcc/avr/4.3.3/avr5\libgcc.a(_sf_to_si.o)
 .debug_line    0x000008a0       0x90 c:/users/mk225/downloads/imt_sdk_win_64/winavr/bin/../lib/gcc/avr/4.3.3/avr5\libgcc.a(_thenan_sf.o)
 .debug_line    0x00000930       0xa5 c:/users/mk225/downloads/imt_sdk_win_64/winavr/bin/../lib/gcc/avr/4.3.3/avr5\libgcc.a(_clzsi2.o)
 .debug_line    0x000009d5      0x18a c:/users/mk225/downloads/imt_sdk_win_64/winavr/bin/../lib/gcc/avr/4.3.3/avr5\libgcc.a(_pack_sf.o)
 .debug_line    0x00000b5f      0x14b c:/users/mk225/downloads/imt_sdk_win_64/winavr/bin/../lib/gcc/avr/4.3.3/avr5\libgcc.a(_unpack_sf.o)
 .debug_line    0x00000caa      0x137 c:/users/mk225/downloads/imt_sdk_win_64/winavr/bin/../lib/gcc/avr/4.3.3/avr5\libgcc.a(_fpcmp_parts_sf.o)
 .debug_line    0x00000de1       0x7c c:/users/mk225/downloads/imt_sdk_win_64/winavr/bin/../lib/gcc/avr/4.3.3/avr5\libgcc.a(_clz.o)

.debug_frame    0x00000000      0x160
 *(.debug_frame)
 .debug_frame   0x00000000       0x20 c:/users/mk225/downloads/imt_sdk_win_64/winavr/bin/../lib/gcc/avr/4.3.3/avr5\libgcc.a(_fixunssfsi.o)
 .debug_frame   0x00000020       0x40 c:/users/mk225/downloads/imt_sdk_win_64/winavr/bin/../lib/gcc/avr/4.3.3/avr5\libgcc.a(_addsub_sf.o)
 .debug_frame   0x00000060       0x20 c:/users/mk225/downloads/imt_sdk_win_64/winavr/bin/../lib/gcc/avr/4.3.3/avr5\libgcc.a(_mul_sf.o)
 .debug_frame   0x00000080       0x20 c:/users/mk225/downloads/imt_sdk_win_64/winavr/bin/../lib/gcc/avr/4.3.3/avr5\libgcc.a(_ge_sf.o)
 .debug_frame   0x000000a0       0x20 c:/users/mk225/downloads/imt_sdk_win_64/winavr/bin/../lib/gcc/avr/4.3.3/avr5\libgcc.a(_si_to_sf.o)
 .debug_frame   0x000000c0       0x20 c:/users/mk225/downloads/imt_sdk_win_64/winavr/bin/../lib/gcc/avr/4.3.3/avr5\libgcc.a(_sf_to_si.o)
 .debug_frame   0x000000e0       0x20 c:/users/mk225/downloads/imt_sdk_win_64/winavr/bin/../lib/gcc/avr/4.3.3/avr5\libgcc.a(_clzsi2.o)
 .debug_frame   0x00000100       0x20 c:/users/mk225/downloads/imt_sdk_win_64/winavr/bin/../lib/gcc/avr/4.3.3/avr5\libgcc.a(_pack_sf.o)
 .debug_frame   0x00000120       0x20 c:/users/mk225/downloads/imt_sdk_win_64/winavr/bin/../lib/gcc/avr/4.3.3/avr5\libgcc.a(_unpack_sf.o)
 .debug_frame   0x00000140       0x20 c:/users/mk225/downloads/imt_sdk_win_64/winavr/bin/../lib/gcc/avr/4.3.3/avr5\libgcc.a(_fpcmp_parts_sf.o)

.debug_str      0x00000000      0x2ae
 *(.debug_str)
 .debug_str     0x00000000       0xbf c:/users/mk225/downloads/imt_sdk_win_64/winavr/bin/../lib/gcc/avr/4.3.3/avr5\libgcc.a(_fixunssfsi.o)
                                 0xfe (size before relaxing)
 .debug_str     0x000000bf      0x14d c:/users/mk225/downloads/imt_sdk_win_64/winavr/bin/../lib/gcc/avr/4.3.3/avr5\libgcc.a(_addsub_sf.o)
                                0x206 (size before relaxing)
 .debug_str     0x0000020c       0x27 c:/users/mk225/downloads/imt_sdk_win_64/winavr/bin/../lib/gcc/avr/4.3.3/avr5\libgcc.a(_mul_sf.o)
                                0x1bf (size before relaxing)
 .debug_str     0x00000233        0x8 c:/users/mk225/downloads/imt_sdk_win_64/winavr/bin/../lib/gcc/avr/4.3.3/avr5\libgcc.a(_ge_sf.o)
                                0x195 (size before relaxing)
 .debug_str     0x0000023b       0x1e c:/users/mk225/downloads/imt_sdk_win_64/winavr/bin/../lib/gcc/avr/4.3.3/avr5\libgcc.a(_si_to_sf.o)
                                0x17b (size before relaxing)
 .debug_str     0x00000259        0xa c:/users/mk225/downloads/imt_sdk_win_64/winavr/bin/../lib/gcc/avr/4.3.3/avr5\libgcc.a(_sf_to_si.o)
                                0x19e (size before relaxing)
 .debug_str     0x00000000      0x103 c:/users/mk225/downloads/imt_sdk_win_64/winavr/bin/../lib/gcc/avr/4.3.3/avr5\libgcc.a(_thenan_sf.o)
 .debug_str     0x00000263       0x20 c:/users/mk225/downloads/imt_sdk_win_64/winavr/bin/../lib/gcc/avr/4.3.3/avr5\libgcc.a(_clzsi2.o)
                                0x111 (size before relaxing)
 .debug_str     0x00000283       0x10 c:/users/mk225/downloads/imt_sdk_win_64/winavr/bin/../lib/gcc/avr/4.3.3/avr5\libgcc.a(_pack_sf.o)
                                0x19d (size before relaxing)
 .debug_str     0x00000293        0xb c:/users/mk225/downloads/imt_sdk_win_64/winavr/bin/../lib/gcc/avr/4.3.3/avr5\libgcc.a(_unpack_sf.o)
                                0x17f (size before relaxing)
 .debug_str     0x0000029e       0x10 c:/users/mk225/downloads/imt_sdk_win_64/winavr/bin/../lib/gcc/avr/4.3.3/avr5\libgcc.a(_fpcmp_parts_sf.o)
                                0x163 (size before relaxing)
 .debug_str     0x00000000       0xf4 c:/users/mk225/downloads/imt_sdk_win_64/winavr/bin/../lib/gcc/avr/4.3.3/avr5\libgcc.a(_clz.o)

.debug_loc      0x00000000      0x896
 *(.debug_loc)
 .debug_loc     0x00000000       0x34 c:/users/mk225/downloads/imt_sdk_win_64/winavr/bin/../lib/gcc/avr/4.3.3/avr5\libgcc.a(_fixunssfsi.o)
 .debug_loc     0x00000034      0x32a c:/users/mk225/downloads/imt_sdk_win_64/winavr/bin/../lib/gcc/avr/4.3.3/avr5\libgcc.a(_addsub_sf.o)
 .debug_loc     0x0000035e      0x104 c:/users/mk225/downloads/imt_sdk_win_64/winavr/bin/../lib/gcc/avr/4.3.3/avr5\libgcc.a(_mul_sf.o)
 .debug_loc     0x00000462       0x3c c:/users/mk225/downloads/imt_sdk_win_64/winavr/bin/../lib/gcc/avr/4.3.3/avr5\libgcc.a(_ge_sf.o)
 .debug_loc     0x0000049e       0xac c:/users/mk225/downloads/imt_sdk_win_64/winavr/bin/../lib/gcc/avr/4.3.3/avr5\libgcc.a(_si_to_sf.o)
 .debug_loc     0x0000054a       0x7e c:/users/mk225/downloads/imt_sdk_win_64/winavr/bin/../lib/gcc/avr/4.3.3/avr5\libgcc.a(_sf_to_si.o)
 .debug_loc     0x000005c8       0x94 c:/users/mk225/downloads/imt_sdk_win_64/winavr/bin/../lib/gcc/avr/4.3.3/avr5\libgcc.a(_clzsi2.o)
 .debug_loc     0x0000065c      0x13e c:/users/mk225/downloads/imt_sdk_win_64/winavr/bin/../lib/gcc/avr/4.3.3/avr5\libgcc.a(_pack_sf.o)
 .debug_loc     0x0000079a       0xac c:/users/mk225/downloads/imt_sdk_win_64/winavr/bin/../lib/gcc/avr/4.3.3/avr5\libgcc.a(_unpack_sf.o)
 .debug_loc     0x00000846       0x50 c:/users/mk225/downloads/imt_sdk_win_64/winavr/bin/../lib/gcc/avr/4.3.3/avr5\libgcc.a(_fpcmp_parts_sf.o)

.debug_macinfo
 *(.debug_macinfo)
OUTPUT(ITI_Project_Slave.elf elf32-avr)
LOAD linker stubs

.debug_ranges   0x00000000       0x50
 .debug_ranges  0x00000000       0x50 c:/users/mk225/downloads/imt_sdk_win_64/winavr/bin/../lib/gcc/avr/4.3.3/avr5\libgcc.a(_mul_sf.o)
