Archive member included because of file (symbol)

c:/users/mk225/downloads/imt_sdk_win_64/winavr/bin/../lib/gcc/avr/4.3.3/avr5\libgcc.a(_udivmodhi4.o)
                              ./FreeRTOS/heap_4.o (__udivmodhi4)
c:/users/mk225/downloads/imt_sdk_win_64/winavr/bin/../lib/gcc/avr/4.3.3/avr5\libgcc.a(_udivmodsi4.o)
                              ./APP/main.o (__udivmodsi4)
c:/users/mk225/downloads/imt_sdk_win_64/winavr/bin/../lib/gcc/avr/4.3.3/avr5\libgcc.a(_exit.o)
                              c:/users/mk225/downloads/imt_sdk_win_64/winavr/bin/../lib/gcc/avr/4.3.3/../../../../avr/lib/avr5/crtm32.o (exit)
c:/users/mk225/downloads/imt_sdk_win_64/winavr/bin/../lib/gcc/avr/4.3.3/avr5\libgcc.a(_copy_data.o)
                              ./FreeRTOS/tasks.o (__do_copy_data)
c:/users/mk225/downloads/imt_sdk_win_64/winavr/bin/../lib/gcc/avr/4.3.3/avr5\libgcc.a(_clear_bss.o)
                              ./FreeRTOS/heap_4.o (__do_clear_bss)
c:/users/mk225/downloads/imt_sdk_win_64/winavr/bin/../lib/gcc/avr/4.3.3/avr5\libgcc.a(_fixunssfsi.o)
                              ./APP/main.o (__fixunssfsi)
c:/users/mk225/downloads/imt_sdk_win_64/winavr/bin/../lib/gcc/avr/4.3.3/avr5\libgcc.a(_addsub_sf.o)
                              c:/users/mk225/downloads/imt_sdk_win_64/winavr/bin/../lib/gcc/avr/4.3.3/avr5\libgcc.a(_fixunssfsi.o) (__subsf3)
c:/users/mk225/downloads/imt_sdk_win_64/winavr/bin/../lib/gcc/avr/4.3.3/avr5\libgcc.a(_mul_sf.o)
                              ./APP/main.o (__mulsf3)
c:/users/mk225/downloads/imt_sdk_win_64/winavr/bin/../lib/gcc/avr/4.3.3/avr5\libgcc.a(_ge_sf.o)
                              c:/users/mk225/downloads/imt_sdk_win_64/winavr/bin/../lib/gcc/avr/4.3.3/avr5\libgcc.a(_fixunssfsi.o) (__gesf2)
c:/users/mk225/downloads/imt_sdk_win_64/winavr/bin/../lib/gcc/avr/4.3.3/avr5\libgcc.a(_si_to_sf.o)
                              ./APP/main.o (__floatsisf)
c:/users/mk225/downloads/imt_sdk_win_64/winavr/bin/../lib/gcc/avr/4.3.3/avr5\libgcc.a(_sf_to_si.o)
                              c:/users/mk225/downloads/imt_sdk_win_64/winavr/bin/../lib/gcc/avr/4.3.3/avr5\libgcc.a(_fixunssfsi.o) (__fixsfsi)
c:/users/mk225/downloads/imt_sdk_win_64/winavr/bin/../lib/gcc/avr/4.3.3/avr5\libgcc.a(_thenan_sf.o)
                              c:/users/mk225/downloads/imt_sdk_win_64/winavr/bin/../lib/gcc/avr/4.3.3/avr5\libgcc.a(_addsub_sf.o) (__thenan_sf)
c:/users/mk225/downloads/imt_sdk_win_64/winavr/bin/../lib/gcc/avr/4.3.3/avr5\libgcc.a(_prologue.o)
                              c:/users/mk225/downloads/imt_sdk_win_64/winavr/bin/../lib/gcc/avr/4.3.3/avr5\libgcc.a(_addsub_sf.o) (__prologue_saves__)
c:/users/mk225/downloads/imt_sdk_win_64/winavr/bin/../lib/gcc/avr/4.3.3/avr5\libgcc.a(_epilogue.o)
                              c:/users/mk225/downloads/imt_sdk_win_64/winavr/bin/../lib/gcc/avr/4.3.3/avr5\libgcc.a(_addsub_sf.o) (__epilogue_restores__)
c:/users/mk225/downloads/imt_sdk_win_64/winavr/bin/../lib/gcc/avr/4.3.3/avr5\libgcc.a(_clzsi2.o)
                              c:/users/mk225/downloads/imt_sdk_win_64/winavr/bin/../lib/gcc/avr/4.3.3/avr5\libgcc.a(_si_to_sf.o) (__clzsi2)
c:/users/mk225/downloads/imt_sdk_win_64/winavr/bin/../lib/gcc/avr/4.3.3/avr5\libgcc.a(_pack_sf.o)
                              c:/users/mk225/downloads/imt_sdk_win_64/winavr/bin/../lib/gcc/avr/4.3.3/avr5\libgcc.a(_addsub_sf.o) (__pack_f)
c:/users/mk225/downloads/imt_sdk_win_64/winavr/bin/../lib/gcc/avr/4.3.3/avr5\libgcc.a(_unpack_sf.o)
                              c:/users/mk225/downloads/imt_sdk_win_64/winavr/bin/../lib/gcc/avr/4.3.3/avr5\libgcc.a(_addsub_sf.o) (__unpack_f)
c:/users/mk225/downloads/imt_sdk_win_64/winavr/bin/../lib/gcc/avr/4.3.3/avr5\libgcc.a(_fpcmp_parts_sf.o)
                              c:/users/mk225/downloads/imt_sdk_win_64/winavr/bin/../lib/gcc/avr/4.3.3/avr5\libgcc.a(_ge_sf.o) (__fpcmp_parts_f)
c:/users/mk225/downloads/imt_sdk_win_64/winavr/bin/../lib/gcc/avr/4.3.3/avr5\libgcc.a(_clz.o)
                              c:/users/mk225/downloads/imt_sdk_win_64/winavr/bin/../lib/gcc/avr/4.3.3/avr5\libgcc.a(_clzsi2.o) (__clz_tab)
c:/users/mk225/downloads/imt_sdk_win_64/winavr/bin/../lib/gcc/avr/4.3.3/../../../../avr/lib/avr5\libc.a(memcpy.o)
                              ./FreeRTOS/queue.o (memcpy)
c:/users/mk225/downloads/imt_sdk_win_64/winavr/bin/../lib/gcc/avr/4.3.3/../../../../avr/lib/avr5\libc.a(memset.o)
                              ./FreeRTOS/heap_4.o (memset)

Allocating common symbols
Common symbol       size              file

xLDRTask            0x1               ./APP/main.o
xTempTask           0x1               ./APP/main.o
xGasTask            0x1               ./APP/main.o

Memory Configuration

Name             Origin             Length             Attributes
text             0x00000000         0x00020000         xr
data             0x00800060         0x0000ffa0         rw !x
eeprom           0x00810000         0x00010000         rw !x
fuse             0x00820000         0x00000400         rw !x
lock             0x00830000         0x00000400         rw !x
signature        0x00840000         0x00000400         rw !x
*default*        0x00000000         0xffffffff

Linker script and memory map

LOAD c:/users/mk225/downloads/imt_sdk_win_64/winavr/bin/../lib/gcc/avr/4.3.3/../../../../avr/lib/avr5/crtm32.o
LOAD ./MCAL/SPI/SPI.o
LOAD ./MCAL/ADC/ADC.o
LOAD ./FreeRTOS/croutine.o
LOAD ./FreeRTOS/heap_4.o
LOAD ./FreeRTOS/list.o
LOAD ./FreeRTOS/port.o
LOAD ./FreeRTOS/queue.o
LOAD ./FreeRTOS/tasks.o
LOAD ./FreeRTOS/timers.o
LOAD ./APP/main.o
LOAD c:/users/mk225/downloads/imt_sdk_win_64/winavr/bin/../lib/gcc/avr/4.3.3/avr5\libgcc.a
LOAD c:/users/mk225/downloads/imt_sdk_win_64/winavr/bin/../lib/gcc/avr/4.3.3/../../../../avr/lib/avr5\libc.a
LOAD c:/users/mk225/downloads/imt_sdk_win_64/winavr/bin/../lib/gcc/avr/4.3.3/avr5\libgcc.a

.hash
 *(.hash)

.dynsym
 *(.dynsym)

.dynstr
 *(.dynstr)

.gnu.version
 *(.gnu.version)

.gnu.version_d
 *(.gnu.version_d)

.gnu.version_r
 *(.gnu.version_r)

.rel.init
 *(.rel.init)

.rela.init
 *(.rela.init)

.rel.text
 *(.rel.text)
 *(.rel.text.*)
 *(.rel.gnu.linkonce.t*)

.rela.text
 *(.rela.text)
 *(.rela.text.*)
 *(.rela.gnu.linkonce.t*)

.rel.fini
 *(.rel.fini)

.rela.fini
 *(.rela.fini)

.rel.rodata
 *(.rel.rodata)
 *(.rel.rodata.*)
 *(.rel.gnu.linkonce.r*)

.rela.rodata
 *(.rela.rodata)
 *(.rela.rodata.*)
 *(.rela.gnu.linkonce.r*)

.rel.data
 *(.rel.data)
 *(.rel.data.*)
 *(.rel.gnu.linkonce.d*)

.rela.data
 *(.rela.data)
 *(.rela.data.*)
 *(.rela.gnu.linkonce.d*)

.rel.ctors
 *(.rel.ctors)

.rela.ctors
 *(.rela.ctors)

.rel.dtors
 *(.rel.dtors)

.rela.dtors
 *(.rela.dtors)

.rel.got
 *(.rel.got)

.rela.got
 *(.rela.got)

.rel.bss
 *(.rel.bss)

.rela.bss
 *(.rela.bss)

.rel.plt
 *(.rel.plt)

.rela.plt
 *(.rela.plt)

.text           0x00000000     0x34d4
 *(.vectors)
 .vectors       0x00000000       0x54 c:/users/mk225/downloads/imt_sdk_win_64/winavr/bin/../lib/gcc/avr/4.3.3/../../../../avr/lib/avr5/crtm32.o
                0x00000000                __vectors
                0x00000000                __vector_default
 *(.vectors)
 *(.progmem.gcc*)
 *(.progmem*)
                0x00000054                . = ALIGN (0x2)
                0x00000054                __trampolines_start = .
 *(.trampolines)
 .trampolines   0x00000054        0x0 linker stubs
 *(.trampolines*)
                0x00000054                __trampolines_end = .
 *(.jumptables)
 *(.jumptables*)
 *(.lowtext)
 *(.lowtext*)
                0x00000054                __ctors_start = .
 *(.ctors)
                0x00000054                __ctors_end = .
                0x00000054                __dtors_start = .
 *(.dtors)
                0x00000054                __dtors_end = .
 SORT(*)(.ctors)
 SORT(*)(.dtors)
 *(.init0)
 .init0         0x00000054        0x0 c:/users/mk225/downloads/imt_sdk_win_64/winavr/bin/../lib/gcc/avr/4.3.3/../../../../avr/lib/avr5/crtm32.o
                0x00000054                __init
 *(.init0)
 *(.init1)
 *(.init1)
 *(.init2)
 .init2         0x00000054        0xc c:/users/mk225/downloads/imt_sdk_win_64/winavr/bin/../lib/gcc/avr/4.3.3/../../../../avr/lib/avr5/crtm32.o
 *(.init2)
 *(.init3)
 *(.init3)
 *(.init4)
 .init4         0x00000060       0x16 c:/users/mk225/downloads/imt_sdk_win_64/winavr/bin/../lib/gcc/avr/4.3.3/avr5\libgcc.a(_copy_data.o)
                0x00000060                __do_copy_data
 .init4         0x00000076       0x10 c:/users/mk225/downloads/imt_sdk_win_64/winavr/bin/../lib/gcc/avr/4.3.3/avr5\libgcc.a(_clear_bss.o)
                0x00000076                __do_clear_bss
 *(.init4)
 *(.init5)
 *(.init5)
 *(.init6)
 *(.init6)
 *(.init7)
 *(.init7)
 *(.init8)
 *(.init8)
 *(.init9)
 .init9         0x00000086        0x8 c:/users/mk225/downloads/imt_sdk_win_64/winavr/bin/../lib/gcc/avr/4.3.3/../../../../avr/lib/avr5/crtm32.o
 *(.init9)
 *(.text)
 .text          0x0000008e        0x4 c:/users/mk225/downloads/imt_sdk_win_64/winavr/bin/../lib/gcc/avr/4.3.3/../../../../avr/lib/avr5/crtm32.o
                0x0000008e                __vector_1
                0x0000008e                __vector_12
                0x0000008e                __bad_interrupt
                0x0000008e                __vector_6
                0x0000008e                __vector_3
                0x0000008e                __vector_11
                0x0000008e                __vector_13
                0x0000008e                __vector_17
                0x0000008e                __vector_19
                0x0000008e                __vector_5
                0x0000008e                __vector_4
                0x0000008e                __vector_9
                0x0000008e                __vector_2
                0x0000008e                __vector_15
                0x0000008e                __vector_8
                0x0000008e                __vector_14
                0x0000008e                __vector_10
                0x0000008e                __vector_16
                0x0000008e                __vector_18
                0x0000008e                __vector_20
 .text          0x00000092        0x0 ./MCAL/SPI/SPI.o
 .text          0x00000092        0x0 ./MCAL/ADC/ADC.o
 .text          0x00000092        0x0 ./FreeRTOS/croutine.o
 .text          0x00000092        0x0 ./FreeRTOS/heap_4.o
 .text          0x00000092        0x0 ./FreeRTOS/list.o
 .text          0x00000092        0x0 ./FreeRTOS/port.o
 .text          0x00000092        0x0 ./FreeRTOS/queue.o
 .text          0x00000092        0x0 ./FreeRTOS/tasks.o
 .text          0x00000092        0x0 ./FreeRTOS/timers.o
 .text          0x00000092        0x0 ./APP/main.o
 .text          0x00000092        0x0 c:/users/mk225/downloads/imt_sdk_win_64/winavr/bin/../lib/gcc/avr/4.3.3/avr5\libgcc.a(_udivmodhi4.o)
 .text          0x00000092        0x0 c:/users/mk225/downloads/imt_sdk_win_64/winavr/bin/../lib/gcc/avr/4.3.3/avr5\libgcc.a(_udivmodsi4.o)
 .text          0x00000092        0x0 c:/users/mk225/downloads/imt_sdk_win_64/winavr/bin/../lib/gcc/avr/4.3.3/avr5\libgcc.a(_exit.o)
 .text          0x00000092        0x0 c:/users/mk225/downloads/imt_sdk_win_64/winavr/bin/../lib/gcc/avr/4.3.3/avr5\libgcc.a(_copy_data.o)
 .text          0x00000092        0x0 c:/users/mk225/downloads/imt_sdk_win_64/winavr/bin/../lib/gcc/avr/4.3.3/avr5\libgcc.a(_clear_bss.o)
 .text          0x00000092       0x58 c:/users/mk225/downloads/imt_sdk_win_64/winavr/bin/../lib/gcc/avr/4.3.3/avr5\libgcc.a(_fixunssfsi.o)
                0x00000092                __fixunssfsi
 .text          0x000000ea      0x354 c:/users/mk225/downloads/imt_sdk_win_64/winavr/bin/../lib/gcc/avr/4.3.3/avr5\libgcc.a(_addsub_sf.o)
                0x00000382                __subsf3
                0x000003e4                __addsf3
 .text          0x0000043e      0x1f4 c:/users/mk225/downloads/imt_sdk_win_64/winavr/bin/../lib/gcc/avr/4.3.3/avr5\libgcc.a(_mul_sf.o)
                0x0000043e                __mulsf3
 .text          0x00000632       0x60 c:/users/mk225/downloads/imt_sdk_win_64/winavr/bin/../lib/gcc/avr/4.3.3/avr5\libgcc.a(_ge_sf.o)
                0x00000632                __gesf2
 .text          0x00000692       0xbc c:/users/mk225/downloads/imt_sdk_win_64/winavr/bin/../lib/gcc/avr/4.3.3/avr5\libgcc.a(_si_to_sf.o)
                0x00000692                __floatsisf
 .text          0x0000074e       0xa8 c:/users/mk225/downloads/imt_sdk_win_64/winavr/bin/../lib/gcc/avr/4.3.3/avr5\libgcc.a(_sf_to_si.o)
                0x0000074e                __fixsfsi
 .text          0x000007f6        0x0 c:/users/mk225/downloads/imt_sdk_win_64/winavr/bin/../lib/gcc/avr/4.3.3/avr5\libgcc.a(_thenan_sf.o)
 .text          0x000007f6        0x0 c:/users/mk225/downloads/imt_sdk_win_64/winavr/bin/../lib/gcc/avr/4.3.3/avr5\libgcc.a(_prologue.o)
 .text          0x000007f6        0x0 c:/users/mk225/downloads/imt_sdk_win_64/winavr/bin/../lib/gcc/avr/4.3.3/avr5\libgcc.a(_epilogue.o)
 .text          0x000007f6       0x9e c:/users/mk225/downloads/imt_sdk_win_64/winavr/bin/../lib/gcc/avr/4.3.3/avr5\libgcc.a(_clzsi2.o)
                0x000007f6                __clzsi2
 .text          0x00000894      0x1aa c:/users/mk225/downloads/imt_sdk_win_64/winavr/bin/../lib/gcc/avr/4.3.3/avr5\libgcc.a(_pack_sf.o)
                0x00000894                __pack_f
 .text          0x00000a3e       0xf0 c:/users/mk225/downloads/imt_sdk_win_64/winavr/bin/../lib/gcc/avr/4.3.3/avr5\libgcc.a(_unpack_sf.o)
                0x00000a3e                __unpack_f
 .text          0x00000b2e       0xb2 c:/users/mk225/downloads/imt_sdk_win_64/winavr/bin/../lib/gcc/avr/4.3.3/avr5\libgcc.a(_fpcmp_parts_sf.o)
                0x00000b2e                __fpcmp_parts_f
 .text          0x00000be0        0x0 c:/users/mk225/downloads/imt_sdk_win_64/winavr/bin/../lib/gcc/avr/4.3.3/avr5\libgcc.a(_clz.o)
 .text          0x00000be0        0x0 c:/users/mk225/downloads/imt_sdk_win_64/winavr/bin/../lib/gcc/avr/4.3.3/../../../../avr/lib/avr5\libc.a(memcpy.o)
 .text          0x00000be0        0x0 c:/users/mk225/downloads/imt_sdk_win_64/winavr/bin/../lib/gcc/avr/4.3.3/../../../../avr/lib/avr5\libc.a(memset.o)
                0x00000be0                . = ALIGN (0x2)
 *(.text.*)
 .text.SPI_voidInit
                0x00000be0       0x28 ./MCAL/SPI/SPI.o
                0x00000be0                SPI_voidInit
 .text.SPI_u8transcieve
                0x00000c08        0xa ./MCAL/SPI/SPI.o
                0x00000c08                SPI_u8transcieve
 .text.ADC_init
                0x00000c12        0x6 ./MCAL/ADC/ADC.o
                0x00000c12                ADC_init
 .text.ADC_read
                0x00000c18       0x22 ./MCAL/ADC/ADC.o
                0x00000c18                ADC_read
 .text.xPortGetFreeHeapSize
                0x00000c3a        0xa ./FreeRTOS/heap_4.o
                0x00000c3a                xPortGetFreeHeapSize
 .text.xPortGetMinimumEverFreeHeapSize
                0x00000c44        0xa ./FreeRTOS/heap_4.o
                0x00000c44                xPortGetMinimumEverFreeHeapSize
 .text.vPortInitialiseBlocks
                0x00000c4e        0x2 ./FreeRTOS/heap_4.o
                0x00000c4e                vPortInitialiseBlocks
 .text.prvInsertBlockIntoFreeList
                0x00000c50       0x86 ./FreeRTOS/heap_4.o
 .text.vPortGetHeapStats
                0x00000cd6       0xc8 ./FreeRTOS/heap_4.o
                0x00000cd6                vPortGetHeapStats
 .text.vPortFree
                0x00000d9e       0x60 ./FreeRTOS/heap_4.o
                0x00000d9e                vPortFree
 .text.pvPortMalloc
                0x00000dfe      0x170 ./FreeRTOS/heap_4.o
                0x00000dfe                pvPortMalloc
 .text.pvPortCalloc
                0x00000f6e       0x5a ./FreeRTOS/heap_4.o
                0x00000f6e                pvPortCalloc
 .text.vListInitialise
                0x00000fc8       0x20 ./FreeRTOS/list.o
                0x00000fc8                vListInitialise
 .text.vListInitialiseItem
                0x00000fe8        0x8 ./FreeRTOS/list.o
                0x00000fe8                vListInitialiseItem
 .text.vListInsertEnd
                0x00000ff0       0x3e ./FreeRTOS/list.o
                0x00000ff0                vListInsertEnd
 .text.vListInsert
                0x0000102e       0x64 ./FreeRTOS/list.o
                0x0000102e                vListInsert
 .text.uxListRemove
                0x00001092       0x56 ./FreeRTOS/list.o
                0x00001092                uxListRemove
 .text.pxPortInitialiseStack
                0x000010e8       0x90 ./FreeRTOS/port.o
                0x000010e8                pxPortInitialiseStack
 .text.xPortStartScheduler
                0x00001178       0x6a ./FreeRTOS/port.o
                0x00001178                xPortStartScheduler
 .text.vPortEndScheduler
                0x000011e2        0x2 ./FreeRTOS/port.o
                0x000011e2                vPortEndScheduler
 .text.vPortYieldFromTick
                0x000011e4       0xba ./FreeRTOS/port.o
                0x000011e4                vPortYieldFromTick
 .text.__vector_7
                0x0000129e        0x6 ./FreeRTOS/port.o
                0x0000129e                __vector_7
 .text.vPortYield
                0x000012a4       0xb2 ./FreeRTOS/port.o
                0x000012a4                vPortYield
 .text.uxQueueMessagesWaiting
                0x00001356       0x10 ./FreeRTOS/queue.o
                0x00001356                uxQueueMessagesWaiting
 .text.uxQueueSpacesAvailable
                0x00001366       0x14 ./FreeRTOS/queue.o
                0x00001366                uxQueueSpacesAvailable
 .text.uxQueueMessagesWaitingFromISR
                0x0000137a        0x6 ./FreeRTOS/queue.o
                0x0000137a                uxQueueMessagesWaitingFromISR
 .text.xQueueIsQueueEmptyFromISR
                0x00001380       0x10 ./FreeRTOS/queue.o
                0x00001380                xQueueIsQueueEmptyFromISR
 .text.xQueueIsQueueFullFromISR
                0x00001390       0x12 ./FreeRTOS/queue.o
                0x00001390                xQueueIsQueueFullFromISR
 .text.vQueueDelete
                0x000013a2        0x6 ./FreeRTOS/queue.o
                0x000013a2                vQueueDelete
 .text.prvCopyDataFromQueue
                0x000013a8       0x3c ./FreeRTOS/queue.o
 .text.xQueuePeekFromISR
                0x000013e4       0x2a ./FreeRTOS/queue.o
                0x000013e4                xQueuePeekFromISR
 .text.prvCopyDataToQueue
                0x0000140e       0x94 ./FreeRTOS/queue.o
 .text.xQueueReceiveFromISR
                0x000014a2       0x64 ./FreeRTOS/queue.o
                0x000014a2                xQueueReceiveFromISR
 .text.xQueueGiveFromISR
                0x00001506       0x5e ./FreeRTOS/queue.o
                0x00001506                xQueueGiveFromISR
 .text.xQueueGenericSendFromISR
                0x00001564       0x68 ./FreeRTOS/queue.o
                0x00001564                xQueueGenericSendFromISR
 .text.prvUnlockQueue
                0x000015cc       0x84 ./FreeRTOS/queue.o
 .text.xQueuePeek
                0x00001650      0x152 ./FreeRTOS/queue.o
                0x00001650                xQueuePeek
 .text.xQueueSemaphoreTake
                0x000017a2      0x13e ./FreeRTOS/queue.o
                0x000017a2                xQueueSemaphoreTake
 .text.xQueueReceive
                0x000018e0      0x156 ./FreeRTOS/queue.o
                0x000018e0                xQueueReceive
 .text.xQueueGenericSend
                0x00001a36      0x156 ./FreeRTOS/queue.o
                0x00001a36                xQueueGenericSend
 .text.xQueueGenericReset
                0x00001b8c       0xb4 ./FreeRTOS/queue.o
                0x00001b8c                xQueueGenericReset
 .text.xQueueGenericCreate
                0x00001c40       0x70 ./FreeRTOS/queue.o
                0x00001c40                xQueueGenericCreate
 .text.vTaskSuspendAll
                0x00001cb0        0xc ./FreeRTOS/tasks.o
                0x00001cb0                vTaskSuspendAll
 .text.xTaskGetTickCount
                0x00001cbc       0x16 ./FreeRTOS/tasks.o
                0x00001cbc                xTaskGetTickCount
 .text.xTaskGetTickCountFromISR
                0x00001cd2        0xc ./FreeRTOS/tasks.o
                0x00001cd2                xTaskGetTickCountFromISR
 .text.uxTaskGetNumberOfTasks
                0x00001cde        0x6 ./FreeRTOS/tasks.o
                0x00001cde                uxTaskGetNumberOfTasks
 .text.pcTaskGetName
                0x00001ce4       0x16 ./FreeRTOS/tasks.o
                0x00001ce4                pcTaskGetName
 .text.xTaskIncrementTick
                0x00001cfa      0x230 ./FreeRTOS/tasks.o
                0x00001cfa                xTaskIncrementTick
 .text.vTaskSwitchContext
                0x00001f2a       0x74 ./FreeRTOS/tasks.o
                0x00001f2a                vTaskSwitchContext
 .text.xTaskRemoveFromEventList
                0x00001f9e      0x166 ./FreeRTOS/tasks.o
                0x00001f9e                xTaskRemoveFromEventList
 .text.vTaskRemoveFromUnorderedEventList
                0x00002104      0x134 ./FreeRTOS/tasks.o
                0x00002104                vTaskRemoveFromUnorderedEventList
 .text.vTaskSetTimeOutState
                0x00002238       0x20 ./FreeRTOS/tasks.o
                0x00002238                vTaskSetTimeOutState
 .text.vTaskInternalSetTimeOutState
                0x00002258       0x16 ./FreeRTOS/tasks.o
                0x00002258                vTaskInternalSetTimeOutState
 .text.xTaskCheckForTimeOut
                0x0000226e       0x6a ./FreeRTOS/tasks.o
                0x0000226e                xTaskCheckForTimeOut
 .text.vTaskMissedYield
                0x000022d8        0x8 ./FreeRTOS/tasks.o
                0x000022d8                vTaskMissedYield
 .text.xTaskGetCurrentTaskHandle
                0x000022e0        0xc ./FreeRTOS/tasks.o
                0x000022e0                xTaskGetCurrentTaskHandle
 .text.uxTaskResetEventItemValue
                0x000022ec       0x30 ./FreeRTOS/tasks.o
                0x000022ec                uxTaskResetEventItemValue
 .text.xTaskGenericNotifyFromISR
                0x0000231c      0x1f8 ./FreeRTOS/tasks.o
                0x0000231c                xTaskGenericNotifyFromISR
 .text.vTaskGenericNotifyGiveFromISR
                0x00002514      0x164 ./FreeRTOS/tasks.o
                0x00002514                vTaskGenericNotifyGiveFromISR
 .text.xTaskGenericNotifyStateClear
                0x00002678       0x2c ./FreeRTOS/tasks.o
                0x00002678                xTaskGenericNotifyStateClear
 .text.ulTaskGenericNotifyValueClear
                0x000026a4       0x68 ./FreeRTOS/tasks.o
                0x000026a4                ulTaskGenericNotifyValueClear
 .text.xTaskGenericNotify
                0x0000270c      0x19c ./FreeRTOS/tasks.o
                0x0000270c                xTaskGenericNotify
 .text.xTaskResumeAll
                0x000028a8      0x1bc ./FreeRTOS/tasks.o
                0x000028a8                xTaskResumeAll
 .text.xTaskCatchUpTicks
                0x00002a64       0x2e ./FreeRTOS/tasks.o
                0x00002a64                xTaskCatchUpTicks
 .text.prvAddCurrentTaskToDelayedList
                0x00002a92       0x88 ./FreeRTOS/tasks.o
 .text.xTaskGenericNotifyWait
                0x00002b1a      0x140 ./FreeRTOS/tasks.o
                0x00002b1a                xTaskGenericNotifyWait
 .text.ulTaskGenericNotifyTake
                0x00002c5a       0xe8 ./FreeRTOS/tasks.o
                0x00002c5a                ulTaskGenericNotifyTake
 .text.vTaskPlaceOnUnorderedEventList
                0x00002d42       0x88 ./FreeRTOS/tasks.o
                0x00002d42                vTaskPlaceOnUnorderedEventList
 .text.vTaskDelay
                0x00002dca       0x26 ./FreeRTOS/tasks.o
                0x00002dca                vTaskDelay
 .text.xTaskDelayUntil
                0x00002df0       0x66 ./FreeRTOS/tasks.o
                0x00002df0                xTaskDelayUntil
 .text.vTaskPlaceOnEventList
                0x00002e56       0x24 ./FreeRTOS/tasks.o
                0x00002e56                vTaskPlaceOnEventList
 .text.vTaskEndScheduler
                0x00002e7a        0xc ./FreeRTOS/tasks.o
                0x00002e7a                vTaskEndScheduler
 .text.prvIdleTask
                0x00002e86       0x52 ./FreeRTOS/tasks.o
 .text.vTaskDelete
                0x00002ed8       0xe4 ./FreeRTOS/tasks.o
                0x00002ed8                vTaskDelete
 .text.xTaskCreate
                0x00002fbc      0x254 ./FreeRTOS/tasks.o
                0x00002fbc                xTaskCreate
 .text.vTaskStartScheduler
                0x00003210       0x54 ./FreeRTOS/tasks.o
                0x00003210                vTaskStartScheduler
 .text.vGasTaskCode
                0x00003264       0x18 ./APP/main.o
                0x00003264                vGasTaskCode
 .text.vLDRTaskCode
                0x0000327c       0x76 ./APP/main.o
                0x0000327c                vLDRTaskCode
 .text.vTempTaskCode
                0x000032f2       0x70 ./APP/main.o
                0x000032f2                vTempTaskCode
 .text.main     0x00003362       0x74 ./APP/main.o
                0x00003362                main
 .text.libgcc   0x000033d6       0x28 c:/users/mk225/downloads/imt_sdk_win_64/winavr/bin/../lib/gcc/avr/4.3.3/avr5\libgcc.a(_udivmodhi4.o)
                0x000033d6                __udivmodhi4
 .text.libgcc   0x000033fe       0x44 c:/users/mk225/downloads/imt_sdk_win_64/winavr/bin/../lib/gcc/avr/4.3.3/avr5\libgcc.a(_udivmodsi4.o)
                0x000033fe                __udivmodsi4
 .text.libgcc   0x00003442        0x0 c:/users/mk225/downloads/imt_sdk_win_64/winavr/bin/../lib/gcc/avr/4.3.3/avr5\libgcc.a(_exit.o)
 .text.libgcc   0x00003442        0x0 c:/users/mk225/downloads/imt_sdk_win_64/winavr/bin/../lib/gcc/avr/4.3.3/avr5\libgcc.a(_copy_data.o)
 .text.libgcc   0x00003442        0x0 c:/users/mk225/downloads/imt_sdk_win_64/winavr/bin/../lib/gcc/avr/4.3.3/avr5\libgcc.a(_clear_bss.o)
 .text.libgcc   0x00003442       0x38 c:/users/mk225/downloads/imt_sdk_win_64/winavr/bin/../lib/gcc/avr/4.3.3/avr5\libgcc.a(_prologue.o)
                0x00003442                __prologue_saves__
 .text.libgcc   0x0000347a       0x36 c:/users/mk225/downloads/imt_sdk_win_64/winavr/bin/../lib/gcc/avr/4.3.3/avr5\libgcc.a(_epilogue.o)
                0x0000347a                __epilogue_restores__
 .text.avr-libc
                0x000034b0       0x12 c:/users/mk225/downloads/imt_sdk_win_64/winavr/bin/../lib/gcc/avr/4.3.3/../../../../avr/lib/avr5\libc.a(memcpy.o)
                0x000034b0                memcpy
 .text.avr-libc
                0x000034c2        0xe c:/users/mk225/downloads/imt_sdk_win_64/winavr/bin/../lib/gcc/avr/4.3.3/../../../../avr/lib/avr5\libc.a(memset.o)
                0x000034c2                memset
                0x000034d0                . = ALIGN (0x2)
 *(.fini9)
 .fini9         0x000034d0        0x0 c:/users/mk225/downloads/imt_sdk_win_64/winavr/bin/../lib/gcc/avr/4.3.3/avr5\libgcc.a(_exit.o)
                0x000034d0                exit
                0x000034d0                _exit
 *(.fini9)
 *(.fini8)
 *(.fini8)
 *(.fini7)
 *(.fini7)
 *(.fini6)
 *(.fini6)
 *(.fini5)
 *(.fini5)
 *(.fini4)
 *(.fini4)
 *(.fini3)
 *(.fini3)
 *(.fini2)
 *(.fini2)
 *(.fini1)
 *(.fini1)
 *(.fini0)
 .fini0         0x000034d0        0x4 c:/users/mk225/downloads/imt_sdk_win_64/winavr/bin/../lib/gcc/avr/4.3.3/avr5\libgcc.a(_exit.o)
 *(.fini0)
                0x000034d4                _etext = .

.data           0x00800060      0x124 load address 0x000034d4
                0x00800060                PROVIDE (__data_start, .)
 *(.data)
 .data          0x00800060        0x0 c:/users/mk225/downloads/imt_sdk_win_64/winavr/bin/../lib/gcc/avr/4.3.3/../../../../avr/lib/avr5/crtm32.o
 .data          0x00800060        0x0 ./MCAL/SPI/SPI.o
 .data          0x00800060        0x0 ./MCAL/ADC/ADC.o
 .data          0x00800060        0x0 ./FreeRTOS/croutine.o
 .data          0x00800060        0x0 ./FreeRTOS/heap_4.o
 .data          0x00800060        0x0 ./FreeRTOS/list.o
 .data          0x00800060        0x0 ./FreeRTOS/port.o
 .data          0x00800060        0x0 ./FreeRTOS/queue.o
 .data          0x00800060        0x5 ./FreeRTOS/tasks.o
 .data          0x00800065        0x0 ./FreeRTOS/timers.o
 .data          0x00800065       0x10 ./APP/main.o
 .data          0x00800075        0x0 c:/users/mk225/downloads/imt_sdk_win_64/winavr/bin/../lib/gcc/avr/4.3.3/avr5\libgcc.a(_udivmodhi4.o)
 .data          0x00800075        0x0 c:/users/mk225/downloads/imt_sdk_win_64/winavr/bin/../lib/gcc/avr/4.3.3/avr5\libgcc.a(_udivmodsi4.o)
 .data          0x00800075        0x0 c:/users/mk225/downloads/imt_sdk_win_64/winavr/bin/../lib/gcc/avr/4.3.3/avr5\libgcc.a(_exit.o)
 .data          0x00800075        0x0 c:/users/mk225/downloads/imt_sdk_win_64/winavr/bin/../lib/gcc/avr/4.3.3/avr5\libgcc.a(_copy_data.o)
 .data          0x00800075        0x0 c:/users/mk225/downloads/imt_sdk_win_64/winavr/bin/../lib/gcc/avr/4.3.3/avr5\libgcc.a(_clear_bss.o)
 .data          0x00800075        0x0 c:/users/mk225/downloads/imt_sdk_win_64/winavr/bin/../lib/gcc/avr/4.3.3/avr5\libgcc.a(_fixunssfsi.o)
 .data          0x00800075        0x0 c:/users/mk225/downloads/imt_sdk_win_64/winavr/bin/../lib/gcc/avr/4.3.3/avr5\libgcc.a(_addsub_sf.o)
 .data          0x00800075        0x0 c:/users/mk225/downloads/imt_sdk_win_64/winavr/bin/../lib/gcc/avr/4.3.3/avr5\libgcc.a(_mul_sf.o)
 .data          0x00800075        0x0 c:/users/mk225/downloads/imt_sdk_win_64/winavr/bin/../lib/gcc/avr/4.3.3/avr5\libgcc.a(_ge_sf.o)
 .data          0x00800075        0x0 c:/users/mk225/downloads/imt_sdk_win_64/winavr/bin/../lib/gcc/avr/4.3.3/avr5\libgcc.a(_si_to_sf.o)
 .data          0x00800075        0x0 c:/users/mk225/downloads/imt_sdk_win_64/winavr/bin/../lib/gcc/avr/4.3.3/avr5\libgcc.a(_sf_to_si.o)
 .data          0x00800075        0x8 c:/users/mk225/downloads/imt_sdk_win_64/winavr/bin/../lib/gcc/avr/4.3.3/avr5\libgcc.a(_thenan_sf.o)
                0x00800075                __thenan_sf
 .data          0x0080007d        0x0 c:/users/mk225/downloads/imt_sdk_win_64/winavr/bin/../lib/gcc/avr/4.3.3/avr5\libgcc.a(_prologue.o)
 .data          0x0080007d        0x0 c:/users/mk225/downloads/imt_sdk_win_64/winavr/bin/../lib/gcc/avr/4.3.3/avr5\libgcc.a(_epilogue.o)
 .data          0x0080007d        0x0 c:/users/mk225/downloads/imt_sdk_win_64/winavr/bin/../lib/gcc/avr/4.3.3/avr5\libgcc.a(_clzsi2.o)
 .data          0x0080007d        0x0 c:/users/mk225/downloads/imt_sdk_win_64/winavr/bin/../lib/gcc/avr/4.3.3/avr5\libgcc.a(_pack_sf.o)
 .data          0x0080007d        0x0 c:/users/mk225/downloads/imt_sdk_win_64/winavr/bin/../lib/gcc/avr/4.3.3/avr5\libgcc.a(_unpack_sf.o)
 .data          0x0080007d        0x0 c:/users/mk225/downloads/imt_sdk_win_64/winavr/bin/../lib/gcc/avr/4.3.3/avr5\libgcc.a(_fpcmp_parts_sf.o)
 .data          0x0080007d      0x100 c:/users/mk225/downloads/imt_sdk_win_64/winavr/bin/../lib/gcc/avr/4.3.3/avr5\libgcc.a(_clz.o)
                0x0080007d                __clz_tab
 .data          0x0080017d        0x0 c:/users/mk225/downloads/imt_sdk_win_64/winavr/bin/../lib/gcc/avr/4.3.3/../../../../avr/lib/avr5\libc.a(memcpy.o)
 .data          0x0080017d        0x0 c:/users/mk225/downloads/imt_sdk_win_64/winavr/bin/../lib/gcc/avr/4.3.3/../../../../avr/lib/avr5\libc.a(memset.o)
 *(.data*)
 .data.uxTopUsedPriority
                0x0080017d        0x1 ./FreeRTOS/tasks.o
                0x0080017d                uxTopUsedPriority
 .data.vref     0x0080017e        0x1 ./APP/main.o
                0x0080017e                vref
 *(.rodata)
 *(.rodata*)
 .rodata.step_size
                0x0080017f        0x4 ./APP/main.o
                0x0080017f                step_size
 *(.gnu.linkonce.d*)
                0x00800184                . = ALIGN (0x2)
 *fill*         0x00800183        0x1 00
                0x00800184                _edata = .
                0x00800184                PROVIDE (__data_end, .)

.bss            0x00800184      0x2e5
                0x00800184                PROVIDE (__bss_start, .)
 *(.bss)
 .bss           0x00800184        0x0 c:/users/mk225/downloads/imt_sdk_win_64/winavr/bin/../lib/gcc/avr/4.3.3/../../../../avr/lib/avr5/crtm32.o
 .bss           0x00800184        0x0 ./MCAL/SPI/SPI.o
 .bss           0x00800184        0x0 ./MCAL/ADC/ADC.o
 .bss           0x00800184        0x0 ./FreeRTOS/croutine.o
 .bss           0x00800184        0x0 ./FreeRTOS/heap_4.o
 .bss           0x00800184        0x0 ./FreeRTOS/list.o
 .bss           0x00800184        0x0 ./FreeRTOS/port.o
 .bss           0x00800184        0x0 ./FreeRTOS/queue.o
 .bss           0x00800184        0x0 ./FreeRTOS/tasks.o
 .bss           0x00800184        0x0 ./FreeRTOS/timers.o
 .bss           0x00800184        0x0 ./APP/main.o
 .bss           0x00800184        0x0 c:/users/mk225/downloads/imt_sdk_win_64/winavr/bin/../lib/gcc/avr/4.3.3/avr5\libgcc.a(_udivmodhi4.o)
 .bss           0x00800184        0x0 c:/users/mk225/downloads/imt_sdk_win_64/winavr/bin/../lib/gcc/avr/4.3.3/avr5\libgcc.a(_udivmodsi4.o)
 .bss           0x00800184        0x0 c:/users/mk225/downloads/imt_sdk_win_64/winavr/bin/../lib/gcc/avr/4.3.3/avr5\libgcc.a(_exit.o)
 .bss           0x00800184        0x0 c:/users/mk225/downloads/imt_sdk_win_64/winavr/bin/../lib/gcc/avr/4.3.3/avr5\libgcc.a(_copy_data.o)
 .bss           0x00800184        0x0 c:/users/mk225/downloads/imt_sdk_win_64/winavr/bin/../lib/gcc/avr/4.3.3/avr5\libgcc.a(_clear_bss.o)
 .bss           0x00800184        0x0 c:/users/mk225/downloads/imt_sdk_win_64/winavr/bin/../lib/gcc/avr/4.3.3/avr5\libgcc.a(_fixunssfsi.o)
 .bss           0x00800184        0x0 c:/users/mk225/downloads/imt_sdk_win_64/winavr/bin/../lib/gcc/avr/4.3.3/avr5\libgcc.a(_addsub_sf.o)
 .bss           0x00800184        0x0 c:/users/mk225/downloads/imt_sdk_win_64/winavr/bin/../lib/gcc/avr/4.3.3/avr5\libgcc.a(_mul_sf.o)
 .bss           0x00800184        0x0 c:/users/mk225/downloads/imt_sdk_win_64/winavr/bin/../lib/gcc/avr/4.3.3/avr5\libgcc.a(_ge_sf.o)
 .bss           0x00800184        0x0 c:/users/mk225/downloads/imt_sdk_win_64/winavr/bin/../lib/gcc/avr/4.3.3/avr5\libgcc.a(_si_to_sf.o)
 .bss           0x00800184        0x0 c:/users/mk225/downloads/imt_sdk_win_64/winavr/bin/../lib/gcc/avr/4.3.3/avr5\libgcc.a(_sf_to_si.o)
 .bss           0x00800184        0x0 c:/users/mk225/downloads/imt_sdk_win_64/winavr/bin/../lib/gcc/avr/4.3.3/avr5\libgcc.a(_thenan_sf.o)
 .bss           0x00800184        0x0 c:/users/mk225/downloads/imt_sdk_win_64/winavr/bin/../lib/gcc/avr/4.3.3/avr5\libgcc.a(_prologue.o)
 .bss           0x00800184        0x0 c:/users/mk225/downloads/imt_sdk_win_64/winavr/bin/../lib/gcc/avr/4.3.3/avr5\libgcc.a(_epilogue.o)
 .bss           0x00800184        0x0 c:/users/mk225/downloads/imt_sdk_win_64/winavr/bin/../lib/gcc/avr/4.3.3/avr5\libgcc.a(_clzsi2.o)
 .bss           0x00800184        0x0 c:/users/mk225/downloads/imt_sdk_win_64/winavr/bin/../lib/gcc/avr/4.3.3/avr5\libgcc.a(_pack_sf.o)
 .bss           0x00800184        0x0 c:/users/mk225/downloads/imt_sdk_win_64/winavr/bin/../lib/gcc/avr/4.3.3/avr5\libgcc.a(_unpack_sf.o)
 .bss           0x00800184        0x0 c:/users/mk225/downloads/imt_sdk_win_64/winavr/bin/../lib/gcc/avr/4.3.3/avr5\libgcc.a(_fpcmp_parts_sf.o)
 .bss           0x00800184        0x0 c:/users/mk225/downloads/imt_sdk_win_64/winavr/bin/../lib/gcc/avr/4.3.3/avr5\libgcc.a(_clz.o)
 .bss           0x00800184        0x0 c:/users/mk225/downloads/imt_sdk_win_64/winavr/bin/../lib/gcc/avr/4.3.3/../../../../avr/lib/avr5\libc.a(memcpy.o)
 .bss           0x00800184        0x0 c:/users/mk225/downloads/imt_sdk_win_64/winavr/bin/../lib/gcc/avr/4.3.3/../../../../avr/lib/avr5\libc.a(memset.o)
 *(.bss*)
 .bss.pxEnd     0x00800184        0x2 ./FreeRTOS/heap_4.o
 .bss.xFreeBytesRemaining
                0x00800186        0x2 ./FreeRTOS/heap_4.o
 .bss.xNumberOfSuccessfulAllocations
                0x00800188        0x2 ./FreeRTOS/heap_4.o
 .bss.xNumberOfSuccessfulFrees
                0x0080018a        0x2 ./FreeRTOS/heap_4.o
 .bss.xMinimumEverFreeBytesRemaining
                0x0080018c        0x2 ./FreeRTOS/heap_4.o
 .bss.ucHeap    0x0080018e      0x258 ./FreeRTOS/heap_4.o
 .bss.xStart    0x008003e6        0x4 ./FreeRTOS/heap_4.o
 .bss.pxCurrentTCB
                0x008003ea        0x2 ./FreeRTOS/tasks.o
                0x008003ea                pxCurrentTCB
 .bss.uxSchedulerSuspended
                0x008003ec        0x1 ./FreeRTOS/tasks.o
 .bss.uxTopReadyPriority
                0x008003ed        0x1 ./FreeRTOS/tasks.o
 .bss.xYieldPending
                0x008003ee        0x1 ./FreeRTOS/tasks.o
 .bss.xTickCount
                0x008003ef        0x2 ./FreeRTOS/tasks.o
 .bss.xNextTaskUnblockTime
                0x008003f1        0x2 ./FreeRTOS/tasks.o
 .bss.xNumOfOverflows
                0x008003f3        0x1 ./FreeRTOS/tasks.o
 .bss.xPendedTicks
                0x008003f4        0x2 ./FreeRTOS/tasks.o
 .bss.uxCurrentNumberOfTasks
                0x008003f6        0x1 ./FreeRTOS/tasks.o
 .bss.xSchedulerRunning
                0x008003f7        0x1 ./FreeRTOS/tasks.o
 .bss.xIdleTaskHandle
                0x008003f8        0x2 ./FreeRTOS/tasks.o
 .bss.uxDeletedTasksWaitingCleanUp
                0x008003fa        0x1 ./FreeRTOS/tasks.o
 .bss.uxTaskNumber
                0x008003fb        0x1 ./FreeRTOS/tasks.o
 .bss.pxReadyTasksLists
                0x008003fc       0x2d ./FreeRTOS/tasks.o
 .bss.xDelayedTaskList1
                0x00800429        0x9 ./FreeRTOS/tasks.o
 .bss.xDelayedTaskList2
                0x00800432        0x9 ./FreeRTOS/tasks.o
 .bss.pxDelayedTaskList
                0x0080043b        0x2 ./FreeRTOS/tasks.o
 .bss.pxOverflowDelayedTaskList
                0x0080043d        0x2 ./FreeRTOS/tasks.o
 .bss.xPendingReadyList
                0x0080043f        0x9 ./FreeRTOS/tasks.o
 .bss.xTasksWaitingTermination
                0x00800448        0x9 ./FreeRTOS/tasks.o
 .bss.BUZ_Enable
                0x00800451        0x1 ./APP/main.o
                0x00800451                BUZ_Enable
 .bss.BUZ_Count
                0x00800452        0x1 ./APP/main.o
                0x00800452                BUZ_Count
 .bss.Gas_Value
                0x00800453        0x1 ./APP/main.o
                0x00800453                Gas_Value
 .bss.LED_Digital_value
                0x00800454        0x4 ./APP/main.o
                0x00800454                LED_Digital_value
 .bss.Current_Temp
                0x00800458        0x1 ./APP/main.o
                0x00800458                Current_Temp
 .bss.analog_value
                0x00800459        0x4 ./APP/main.o
                0x00800459                analog_value
 .bss.Data      0x0080045d        0x1 ./APP/main.o
                0x0080045d                Data
 .bss.LDR_Handle
                0x0080045e        0x2 ./APP/main.o
                0x0080045e                LDR_Handle
 .bss.Temp_Handle
                0x00800460        0x2 ./APP/main.o
                0x00800460                Temp_Handle
 .bss.Gas_Handle
                0x00800462        0x2 ./APP/main.o
                0x00800462                Gas_Handle
 .bss.BUZ1_Handle
                0x00800464        0x2 ./APP/main.o
                0x00800464                BUZ1_Handle
 *(COMMON)
 COMMON         0x00800466        0x3 ./APP/main.o
                0x00800466                xLDRTask
                0x00800467                xTempTask
                0x00800468                xGasTask
                0x00800469                PROVIDE (__bss_end, .)
                0x000034d4                __data_load_start = LOADADDR (.data)
                0x000035f8                __data_load_end = (__data_load_start + SIZEOF (.data))

.noinit         0x00800469        0x0
                0x00800469                PROVIDE (__noinit_start, .)
 *(.noinit*)
                0x00800469                PROVIDE (__noinit_end, .)
                0x00800469                _end = .
                0x00800469                PROVIDE (__heap_start, .)

.eeprom         0x00810000        0x0
 *(.eeprom*)
                0x00810000                __eeprom_end = .

.fuse
 *(.fuse)
 *(.lfuse)
 *(.hfuse)
 *(.efuse)

.lock
 *(.lock*)

.signature
 *(.signature*)

.stab           0x00000000     0x5ef8
 *(.stab)
 .stab          0x00000000      0x480 ./MCAL/SPI/SPI.o
 .stab          0x00000480      0x234 ./MCAL/ADC/ADC.o
                                0x3f0 (size before relaxing)
 .stab          0x000006b4      0x48c ./FreeRTOS/croutine.o
                                0x648 (size before relaxing)
 .stab          0x00000b40      0x9b4 ./FreeRTOS/heap_4.o
                                0xcf0 (size before relaxing)
 .stab          0x000014f4      0x474 ./FreeRTOS/list.o
                                0x870 (size before relaxing)
 .stab          0x00001968      0x558 ./FreeRTOS/port.o
                                0xa14 (size before relaxing)
 .stab          0x00001ec0     0x1668 ./FreeRTOS/queue.o
                               0x1b30 (size before relaxing)
 .stab          0x00003528     0x2058 ./FreeRTOS/tasks.o
                               0x2520 (size before relaxing)
 .stab          0x00005580      0x1a4 ./FreeRTOS/timers.o
                                0x6cc (size before relaxing)
 .stab          0x00005724      0x7d4 ./APP/main.o
                                0x9c0 (size before relaxing)

.stabstr        0x00000000     0x4beb
 *(.stabstr)
 .stabstr       0x00000000     0x4beb ./MCAL/SPI/SPI.o

.stab.excl
 *(.stab.excl)

.stab.exclstr
 *(.stab.exclstr)

.stab.index
 *(.stab.index)

.stab.indexstr
 *(.stab.indexstr)

.comment
 *(.comment)

.debug
 *(.debug)

.line
 *(.line)

.debug_srcinfo
 *(.debug_srcinfo)

.debug_sfnames
 *(.debug_sfnames)

.debug_aranges  0x00000000      0x140
 *(.debug_aranges)
 .debug_aranges
                0x00000000       0x20 c:/users/mk225/downloads/imt_sdk_win_64/winavr/bin/../lib/gcc/avr/4.3.3/avr5\libgcc.a(_fixunssfsi.o)
 .debug_aranges
                0x00000020       0x20 c:/users/mk225/downloads/imt_sdk_win_64/winavr/bin/../lib/gcc/avr/4.3.3/avr5\libgcc.a(_addsub_sf.o)
 .debug_aranges
                0x00000040       0x20 c:/users/mk225/downloads/imt_sdk_win_64/winavr/bin/../lib/gcc/avr/4.3.3/avr5\libgcc.a(_mul_sf.o)
 .debug_aranges
                0x00000060       0x20 c:/users/mk225/downloads/imt_sdk_win_64/winavr/bin/../lib/gcc/avr/4.3.3/avr5\libgcc.a(_ge_sf.o)
 .debug_aranges
                0x00000080       0x20 c:/users/mk225/downloads/imt_sdk_win_64/winavr/bin/../lib/gcc/avr/4.3.3/avr5\libgcc.a(_si_to_sf.o)
 .debug_aranges
                0x000000a0       0x20 c:/users/mk225/downloads/imt_sdk_win_64/winavr/bin/../lib/gcc/avr/4.3.3/avr5\libgcc.a(_sf_to_si.o)
 .debug_aranges
                0x000000c0       0x20 c:/users/mk225/downloads/imt_sdk_win_64/winavr/bin/../lib/gcc/avr/4.3.3/avr5\libgcc.a(_clzsi2.o)
 .debug_aranges
                0x000000e0       0x20 c:/users/mk225/downloads/imt_sdk_win_64/winavr/bin/../lib/gcc/avr/4.3.3/avr5\libgcc.a(_pack_sf.o)
 .debug_aranges
                0x00000100       0x20 c:/users/mk225/downloads/imt_sdk_win_64/winavr/bin/../lib/gcc/avr/4.3.3/avr5\libgcc.a(_unpack_sf.o)
 .debug_aranges
                0x00000120       0x20 c:/users/mk225/downloads/imt_sdk_win_64/winavr/bin/../lib/gcc/avr/4.3.3/avr5\libgcc.a(_fpcmp_parts_sf.o)

.debug_pubnames
                0x00000000      0x195
 *(.debug_pubnames)
 .debug_pubnames
                0x00000000       0x23 c:/users/mk225/downloads/imt_sdk_win_64/winavr/bin/../lib/gcc/avr/4.3.3/avr5\libgcc.a(_fixunssfsi.o)
 .debug_pubnames
                0x00000023       0x2c c:/users/mk225/downloads/imt_sdk_win_64/winavr/bin/../lib/gcc/avr/4.3.3/avr5\libgcc.a(_addsub_sf.o)
 .debug_pubnames
                0x0000004f       0x1f c:/users/mk225/downloads/imt_sdk_win_64/winavr/bin/../lib/gcc/avr/4.3.3/avr5\libgcc.a(_mul_sf.o)
 .debug_pubnames
                0x0000006e       0x1e c:/users/mk225/downloads/imt_sdk_win_64/winavr/bin/../lib/gcc/avr/4.3.3/avr5\libgcc.a(_ge_sf.o)
 .debug_pubnames
                0x0000008c       0x22 c:/users/mk225/downloads/imt_sdk_win_64/winavr/bin/../lib/gcc/avr/4.3.3/avr5\libgcc.a(_si_to_sf.o)
 .debug_pubnames
                0x000000ae       0x20 c:/users/mk225/downloads/imt_sdk_win_64/winavr/bin/../lib/gcc/avr/4.3.3/avr5\libgcc.a(_sf_to_si.o)
 .debug_pubnames
                0x000000ce       0x22 c:/users/mk225/downloads/imt_sdk_win_64/winavr/bin/../lib/gcc/avr/4.3.3/avr5\libgcc.a(_thenan_sf.o)
 .debug_pubnames
                0x000000f0       0x1f c:/users/mk225/downloads/imt_sdk_win_64/winavr/bin/../lib/gcc/avr/4.3.3/avr5\libgcc.a(_clzsi2.o)
 .debug_pubnames
                0x0000010f       0x1f c:/users/mk225/downloads/imt_sdk_win_64/winavr/bin/../lib/gcc/avr/4.3.3/avr5\libgcc.a(_pack_sf.o)
 .debug_pubnames
                0x0000012e       0x21 c:/users/mk225/downloads/imt_sdk_win_64/winavr/bin/../lib/gcc/avr/4.3.3/avr5\libgcc.a(_unpack_sf.o)
 .debug_pubnames
                0x0000014f       0x26 c:/users/mk225/downloads/imt_sdk_win_64/winavr/bin/../lib/gcc/avr/4.3.3/avr5\libgcc.a(_fpcmp_parts_sf.o)
 .debug_pubnames
                0x00000175       0x20 c:/users/mk225/downloads/imt_sdk_win_64/winavr/bin/../lib/gcc/avr/4.3.3/avr5\libgcc.a(_clz.o)

.debug_info     0x00000000     0x1b12
 *(.debug_info)
 .debug_info    0x00000000       0xb1 c:/users/mk225/downloads/imt_sdk_win_64/winavr/bin/../lib/gcc/avr/4.3.3/avr5\libgcc.a(_fixunssfsi.o)
 .debug_info    0x000000b1      0x47a c:/users/mk225/downloads/imt_sdk_win_64/winavr/bin/../lib/gcc/avr/4.3.3/avr5\libgcc.a(_addsub_sf.o)
 .debug_info    0x0000052b      0x485 c:/users/mk225/downloads/imt_sdk_win_64/winavr/bin/../lib/gcc/avr/4.3.3/avr5\libgcc.a(_mul_sf.o)
 .debug_info    0x000009b0      0x27f c:/users/mk225/downloads/imt_sdk_win_64/winavr/bin/../lib/gcc/avr/4.3.3/avr5\libgcc.a(_ge_sf.o)
 .debug_info    0x00000c2f      0x207 c:/users/mk225/downloads/imt_sdk_win_64/winavr/bin/../lib/gcc/avr/4.3.3/avr5\libgcc.a(_si_to_sf.o)
 .debug_info    0x00000e36      0x2b0 c:/users/mk225/downloads/imt_sdk_win_64/winavr/bin/../lib/gcc/avr/4.3.3/avr5\libgcc.a(_sf_to_si.o)
 .debug_info    0x000010e6      0x12c c:/users/mk225/downloads/imt_sdk_win_64/winavr/bin/../lib/gcc/avr/4.3.3/avr5\libgcc.a(_thenan_sf.o)
 .debug_info    0x00001212      0x117 c:/users/mk225/downloads/imt_sdk_win_64/winavr/bin/../lib/gcc/avr/4.3.3/avr5\libgcc.a(_clzsi2.o)
 .debug_info    0x00001329      0x2df c:/users/mk225/downloads/imt_sdk_win_64/winavr/bin/../lib/gcc/avr/4.3.3/avr5\libgcc.a(_pack_sf.o)
 .debug_info    0x00001608      0x251 c:/users/mk225/downloads/imt_sdk_win_64/winavr/bin/../lib/gcc/avr/4.3.3/avr5\libgcc.a(_unpack_sf.o)
 .debug_info    0x00001859      0x210 c:/users/mk225/downloads/imt_sdk_win_64/winavr/bin/../lib/gcc/avr/4.3.3/avr5\libgcc.a(_fpcmp_parts_sf.o)
 .debug_info    0x00001a69       0xa9 c:/users/mk225/downloads/imt_sdk_win_64/winavr/bin/../lib/gcc/avr/4.3.3/avr5\libgcc.a(_clz.o)
 *(.gnu.linkonce.wi.*)

.debug_abbrev   0x00000000      0xead
 *(.debug_abbrev)
 .debug_abbrev  0x00000000       0x5d c:/users/mk225/downloads/imt_sdk_win_64/winavr/bin/../lib/gcc/avr/4.3.3/avr5\libgcc.a(_fixunssfsi.o)
 .debug_abbrev  0x0000005d      0x1ea c:/users/mk225/downloads/imt_sdk_win_64/winavr/bin/../lib/gcc/avr/4.3.3/avr5\libgcc.a(_addsub_sf.o)
 .debug_abbrev  0x00000247      0x21b c:/users/mk225/downloads/imt_sdk_win_64/winavr/bin/../lib/gcc/avr/4.3.3/avr5\libgcc.a(_mul_sf.o)
 .debug_abbrev  0x00000462      0x15a c:/users/mk225/downloads/imt_sdk_win_64/winavr/bin/../lib/gcc/avr/4.3.3/avr5\libgcc.a(_ge_sf.o)
 .debug_abbrev  0x000005bc      0x148 c:/users/mk225/downloads/imt_sdk_win_64/winavr/bin/../lib/gcc/avr/4.3.3/avr5\libgcc.a(_si_to_sf.o)
 .debug_abbrev  0x00000704      0x17f c:/users/mk225/downloads/imt_sdk_win_64/winavr/bin/../lib/gcc/avr/4.3.3/avr5\libgcc.a(_sf_to_si.o)
 .debug_abbrev  0x00000883       0xad c:/users/mk225/downloads/imt_sdk_win_64/winavr/bin/../lib/gcc/avr/4.3.3/avr5\libgcc.a(_thenan_sf.o)
 .debug_abbrev  0x00000930       0xc4 c:/users/mk225/downloads/imt_sdk_win_64/winavr/bin/../lib/gcc/avr/4.3.3/avr5\libgcc.a(_clzsi2.o)
 .debug_abbrev  0x000009f4      0x1c0 c:/users/mk225/downloads/imt_sdk_win_64/winavr/bin/../lib/gcc/avr/4.3.3/avr5\libgcc.a(_pack_sf.o)
 .debug_abbrev  0x00000bb4      0x154 c:/users/mk225/downloads/imt_sdk_win_64/winavr/bin/../lib/gcc/avr/4.3.3/avr5\libgcc.a(_unpack_sf.o)
 .debug_abbrev  0x00000d08      0x13b c:/users/mk225/downloads/imt_sdk_win_64/winavr/bin/../lib/gcc/avr/4.3.3/avr5\libgcc.a(_fpcmp_parts_sf.o)
 .debug_abbrev  0x00000e43       0x6a c:/users/mk225/downloads/imt_sdk_win_64/winavr/bin/../lib/gcc/avr/4.3.3/avr5\libgcc.a(_clz.o)

.debug_line     0x00000000      0xe5d
 *(.debug_line)
 .debug_line    0x00000000       0xa7 c:/users/mk225/downloads/imt_sdk_win_64/winavr/bin/../lib/gcc/avr/4.3.3/avr5\libgcc.a(_fixunssfsi.o)
 .debug_line    0x000000a7      0x2af c:/users/mk225/downloads/imt_sdk_win_64/winavr/bin/../lib/gcc/avr/4.3.3/avr5\libgcc.a(_addsub_sf.o)
 .debug_line    0x00000356      0x239 c:/users/mk225/downloads/imt_sdk_win_64/winavr/bin/../lib/gcc/avr/4.3.3/avr5\libgcc.a(_mul_sf.o)
 .debug_line    0x0000058f       0xd3 c:/users/mk225/downloads/imt_sdk_win_64/winavr/bin/../lib/gcc/avr/4.3.3/avr5\libgcc.a(_ge_sf.o)
 .debug_line    0x00000662      0x135 c:/users/mk225/downloads/imt_sdk_win_64/winavr/bin/../lib/gcc/avr/4.3.3/avr5\libgcc.a(_si_to_sf.o)
 .debug_line    0x00000797      0x109 c:/users/mk225/downloads/imt_sdk_win_64/winavr/bin/../lib/gcc/avr/4.3.3/avr5\libgcc.a(_sf_to_si.o)
 .debug_line    0x000008a0       0x90 c:/users/mk225/downloads/imt_sdk_win_64/winavr/bin/../lib/gcc/avr/4.3.3/avr5\libgcc.a(_thenan_sf.o)
 .debug_line    0x00000930       0xa5 c:/users/mk225/downloads/imt_sdk_win_64/winavr/bin/../lib/gcc/avr/4.3.3/avr5\libgcc.a(_clzsi2.o)
 .debug_line    0x000009d5      0x18a c:/users/mk225/downloads/imt_sdk_win_64/winavr/bin/../lib/gcc/avr/4.3.3/avr5\libgcc.a(_pack_sf.o)
 .debug_line    0x00000b5f      0x14b c:/users/mk225/downloads/imt_sdk_win_64/winavr/bin/../lib/gcc/avr/4.3.3/avr5\libgcc.a(_unpack_sf.o)
 .debug_line    0x00000caa      0x137 c:/users/mk225/downloads/imt_sdk_win_64/winavr/bin/../lib/gcc/avr/4.3.3/avr5\libgcc.a(_fpcmp_parts_sf.o)
 .debug_line    0x00000de1       0x7c c:/users/mk225/downloads/imt_sdk_win_64/winavr/bin/../lib/gcc/avr/4.3.3/avr5\libgcc.a(_clz.o)

.debug_frame    0x00000000      0x160
 *(.debug_frame)
 .debug_frame   0x00000000       0x20 c:/users/mk225/downloads/imt_sdk_win_64/winavr/bin/../lib/gcc/avr/4.3.3/avr5\libgcc.a(_fixunssfsi.o)
 .debug_frame   0x00000020       0x40 c:/users/mk225/downloads/imt_sdk_win_64/winavr/bin/../lib/gcc/avr/4.3.3/avr5\libgcc.a(_addsub_sf.o)
 .debug_frame   0x00000060       0x20 c:/users/mk225/downloads/imt_sdk_win_64/winavr/bin/../lib/gcc/avr/4.3.3/avr5\libgcc.a(_mul_sf.o)
 .debug_frame   0x00000080       0x20 c:/users/mk225/downloads/imt_sdk_win_64/winavr/bin/../lib/gcc/avr/4.3.3/avr5\libgcc.a(_ge_sf.o)
 .debug_frame   0x000000a0       0x20 c:/users/mk225/downloads/imt_sdk_win_64/winavr/bin/../lib/gcc/avr/4.3.3/avr5\libgcc.a(_si_to_sf.o)
 .debug_frame   0x000000c0       0x20 c:/users/mk225/downloads/imt_sdk_win_64/winavr/bin/../lib/gcc/avr/4.3.3/avr5\libgcc.a(_sf_to_si.o)
 .debug_frame   0x000000e0       0x20 c:/users/mk225/downloads/imt_sdk_win_64/winavr/bin/../lib/gcc/avr/4.3.3/avr5\libgcc.a(_clzsi2.o)
 .debug_frame   0x00000100       0x20 c:/users/mk225/downloads/imt_sdk_win_64/winavr/bin/../lib/gcc/avr/4.3.3/avr5\libgcc.a(_pack_sf.o)
 .debug_frame   0x00000120       0x20 c:/users/mk225/downloads/imt_sdk_win_64/winavr/bin/../lib/gcc/avr/4.3.3/avr5\libgcc.a(_unpack_sf.o)
 .debug_frame   0x00000140       0x20 c:/users/mk225/downloads/imt_sdk_win_64/winavr/bin/../lib/gcc/avr/4.3.3/avr5\libgcc.a(_fpcmp_parts_sf.o)

.debug_str      0x00000000      0x2ae
 *(.debug_str)
 .debug_str     0x00000000       0xbf c:/users/mk225/downloads/imt_sdk_win_64/winavr/bin/../lib/gcc/avr/4.3.3/avr5\libgcc.a(_fixunssfsi.o)
                                 0xfe (size before relaxing)
 .debug_str     0x000000bf      0x14d c:/users/mk225/downloads/imt_sdk_win_64/winavr/bin/../lib/gcc/avr/4.3.3/avr5\libgcc.a(_addsub_sf.o)
                                0x206 (size before relaxing)
 .debug_str     0x0000020c       0x27 c:/users/mk225/downloads/imt_sdk_win_64/winavr/bin/../lib/gcc/avr/4.3.3/avr5\libgcc.a(_mul_sf.o)
                                0x1bf (size before relaxing)
 .debug_str     0x00000233        0x8 c:/users/mk225/downloads/imt_sdk_win_64/winavr/bin/../lib/gcc/avr/4.3.3/avr5\libgcc.a(_ge_sf.o)
                                0x195 (size before relaxing)
 .debug_str     0x0000023b       0x1e c:/users/mk225/downloads/imt_sdk_win_64/winavr/bin/../lib/gcc/avr/4.3.3/avr5\libgcc.a(_si_to_sf.o)
                                0x17b (size before relaxing)
 .debug_str     0x00000259        0xa c:/users/mk225/downloads/imt_sdk_win_64/winavr/bin/../lib/gcc/avr/4.3.3/avr5\libgcc.a(_sf_to_si.o)
                                0x19e (size before relaxing)
 .debug_str     0x00000000      0x103 c:/users/mk225/downloads/imt_sdk_win_64/winavr/bin/../lib/gcc/avr/4.3.3/avr5\libgcc.a(_thenan_sf.o)
 .debug_str     0x00000263       0x20 c:/users/mk225/downloads/imt_sdk_win_64/winavr/bin/../lib/gcc/avr/4.3.3/avr5\libgcc.a(_clzsi2.o)
                                0x111 (size before relaxing)
 .debug_str     0x00000283       0x10 c:/users/mk225/downloads/imt_sdk_win_64/winavr/bin/../lib/gcc/avr/4.3.3/avr5\libgcc.a(_pack_sf.o)
                                0x19d (size before relaxing)
 .debug_str     0x00000293        0xb c:/users/mk225/downloads/imt_sdk_win_64/winavr/bin/../lib/gcc/avr/4.3.3/avr5\libgcc.a(_unpack_sf.o)
                                0x17f (size before relaxing)
 .debug_str     0x0000029e       0x10 c:/users/mk225/downloads/imt_sdk_win_64/winavr/bin/../lib/gcc/avr/4.3.3/avr5\libgcc.a(_fpcmp_parts_sf.o)
                                0x163 (size before relaxing)
 .debug_str     0x00000000       0xf4 c:/users/mk225/downloads/imt_sdk_win_64/winavr/bin/../lib/gcc/avr/4.3.3/avr5\libgcc.a(_clz.o)

.debug_loc      0x00000000      0x896
 *(.debug_loc)
 .debug_loc     0x00000000       0x34 c:/users/mk225/downloads/imt_sdk_win_64/winavr/bin/../lib/gcc/avr/4.3.3/avr5\libgcc.a(_fixunssfsi.o)
 .debug_loc     0x00000034      0x32a c:/users/mk225/downloads/imt_sdk_win_64/winavr/bin/../lib/gcc/avr/4.3.3/avr5\libgcc.a(_addsub_sf.o)
 .debug_loc     0x0000035e      0x104 c:/users/mk225/downloads/imt_sdk_win_64/winavr/bin/../lib/gcc/avr/4.3.3/avr5\libgcc.a(_mul_sf.o)
 .debug_loc     0x00000462       0x3c c:/users/mk225/downloads/imt_sdk_win_64/winavr/bin/../lib/gcc/avr/4.3.3/avr5\libgcc.a(_ge_sf.o)
 .debug_loc     0x0000049e       0xac c:/users/mk225/downloads/imt_sdk_win_64/winavr/bin/../lib/gcc/avr/4.3.3/avr5\libgcc.a(_si_to_sf.o)
 .debug_loc     0x0000054a       0x7e c:/users/mk225/downloads/imt_sdk_win_64/winavr/bin/../lib/gcc/avr/4.3.3/avr5\libgcc.a(_sf_to_si.o)
 .debug_loc     0x000005c8       0x94 c:/users/mk225/downloads/imt_sdk_win_64/winavr/bin/../lib/gcc/avr/4.3.3/avr5\libgcc.a(_clzsi2.o)
 .debug_loc     0x0000065c      0x13e c:/users/mk225/downloads/imt_sdk_win_64/winavr/bin/../lib/gcc/avr/4.3.3/avr5\libgcc.a(_pack_sf.o)
 .debug_loc     0x0000079a       0xac c:/users/mk225/downloads/imt_sdk_win_64/winavr/bin/../lib/gcc/avr/4.3.3/avr5\libgcc.a(_unpack_sf.o)
 .debug_loc     0x00000846       0x50 c:/users/mk225/downloads/imt_sdk_win_64/winavr/bin/../lib/gcc/avr/4.3.3/avr5\libgcc.a(_fpcmp_parts_sf.o)

.debug_macinfo
 *(.debug_macinfo)
OUTPUT(SLAVE.elf elf32-avr)
LOAD linker stubs

.debug_ranges   0x00000000       0x50
 .debug_ranges  0x00000000       0x50 c:/users/mk225/downloads/imt_sdk_win_64/winavr/bin/../lib/gcc/avr/4.3.3/avr5\libgcc.a(_mul_sf.o)
