Archive member included because of file (symbol)

c:/users/mk225/downloads/imt_sdk_win_64/winavr/bin/../lib/gcc/avr/4.3.3/avr5\libgcc.a(_udivmodhi4.o)
                              ./heap_4.o (__udivmodhi4)
c:/users/mk225/downloads/imt_sdk_win_64/winavr/bin/../lib/gcc/avr/4.3.3/avr5\libgcc.a(_exit.o)
                              c:/users/mk225/downloads/imt_sdk_win_64/winavr/bin/../lib/gcc/avr/4.3.3/../../../../avr/lib/avr5/crtm32.o (exit)
c:/users/mk225/downloads/imt_sdk_win_64/winavr/bin/../lib/gcc/avr/4.3.3/avr5\libgcc.a(_copy_data.o)
                              ./repo/HAL/KEYPAD/UTILS.o (__do_copy_data)
c:/users/mk225/downloads/imt_sdk_win_64/winavr/bin/../lib/gcc/avr/4.3.3/avr5\libgcc.a(_clear_bss.o)
                              ./heap_4.o (__do_clear_bss)
c:/users/mk225/downloads/imt_sdk_win_64/winavr/bin/../lib/gcc/avr/4.3.3/../../../../avr/lib/avr5\libc.a(memcpy.o)
                              ./queue.o (memcpy)
c:/users/mk225/downloads/imt_sdk_win_64/winavr/bin/../lib/gcc/avr/4.3.3/../../../../avr/lib/avr5\libc.a(memset.o)
                              ./heap_4.o (memset)
c:/users/mk225/downloads/imt_sdk_win_64/winavr/bin/../lib/gcc/avr/4.3.3/../../../../avr/lib/avr5\libc.a(strncmp.o)
                              ./main.o (strncmp)

Allocating common symbols
Common symbol       size              file

xOpenDoorTask       0x1               ./main.o

Memory Configuration

Name             Origin             Length             Attributes
text             0x00000000         0x00020000         xr
data             0x00800060         0x0000ffa0         rw !x
eeprom           0x00810000         0x00010000         rw !x
fuse             0x00820000         0x00000400         rw !x
lock             0x00830000         0x00000400         rw !x
signature        0x00840000         0x00000400         rw !x
*default*        0x00000000         0xffffffff

Linker script and memory map

LOAD c:/users/mk225/downloads/imt_sdk_win_64/winavr/bin/../lib/gcc/avr/4.3.3/../../../../avr/lib/avr5/crtm32.o
LOAD ./repo/MCAL/DIO/UTILS.o
LOAD ./repo/HAL/LCD/UTILS.o
LOAD ./repo/HAL/KEYPAD/UTILS.o
LOAD ./MCAL/SPI/SPI.o
LOAD ./MCAL/ADC/ADC.o
LOAD ./MCAL/01_DIO/DIO_program.o
LOAD ./HAL/LCD/LCD.o
LOAD ./HAL/KEY_PAD/KEY_PAD.o
LOAD ./croutine.o
LOAD ./heap_4.o
LOAD ./list.o
LOAD ./main.o
LOAD ./port.o
LOAD ./queue.o
LOAD ./tasks.o
LOAD ./timers.o
LOAD c:/users/mk225/downloads/imt_sdk_win_64/winavr/bin/../lib/gcc/avr/4.3.3/avr5\libgcc.a
LOAD c:/users/mk225/downloads/imt_sdk_win_64/winavr/bin/../lib/gcc/avr/4.3.3/../../../../avr/lib/avr5\libc.a
LOAD c:/users/mk225/downloads/imt_sdk_win_64/winavr/bin/../lib/gcc/avr/4.3.3/avr5\libgcc.a

.hash
 *(.hash)

.dynsym
 *(.dynsym)

.dynstr
 *(.dynstr)

.gnu.version
 *(.gnu.version)

.gnu.version_d
 *(.gnu.version_d)

.gnu.version_r
 *(.gnu.version_r)

.rel.init
 *(.rel.init)

.rela.init
 *(.rela.init)

.rel.text
 *(.rel.text)
 *(.rel.text.*)
 *(.rel.gnu.linkonce.t*)

.rela.text
 *(.rela.text)
 *(.rela.text.*)
 *(.rela.gnu.linkonce.t*)

.rel.fini
 *(.rel.fini)

.rela.fini
 *(.rela.fini)

.rel.rodata
 *(.rel.rodata)
 *(.rel.rodata.*)
 *(.rel.gnu.linkonce.r*)

.rela.rodata
 *(.rela.rodata)
 *(.rela.rodata.*)
 *(.rela.gnu.linkonce.r*)

.rel.data
 *(.rel.data)
 *(.rel.data.*)
 *(.rel.gnu.linkonce.d*)

.rela.data
 *(.rela.data)
 *(.rela.data.*)
 *(.rela.gnu.linkonce.d*)

.rel.ctors
 *(.rel.ctors)

.rela.ctors
 *(.rela.ctors)

.rel.dtors
 *(.rel.dtors)

.rela.dtors
 *(.rela.dtors)

.rel.got
 *(.rel.got)

.rela.got
 *(.rela.got)

.rel.bss
 *(.rel.bss)

.rela.bss
 *(.rela.bss)

.rel.plt
 *(.rel.plt)

.rela.plt
 *(.rela.plt)

.text           0x00000000     0x3420
 *(.vectors)
 .vectors       0x00000000       0x54 c:/users/mk225/downloads/imt_sdk_win_64/winavr/bin/../lib/gcc/avr/4.3.3/../../../../avr/lib/avr5/crtm32.o
                0x00000000                __vectors
                0x00000000                __vector_default
 *(.vectors)
 *(.progmem.gcc*)
 *(.progmem*)
                0x00000054                . = ALIGN (0x2)
                0x00000054                __trampolines_start = .
 *(.trampolines)
 .trampolines   0x00000054        0x0 linker stubs
 *(.trampolines*)
                0x00000054                __trampolines_end = .
 *(.jumptables)
 *(.jumptables*)
 *(.lowtext)
 *(.lowtext*)
                0x00000054                __ctors_start = .
 *(.ctors)
                0x00000054                __ctors_end = .
                0x00000054                __dtors_start = .
 *(.dtors)
                0x00000054                __dtors_end = .
 SORT(*)(.ctors)
 SORT(*)(.dtors)
 *(.init0)
 .init0         0x00000054        0x0 c:/users/mk225/downloads/imt_sdk_win_64/winavr/bin/../lib/gcc/avr/4.3.3/../../../../avr/lib/avr5/crtm32.o
                0x00000054                __init
 *(.init0)
 *(.init1)
 *(.init1)
 *(.init2)
 .init2         0x00000054        0xc c:/users/mk225/downloads/imt_sdk_win_64/winavr/bin/../lib/gcc/avr/4.3.3/../../../../avr/lib/avr5/crtm32.o
 *(.init2)
 *(.init3)
 *(.init3)
 *(.init4)
 .init4         0x00000060       0x16 c:/users/mk225/downloads/imt_sdk_win_64/winavr/bin/../lib/gcc/avr/4.3.3/avr5\libgcc.a(_copy_data.o)
                0x00000060                __do_copy_data
 .init4         0x00000076       0x10 c:/users/mk225/downloads/imt_sdk_win_64/winavr/bin/../lib/gcc/avr/4.3.3/avr5\libgcc.a(_clear_bss.o)
                0x00000076                __do_clear_bss
 *(.init4)
 *(.init5)
 *(.init5)
 *(.init6)
 *(.init6)
 *(.init7)
 *(.init7)
 *(.init8)
 *(.init8)
 *(.init9)
 .init9         0x00000086        0x8 c:/users/mk225/downloads/imt_sdk_win_64/winavr/bin/../lib/gcc/avr/4.3.3/../../../../avr/lib/avr5/crtm32.o
 *(.init9)
 *(.text)
 .text          0x0000008e        0x4 c:/users/mk225/downloads/imt_sdk_win_64/winavr/bin/../lib/gcc/avr/4.3.3/../../../../avr/lib/avr5/crtm32.o
                0x0000008e                __vector_1
                0x0000008e                __vector_12
                0x0000008e                __bad_interrupt
                0x0000008e                __vector_6
                0x0000008e                __vector_3
                0x0000008e                __vector_11
                0x0000008e                __vector_13
                0x0000008e                __vector_17
                0x0000008e                __vector_19
                0x0000008e                __vector_5
                0x0000008e                __vector_4
                0x0000008e                __vector_9
                0x0000008e                __vector_2
                0x0000008e                __vector_15
                0x0000008e                __vector_8
                0x0000008e                __vector_14
                0x0000008e                __vector_10
                0x0000008e                __vector_16
                0x0000008e                __vector_18
                0x0000008e                __vector_20
 .text          0x00000092        0x0 ./repo/MCAL/DIO/UTILS.o
 .text          0x00000092        0x0 ./repo/HAL/LCD/UTILS.o
 .text          0x00000092        0x0 ./repo/HAL/KEYPAD/UTILS.o
 .text          0x00000092        0x0 ./MCAL/SPI/SPI.o
 .text          0x00000092        0x0 ./MCAL/ADC/ADC.o
 .text          0x00000092        0x0 ./MCAL/01_DIO/DIO_program.o
 .text          0x00000092        0x0 ./HAL/LCD/LCD.o
 .text          0x00000092        0x0 ./HAL/KEY_PAD/KEY_PAD.o
 .text          0x00000092        0x0 ./croutine.o
 .text          0x00000092        0x0 ./heap_4.o
 .text          0x00000092        0x0 ./list.o
 .text          0x00000092        0x0 ./main.o
 .text          0x00000092        0x0 ./port.o
 .text          0x00000092        0x0 ./queue.o
 .text          0x00000092        0x0 ./tasks.o
 .text          0x00000092        0x0 ./timers.o
 .text          0x00000092        0x0 c:/users/mk225/downloads/imt_sdk_win_64/winavr/bin/../lib/gcc/avr/4.3.3/avr5\libgcc.a(_udivmodhi4.o)
 .text          0x00000092        0x0 c:/users/mk225/downloads/imt_sdk_win_64/winavr/bin/../lib/gcc/avr/4.3.3/avr5\libgcc.a(_exit.o)
 .text          0x00000092        0x0 c:/users/mk225/downloads/imt_sdk_win_64/winavr/bin/../lib/gcc/avr/4.3.3/avr5\libgcc.a(_copy_data.o)
 .text          0x00000092        0x0 c:/users/mk225/downloads/imt_sdk_win_64/winavr/bin/../lib/gcc/avr/4.3.3/avr5\libgcc.a(_clear_bss.o)
 .text          0x00000092        0x0 c:/users/mk225/downloads/imt_sdk_win_64/winavr/bin/../lib/gcc/avr/4.3.3/../../../../avr/lib/avr5\libc.a(memcpy.o)
 .text          0x00000092        0x0 c:/users/mk225/downloads/imt_sdk_win_64/winavr/bin/../lib/gcc/avr/4.3.3/../../../../avr/lib/avr5\libc.a(memset.o)
 .text          0x00000092        0x0 c:/users/mk225/downloads/imt_sdk_win_64/winavr/bin/../lib/gcc/avr/4.3.3/../../../../avr/lib/avr5\libc.a(strncmp.o)
                0x00000092                . = ALIGN (0x2)
 *(.text.*)
 .text.SET_PORT_TYPE
                0x00000092       0x4a ./repo/MCAL/DIO/UTILS.o
                0x00000092                SET_PORT_TYPE
 .text.SET_PORT_VALUE
                0x000000dc       0x22 ./repo/MCAL/DIO/UTILS.o
                0x000000dc                SET_PORT_VALUE
 .text.SET_PIN_TYPE
                0x000000fe       0xdc ./repo/MCAL/DIO/UTILS.o
                0x000000fe                SET_PIN_TYPE
 .text.SET_PIN_VALUE
                0x000001da       0xdc ./repo/MCAL/DIO/UTILS.o
                0x000001da                SET_PIN_VALUE
 .text.GET_PIN_VALUE
                0x000002b6       0x3e ./repo/MCAL/DIO/UTILS.o
                0x000002b6                GET_PIN_VALUE
 .text.LCD_WRITE_DATA
                0x000002f4       0x1c ./repo/HAL/LCD/UTILS.o
                0x000002f4                LCD_WRITE_DATA
 .text.LCD_WRITE_CMD
                0x00000310       0x1c ./repo/HAL/LCD/UTILS.o
                0x00000310                LCD_WRITE_CMD
 .text.LCD_INIT
                0x0000032c       0x54 ./repo/HAL/LCD/UTILS.o
                0x0000032c                LCD_INIT
 .text.LCD_SET_CURSOR_POSITION
                0x00000380       0x26 ./repo/HAL/LCD/UTILS.o
                0x00000380                LCD_SET_CURSOR_POSITION
 .text.LCD_WRITE_STRING
                0x000003a6       0x3c ./repo/HAL/LCD/UTILS.o
                0x000003a6                LCD_WRITE_STRING
 .text.LCD_SAVE_CUSTOM_CHAR
                0x000003e2       0x5e ./repo/HAL/LCD/UTILS.o
                0x000003e2                LCD_SAVE_CUSTOM_CHAR
 .text.LCD_SET_CURSOR_POSITION_WITH_OFFSET
                0x00000440       0x1a ./repo/HAL/LCD/UTILS.o
                0x00000440                LCD_SET_CURSOR_POSITION_WITH_OFFSET
 .text.LCD_CLR_RANGE
                0x0000045a       0x4c ./repo/HAL/LCD/UTILS.o
                0x0000045a                LCD_CLR_RANGE
 .text.LCD_WRITE_CENTER_STRING
                0x000004a6       0x4e ./repo/HAL/LCD/UTILS.o
                0x000004a6                LCD_WRITE_CENTER_STRING
 .text.KEYPAD_INIT
                0x000004f4       0x4e ./repo/HAL/KEYPAD/UTILS.o
                0x000004f4                KEYPAD_INIT
 .text.KEYPAD_INPUT
                0x00000542       0xa0 ./repo/HAL/KEYPAD/UTILS.o
                0x00000542                KEYPAD_INPUT
 .text.SPI_voidInit
                0x000005e2       0x28 ./MCAL/SPI/SPI.o
                0x000005e2                SPI_voidInit
 .text.SPI_u8transcieve
                0x0000060a        0xa ./MCAL/SPI/SPI.o
                0x0000060a                SPI_u8transcieve
 .text.ADC_init
                0x00000614        0x6 ./MCAL/ADC/ADC.o
                0x00000614                ADC_init
 .text.ADC_read
                0x0000061a       0x22 ./MCAL/ADC/ADC.o
                0x0000061a                ADC_read
 .text.DIO_SetPinDir
                0x0000063c       0xe6 ./MCAL/01_DIO/DIO_program.o
                0x0000063c                DIO_SetPinDir
 .text.DIO_SetPinValue
                0x00000722       0xe6 ./MCAL/01_DIO/DIO_program.o
                0x00000722                DIO_SetPinValue
 .text.DIO_GetPinValue
                0x00000808       0x40 ./MCAL/01_DIO/DIO_program.o
                0x00000808                DIO_GetPinValue
 .text.void_LCDWriteData
                0x00000848       0x1c ./HAL/LCD/LCD.o
                0x00000848                void_LCDWriteData
 .text.void_LCDWriteCmd
                0x00000864       0x1c ./HAL/LCD/LCD.o
                0x00000864                void_LCDWriteCmd
 .text.void_LCDini
                0x00000880       0x4c ./HAL/LCD/LCD.o
                0x00000880                void_LCDini
 .text.void_LCDSetCursorLocation
                0x000008cc       0x26 ./HAL/LCD/LCD.o
                0x000008cc                void_LCDSetCursorLocation
 .text.void_LCDWriteString
                0x000008f2       0x3c ./HAL/LCD/LCD.o
                0x000008f2                void_LCDWriteString
 .text.void_LCDSaveCustomChar
                0x0000092e       0x5e ./HAL/LCD/LCD.o
                0x0000092e                void_LCDSaveCustomChar
 .text.KeyPad_u8ReadInput
                0x0000098c       0xa0 ./HAL/KEY_PAD/KEY_PAD.o
                0x0000098c                KeyPad_u8ReadInput
 .text.KeyPad_voidinit
                0x00000a2c       0x4e ./HAL/KEY_PAD/KEY_PAD.o
                0x00000a2c                KeyPad_voidinit
 .text.xPortGetFreeHeapSize
                0x00000a7a        0xa ./heap_4.o
                0x00000a7a                xPortGetFreeHeapSize
 .text.xPortGetMinimumEverFreeHeapSize
                0x00000a84        0xa ./heap_4.o
                0x00000a84                xPortGetMinimumEverFreeHeapSize
 .text.vPortInitialiseBlocks
                0x00000a8e        0x2 ./heap_4.o
                0x00000a8e                vPortInitialiseBlocks
 .text.prvInsertBlockIntoFreeList
                0x00000a90       0x86 ./heap_4.o
 .text.vPortGetHeapStats
                0x00000b16       0xc8 ./heap_4.o
                0x00000b16                vPortGetHeapStats
 .text.vPortFree
                0x00000bde       0x60 ./heap_4.o
                0x00000bde                vPortFree
 .text.pvPortMalloc
                0x00000c3e      0x170 ./heap_4.o
                0x00000c3e                pvPortMalloc
 .text.pvPortCalloc
                0x00000dae       0x5a ./heap_4.o
                0x00000dae                pvPortCalloc
 .text.vListInitialise
                0x00000e08       0x20 ./list.o
                0x00000e08                vListInitialise
 .text.vListInitialiseItem
                0x00000e28        0x8 ./list.o
                0x00000e28                vListInitialiseItem
 .text.vListInsertEnd
                0x00000e30       0x3e ./list.o
                0x00000e30                vListInsertEnd
 .text.vListInsert
                0x00000e6e       0x64 ./list.o
                0x00000e6e                vListInsert
 .text.uxListRemove
                0x00000ed2       0x56 ./list.o
                0x00000ed2                uxListRemove
 .text.message  0x00000f28       0x40 ./main.o
                0x00000f28                message
 .text.greetingText
                0x00000f68       0x34 ./main.o
                0x00000f68                greetingText
 .text.getUserId
                0x00000f9c       0x44 ./main.o
                0x00000f9c                getUserId
 .text.isPasswordValid
                0x00000fe0      0x16c ./main.o
                0x00000fe0                isPasswordValid
 .text.isValidUser
                0x0000114c       0x2c ./main.o
                0x0000114c                isValidUser
 .text.vDoorTaskCode
                0x00001178       0x3c ./main.o
                0x00001178                vDoorTaskCode
 .text.main     0x000011b4       0x88 ./main.o
                0x000011b4                main
 .text.pxPortInitialiseStack
                0x0000123c       0x90 ./port.o
                0x0000123c                pxPortInitialiseStack
 .text.xPortStartScheduler
                0x000012cc       0x6a ./port.o
                0x000012cc                xPortStartScheduler
 .text.vPortEndScheduler
                0x00001336        0x2 ./port.o
                0x00001336                vPortEndScheduler
 .text.vPortYieldFromTick
                0x00001338       0xba ./port.o
                0x00001338                vPortYieldFromTick
 .text.__vector_7
                0x000013f2        0x6 ./port.o
                0x000013f2                __vector_7
 .text.vPortYield
                0x000013f8       0xb2 ./port.o
                0x000013f8                vPortYield
 .text.uxQueueMessagesWaiting
                0x000014aa       0x10 ./queue.o
                0x000014aa                uxQueueMessagesWaiting
 .text.uxQueueSpacesAvailable
                0x000014ba       0x14 ./queue.o
                0x000014ba                uxQueueSpacesAvailable
 .text.uxQueueMessagesWaitingFromISR
                0x000014ce        0x6 ./queue.o
                0x000014ce                uxQueueMessagesWaitingFromISR
 .text.xQueueIsQueueEmptyFromISR
                0x000014d4       0x10 ./queue.o
                0x000014d4                xQueueIsQueueEmptyFromISR
 .text.xQueueIsQueueFullFromISR
                0x000014e4       0x12 ./queue.o
                0x000014e4                xQueueIsQueueFullFromISR
 .text.vQueueDelete
                0x000014f6        0x6 ./queue.o
                0x000014f6                vQueueDelete
 .text.prvCopyDataFromQueue
                0x000014fc       0x3c ./queue.o
 .text.xQueuePeekFromISR
                0x00001538       0x2a ./queue.o
                0x00001538                xQueuePeekFromISR
 .text.prvCopyDataToQueue
                0x00001562       0x94 ./queue.o
 .text.xQueueReceiveFromISR
                0x000015f6       0x64 ./queue.o
                0x000015f6                xQueueReceiveFromISR
 .text.xQueueGiveFromISR
                0x0000165a       0x5e ./queue.o
                0x0000165a                xQueueGiveFromISR
 .text.xQueueGenericSendFromISR
                0x000016b8       0x68 ./queue.o
                0x000016b8                xQueueGenericSendFromISR
 .text.prvUnlockQueue
                0x00001720       0x84 ./queue.o
 .text.xQueuePeek
                0x000017a4      0x152 ./queue.o
                0x000017a4                xQueuePeek
 .text.xQueueSemaphoreTake
                0x000018f6      0x13e ./queue.o
                0x000018f6                xQueueSemaphoreTake
 .text.xQueueReceive
                0x00001a34      0x156 ./queue.o
                0x00001a34                xQueueReceive
 .text.xQueueGenericSend
                0x00001b8a      0x156 ./queue.o
                0x00001b8a                xQueueGenericSend
 .text.xQueueGenericReset
                0x00001ce0       0xb4 ./queue.o
                0x00001ce0                xQueueGenericReset
 .text.xQueueGenericCreate
                0x00001d94       0x70 ./queue.o
                0x00001d94                xQueueGenericCreate
 .text.vTaskSuspendAll
                0x00001e04        0xc ./tasks.o
                0x00001e04                vTaskSuspendAll
 .text.xTaskGetTickCount
                0x00001e10       0x16 ./tasks.o
                0x00001e10                xTaskGetTickCount
 .text.xTaskGetTickCountFromISR
                0x00001e26        0xc ./tasks.o
                0x00001e26                xTaskGetTickCountFromISR
 .text.uxTaskGetNumberOfTasks
                0x00001e32        0x6 ./tasks.o
                0x00001e32                uxTaskGetNumberOfTasks
 .text.pcTaskGetName
                0x00001e38       0x16 ./tasks.o
                0x00001e38                pcTaskGetName
 .text.xTaskIncrementTick
                0x00001e4e      0x230 ./tasks.o
                0x00001e4e                xTaskIncrementTick
 .text.vTaskSwitchContext
                0x0000207e       0x74 ./tasks.o
                0x0000207e                vTaskSwitchContext
 .text.xTaskRemoveFromEventList
                0x000020f2      0x166 ./tasks.o
                0x000020f2                xTaskRemoveFromEventList
 .text.vTaskRemoveFromUnorderedEventList
                0x00002258      0x134 ./tasks.o
                0x00002258                vTaskRemoveFromUnorderedEventList
 .text.vTaskSetTimeOutState
                0x0000238c       0x20 ./tasks.o
                0x0000238c                vTaskSetTimeOutState
 .text.vTaskInternalSetTimeOutState
                0x000023ac       0x16 ./tasks.o
                0x000023ac                vTaskInternalSetTimeOutState
 .text.xTaskCheckForTimeOut
                0x000023c2       0x6a ./tasks.o
                0x000023c2                xTaskCheckForTimeOut
 .text.vTaskMissedYield
                0x0000242c        0x8 ./tasks.o
                0x0000242c                vTaskMissedYield
 .text.xTaskGetCurrentTaskHandle
                0x00002434        0xc ./tasks.o
                0x00002434                xTaskGetCurrentTaskHandle
 .text.uxTaskResetEventItemValue
                0x00002440       0x30 ./tasks.o
                0x00002440                uxTaskResetEventItemValue
 .text.xTaskGenericNotifyFromISR
                0x00002470      0x1f8 ./tasks.o
                0x00002470                xTaskGenericNotifyFromISR
 .text.vTaskGenericNotifyGiveFromISR
                0x00002668      0x164 ./tasks.o
                0x00002668                vTaskGenericNotifyGiveFromISR
 .text.xTaskGenericNotifyStateClear
                0x000027cc       0x2c ./tasks.o
                0x000027cc                xTaskGenericNotifyStateClear
 .text.ulTaskGenericNotifyValueClear
                0x000027f8       0x68 ./tasks.o
                0x000027f8                ulTaskGenericNotifyValueClear
 .text.xTaskGenericNotify
                0x00002860      0x19c ./tasks.o
                0x00002860                xTaskGenericNotify
 .text.xTaskResumeAll
                0x000029fc      0x1bc ./tasks.o
                0x000029fc                xTaskResumeAll
 .text.xTaskCatchUpTicks
                0x00002bb8       0x2e ./tasks.o
                0x00002bb8                xTaskCatchUpTicks
 .text.prvAddCurrentTaskToDelayedList
                0x00002be6       0x88 ./tasks.o
 .text.xTaskGenericNotifyWait
                0x00002c6e      0x140 ./tasks.o
                0x00002c6e                xTaskGenericNotifyWait
 .text.ulTaskGenericNotifyTake
                0x00002dae       0xe8 ./tasks.o
                0x00002dae                ulTaskGenericNotifyTake
 .text.vTaskPlaceOnUnorderedEventList
                0x00002e96       0x88 ./tasks.o
                0x00002e96                vTaskPlaceOnUnorderedEventList
 .text.vTaskDelay
                0x00002f1e       0x26 ./tasks.o
                0x00002f1e                vTaskDelay
 .text.xTaskDelayUntil
                0x00002f44       0x66 ./tasks.o
                0x00002f44                xTaskDelayUntil
 .text.vTaskPlaceOnEventList
                0x00002faa       0x24 ./tasks.o
                0x00002faa                vTaskPlaceOnEventList
 .text.vTaskEndScheduler
                0x00002fce        0xc ./tasks.o
                0x00002fce                vTaskEndScheduler
 .text.prvIdleTask
                0x00002fda       0x52 ./tasks.o
 .text.vTaskDelete
                0x0000302c       0xe4 ./tasks.o
                0x0000302c                vTaskDelete
 .text.xTaskCreate
                0x00003110      0x254 ./tasks.o
                0x00003110                xTaskCreate
 .text.vTaskStartScheduler
                0x00003364       0x54 ./tasks.o
                0x00003364                vTaskStartScheduler
 .text.libgcc   0x000033b8       0x28 c:/users/mk225/downloads/imt_sdk_win_64/winavr/bin/../lib/gcc/avr/4.3.3/avr5\libgcc.a(_udivmodhi4.o)
                0x000033b8                __udivmodhi4
 .text.libgcc   0x000033e0        0x0 c:/users/mk225/downloads/imt_sdk_win_64/winavr/bin/../lib/gcc/avr/4.3.3/avr5\libgcc.a(_exit.o)
 .text.libgcc   0x000033e0        0x0 c:/users/mk225/downloads/imt_sdk_win_64/winavr/bin/../lib/gcc/avr/4.3.3/avr5\libgcc.a(_copy_data.o)
 .text.libgcc   0x000033e0        0x0 c:/users/mk225/downloads/imt_sdk_win_64/winavr/bin/../lib/gcc/avr/4.3.3/avr5\libgcc.a(_clear_bss.o)
 .text.avr-libc
                0x000033e0       0x12 c:/users/mk225/downloads/imt_sdk_win_64/winavr/bin/../lib/gcc/avr/4.3.3/../../../../avr/lib/avr5\libc.a(memcpy.o)
                0x000033e0                memcpy
 .text.avr-libc
                0x000033f2        0xe c:/users/mk225/downloads/imt_sdk_win_64/winavr/bin/../lib/gcc/avr/4.3.3/../../../../avr/lib/avr5\libc.a(memset.o)
                0x000033f2                memset
 .text.avr-libc
                0x00003400       0x1c c:/users/mk225/downloads/imt_sdk_win_64/winavr/bin/../lib/gcc/avr/4.3.3/../../../../avr/lib/avr5\libc.a(strncmp.o)
                0x00003400                strncmp
                0x0000341c                . = ALIGN (0x2)
 *(.fini9)
 .fini9         0x0000341c        0x0 c:/users/mk225/downloads/imt_sdk_win_64/winavr/bin/../lib/gcc/avr/4.3.3/avr5\libgcc.a(_exit.o)
                0x0000341c                exit
                0x0000341c                _exit
 *(.fini9)
 *(.fini8)
 *(.fini8)
 *(.fini7)
 *(.fini7)
 *(.fini6)
 *(.fini6)
 *(.fini5)
 *(.fini5)
 *(.fini4)
 *(.fini4)
 *(.fini3)
 *(.fini3)
 *(.fini2)
 *(.fini2)
 *(.fini1)
 *(.fini1)
 *(.fini0)
 .fini0         0x0000341c        0x4 c:/users/mk225/downloads/imt_sdk_win_64/winavr/bin/../lib/gcc/avr/4.3.3/avr5\libgcc.a(_exit.o)
 *(.fini0)
                0x00003420                _etext = .

.data           0x00800060      0x142 load address 0x00003420
                0x00800060                PROVIDE (__data_start, .)
 *(.data)
 .data          0x00800060        0x0 c:/users/mk225/downloads/imt_sdk_win_64/winavr/bin/../lib/gcc/avr/4.3.3/../../../../avr/lib/avr5/crtm32.o
 .data          0x00800060        0x0 ./repo/MCAL/DIO/UTILS.o
 .data          0x00800060        0x0 ./repo/HAL/LCD/UTILS.o
 .data          0x00800060        0x0 ./repo/HAL/KEYPAD/UTILS.o
 .data          0x00800060        0x0 ./MCAL/SPI/SPI.o
 .data          0x00800060        0x0 ./MCAL/ADC/ADC.o
 .data          0x00800060        0x0 ./MCAL/01_DIO/DIO_program.o
 .data          0x00800060        0x0 ./HAL/LCD/LCD.o
 .data          0x00800060        0x0 ./HAL/KEY_PAD/KEY_PAD.o
 .data          0x00800060        0x0 ./croutine.o
 .data          0x00800060        0x0 ./heap_4.o
 .data          0x00800060        0x0 ./list.o
 .data          0x00800060       0x82 ./main.o
 .data          0x008000e2        0x0 ./port.o
 .data          0x008000e2        0x0 ./queue.o
 .data          0x008000e2        0x5 ./tasks.o
 .data          0x008000e7        0x0 ./timers.o
 .data          0x008000e7        0x0 c:/users/mk225/downloads/imt_sdk_win_64/winavr/bin/../lib/gcc/avr/4.3.3/avr5\libgcc.a(_udivmodhi4.o)
 .data          0x008000e7        0x0 c:/users/mk225/downloads/imt_sdk_win_64/winavr/bin/../lib/gcc/avr/4.3.3/avr5\libgcc.a(_exit.o)
 .data          0x008000e7        0x0 c:/users/mk225/downloads/imt_sdk_win_64/winavr/bin/../lib/gcc/avr/4.3.3/avr5\libgcc.a(_copy_data.o)
 .data          0x008000e7        0x0 c:/users/mk225/downloads/imt_sdk_win_64/winavr/bin/../lib/gcc/avr/4.3.3/avr5\libgcc.a(_clear_bss.o)
 .data          0x008000e7        0x0 c:/users/mk225/downloads/imt_sdk_win_64/winavr/bin/../lib/gcc/avr/4.3.3/../../../../avr/lib/avr5\libc.a(memcpy.o)
 .data          0x008000e7        0x0 c:/users/mk225/downloads/imt_sdk_win_64/winavr/bin/../lib/gcc/avr/4.3.3/../../../../avr/lib/avr5\libc.a(memset.o)
 .data          0x008000e7        0x0 c:/users/mk225/downloads/imt_sdk_win_64/winavr/bin/../lib/gcc/avr/4.3.3/../../../../avr/lib/avr5\libc.a(strncmp.o)
 *(.data*)
 .data.array_Switch
                0x008000e7       0x10 ./HAL/KEY_PAD/KEY_PAD.o
                0x008000e7                array_Switch
 .data.Door_counter
                0x008000f7        0x1 ./main.o
                0x008000f7                Door_counter
 .data.Send_Enable
                0x008000f8        0x1 ./main.o
                0x008000f8                Send_Enable
 .data.users    0x008000f9       0x82 ./main.o
                0x008000f9                users
 .data.vref     0x0080017b        0x1 ./main.o
                0x0080017b                vref
 .data.uxTopUsedPriority
                0x0080017c        0x1 ./tasks.o
                0x0080017c                uxTopUsedPriority
 *(.rodata)
 *(.rodata*)
 .rodata.BUTTONS
                0x0080017d       0x10 ./repo/HAL/KEYPAD/UTILS.o
                0x0080017d                BUTTONS
 .rodata.ROWS   0x0080018d        0x4 ./repo/HAL/KEYPAD/UTILS.o
 .rodata.COLS   0x00800191        0x4 ./repo/HAL/KEYPAD/UTILS.o
 .rodata.ROWS   0x00800195        0x4 ./HAL/KEY_PAD/KEY_PAD.o
 .rodata.CLOMS  0x00800199        0x4 ./HAL/KEY_PAD/KEY_PAD.o
 .rodata.step_size
                0x0080019d        0x4 ./main.o
                0x0080019d                step_size
 *(.gnu.linkonce.d*)
                0x008001a2                . = ALIGN (0x2)
 *fill*         0x008001a1        0x1 00
                0x008001a2                _edata = .
                0x008001a2                PROVIDE (__data_end, .)

.bss            0x008001a2      0x2db
                0x008001a2                PROVIDE (__bss_start, .)
 *(.bss)
 .bss           0x008001a2        0x0 c:/users/mk225/downloads/imt_sdk_win_64/winavr/bin/../lib/gcc/avr/4.3.3/../../../../avr/lib/avr5/crtm32.o
 .bss           0x008001a2        0x0 ./repo/MCAL/DIO/UTILS.o
 .bss           0x008001a2        0x0 ./repo/HAL/LCD/UTILS.o
 .bss           0x008001a2        0x0 ./repo/HAL/KEYPAD/UTILS.o
 .bss           0x008001a2        0x0 ./MCAL/SPI/SPI.o
 .bss           0x008001a2        0x0 ./MCAL/ADC/ADC.o
 .bss           0x008001a2        0x0 ./MCAL/01_DIO/DIO_program.o
 .bss           0x008001a2        0x0 ./HAL/LCD/LCD.o
 .bss           0x008001a2        0x0 ./HAL/KEY_PAD/KEY_PAD.o
 .bss           0x008001a2        0x0 ./croutine.o
 .bss           0x008001a2        0x0 ./heap_4.o
 .bss           0x008001a2        0x0 ./list.o
 .bss           0x008001a2        0x0 ./main.o
 .bss           0x008001a2        0x0 ./port.o
 .bss           0x008001a2        0x0 ./queue.o
 .bss           0x008001a2        0x0 ./tasks.o
 .bss           0x008001a2        0x0 ./timers.o
 .bss           0x008001a2        0x0 c:/users/mk225/downloads/imt_sdk_win_64/winavr/bin/../lib/gcc/avr/4.3.3/avr5\libgcc.a(_udivmodhi4.o)
 .bss           0x008001a2        0x0 c:/users/mk225/downloads/imt_sdk_win_64/winavr/bin/../lib/gcc/avr/4.3.3/avr5\libgcc.a(_exit.o)
 .bss           0x008001a2        0x0 c:/users/mk225/downloads/imt_sdk_win_64/winavr/bin/../lib/gcc/avr/4.3.3/avr5\libgcc.a(_copy_data.o)
 .bss           0x008001a2        0x0 c:/users/mk225/downloads/imt_sdk_win_64/winavr/bin/../lib/gcc/avr/4.3.3/avr5\libgcc.a(_clear_bss.o)
 .bss           0x008001a2        0x0 c:/users/mk225/downloads/imt_sdk_win_64/winavr/bin/../lib/gcc/avr/4.3.3/../../../../avr/lib/avr5\libc.a(memcpy.o)
 .bss           0x008001a2        0x0 c:/users/mk225/downloads/imt_sdk_win_64/winavr/bin/../lib/gcc/avr/4.3.3/../../../../avr/lib/avr5\libc.a(memset.o)
 .bss           0x008001a2        0x0 c:/users/mk225/downloads/imt_sdk_win_64/winavr/bin/../lib/gcc/avr/4.3.3/../../../../avr/lib/avr5\libc.a(strncmp.o)
 *(.bss*)
 .bss.pxEnd     0x008001a2        0x2 ./heap_4.o
 .bss.xFreeBytesRemaining
                0x008001a4        0x2 ./heap_4.o
 .bss.xNumberOfSuccessfulAllocations
                0x008001a6        0x2 ./heap_4.o
 .bss.xNumberOfSuccessfulFrees
                0x008001a8        0x2 ./heap_4.o
 .bss.xMinimumEverFreeBytesRemaining
                0x008001aa        0x2 ./heap_4.o
 .bss.ucHeap    0x008001ac      0x258 ./heap_4.o
 .bss.xStart    0x00800404        0x4 ./heap_4.o
 .bss.BUZ_Enable
                0x00800408        0x1 ./main.o
                0x00800408                BUZ_Enable
 .bss.xHandleDoorTask
                0x00800409        0x2 ./main.o
                0x00800409                xHandleDoorTask
 .bss.LED_Digital_value
                0x0080040b        0x4 ./main.o
                0x0080040b                LED_Digital_value
 .bss.temp      0x0080040f        0x1 ./main.o
                0x0080040f                temp
 .bss.analog_value
                0x00800410        0x4 ./main.o
                0x00800410                analog_value
 .bss.Data      0x00800414        0x1 ./main.o
                0x00800414                Data
 .bss.pxCurrentTCB
                0x00800415        0x2 ./tasks.o
                0x00800415                pxCurrentTCB
 .bss.uxSchedulerSuspended
                0x00800417        0x1 ./tasks.o
 .bss.uxTopReadyPriority
                0x00800418        0x1 ./tasks.o
 .bss.xYieldPending
                0x00800419        0x1 ./tasks.o
 .bss.xTickCount
                0x0080041a        0x2 ./tasks.o
 .bss.xNextTaskUnblockTime
                0x0080041c        0x2 ./tasks.o
 .bss.xNumOfOverflows
                0x0080041e        0x1 ./tasks.o
 .bss.xPendedTicks
                0x0080041f        0x2 ./tasks.o
 .bss.uxCurrentNumberOfTasks
                0x00800421        0x1 ./tasks.o
 .bss.xSchedulerRunning
                0x00800422        0x1 ./tasks.o
 .bss.xIdleTaskHandle
                0x00800423        0x2 ./tasks.o
 .bss.uxDeletedTasksWaitingCleanUp
                0x00800425        0x1 ./tasks.o
 .bss.uxTaskNumber
                0x00800426        0x1 ./tasks.o
 .bss.pxReadyTasksLists
                0x00800427       0x2d ./tasks.o
 .bss.xDelayedTaskList1
                0x00800454        0x9 ./tasks.o
 .bss.xDelayedTaskList2
                0x0080045d        0x9 ./tasks.o
 .bss.pxDelayedTaskList
                0x00800466        0x2 ./tasks.o
 .bss.pxOverflowDelayedTaskList
                0x00800468        0x2 ./tasks.o
 .bss.xPendingReadyList
                0x0080046a        0x9 ./tasks.o
 .bss.xTasksWaitingTermination
                0x00800473        0x9 ./tasks.o
 *(COMMON)
 COMMON         0x0080047c        0x1 ./main.o
                0x0080047c                xOpenDoorTask
                0x0080047d                PROVIDE (__bss_end, .)
                0x00003420                __data_load_start = LOADADDR (.data)
                0x00003562                __data_load_end = (__data_load_start + SIZEOF (.data))

.noinit         0x0080047d        0x0
                0x0080047d                PROVIDE (__noinit_start, .)
 *(.noinit*)
                0x0080047d                PROVIDE (__noinit_end, .)
                0x0080047d                _end = .
                0x0080047d                PROVIDE (__heap_start, .)

.eeprom         0x00810000        0x0
 *(.eeprom*)
                0x00810000                __eeprom_end = .

.fuse
 *(.fuse)
 *(.lfuse)
 *(.hfuse)
 *(.efuse)

.lock
 *(.lock*)

.signature
 *(.signature*)

.stab           0x00000000     0x7f80
 *(.stab)
 .stab          0x00000000      0x4a4 ./repo/MCAL/DIO/UTILS.o
 .stab          0x000004a4      0x978 ./repo/HAL/LCD/UTILS.o
                                0x984 (size before relaxing)
 .stab          0x00000e1c      0x2ac ./repo/HAL/KEYPAD/UTILS.o
                                0x468 (size before relaxing)
 .stab          0x000010c8      0x2c4 ./MCAL/SPI/SPI.o
                                0x480 (size before relaxing)
 .stab          0x0000138c      0x234 ./MCAL/ADC/ADC.o
                                0x3f0 (size before relaxing)
 .stab          0x000015c0      0x390 ./MCAL/01_DIO/DIO_program.o
                                0x39c (size before relaxing)
 .stab          0x00001950      0x630 ./HAL/LCD/LCD.o
                                0x7ec (size before relaxing)
 .stab          0x00001f80      0x2ac ./HAL/KEY_PAD/KEY_PAD.o
                                0x468 (size before relaxing)
 .stab          0x0000222c      0x48c ./croutine.o
                                0x648 (size before relaxing)
 .stab          0x000026b8      0x9b4 ./heap_4.o
                                0xcf0 (size before relaxing)
 .stab          0x0000306c      0x474 ./list.o
                                0x870 (size before relaxing)
 .stab          0x000034e0      0xce4 ./main.o
                                0xf84 (size before relaxing)
 .stab          0x000041c4      0x558 ./port.o
                                0xa14 (size before relaxing)
 .stab          0x0000471c     0x1668 ./queue.o
                               0x1b30 (size before relaxing)
 .stab          0x00005d84     0x2058 ./tasks.o
                               0x2520 (size before relaxing)
 .stab          0x00007ddc      0x1a4 ./timers.o
                                0x6cc (size before relaxing)

.stabstr        0x00000000     0x4b41
 *(.stabstr)
 .stabstr       0x00000000     0x4b41 ./repo/MCAL/DIO/UTILS.o

.stab.excl
 *(.stab.excl)

.stab.exclstr
 *(.stab.exclstr)

.stab.index
 *(.stab.index)

.stab.indexstr
 *(.stab.indexstr)

.comment
 *(.comment)

.debug
 *(.debug)

.line
 *(.line)

.debug_srcinfo
 *(.debug_srcinfo)

.debug_sfnames
 *(.debug_sfnames)

.debug_aranges
 *(.debug_aranges)

.debug_pubnames
 *(.debug_pubnames)

.debug_info
 *(.debug_info)
 *(.gnu.linkonce.wi.*)

.debug_abbrev
 *(.debug_abbrev)

.debug_line
 *(.debug_line)

.debug_frame
 *(.debug_frame)

.debug_str
 *(.debug_str)

.debug_loc
 *(.debug_loc)

.debug_macinfo
 *(.debug_macinfo)
OUTPUT(ITI_Project.elf elf32-avr)
LOAD linker stubs
