Archive member included because of file (symbol)

c:/users/mk225/downloads/imt_sdk_win_64/winavr/bin/../lib/gcc/avr/4.3.3/avr5\libgcc.a(_udivmodhi4.o)
                              ./FreeRTOS/heap_4.o (__udivmodhi4)
c:/users/mk225/downloads/imt_sdk_win_64/winavr/bin/../lib/gcc/avr/4.3.3/avr5\libgcc.a(_exit.o)
                              c:/users/mk225/downloads/imt_sdk_win_64/winavr/bin/../lib/gcc/avr/4.3.3/../../../../avr/lib/avr5/crtm32.o (exit)
c:/users/mk225/downloads/imt_sdk_win_64/winavr/bin/../lib/gcc/avr/4.3.3/avr5\libgcc.a(_copy_data.o)
                              ./HAL/KEYPAD/KEYPAD.o (__do_copy_data)
c:/users/mk225/downloads/imt_sdk_win_64/winavr/bin/../lib/gcc/avr/4.3.3/avr5\libgcc.a(_clear_bss.o)
                              ./FreeRTOS/heap_4.o (__do_clear_bss)
c:/users/mk225/downloads/imt_sdk_win_64/winavr/bin/../lib/gcc/avr/4.3.3/../../../../avr/lib/avr5\libc.a(memcpy.o)
                              ./FreeRTOS/queue.o (memcpy)
c:/users/mk225/downloads/imt_sdk_win_64/winavr/bin/../lib/gcc/avr/4.3.3/../../../../avr/lib/avr5\libc.a(memset.o)
                              ./FreeRTOS/heap_4.o (memset)
c:/users/mk225/downloads/imt_sdk_win_64/winavr/bin/../lib/gcc/avr/4.3.3/../../../../avr/lib/avr5\libc.a(strncmp.o)
                              ./APP/main.o (strncmp)

Allocating common symbols
Common symbol       size              file

xOpenDoorTask       0x1               ./APP/main.o

Memory Configuration

Name             Origin             Length             Attributes
text             0x00000000         0x00020000         xr
data             0x00800060         0x0000ffa0         rw !x
eeprom           0x00810000         0x00010000         rw !x
fuse             0x00820000         0x00000400         rw !x
lock             0x00830000         0x00000400         rw !x
signature        0x00840000         0x00000400         rw !x
*default*        0x00000000         0xffffffff

Linker script and memory map

LOAD c:/users/mk225/downloads/imt_sdk_win_64/winavr/bin/../lib/gcc/avr/4.3.3/../../../../avr/lib/avr5/crtm32.o
LOAD ./MCAL/SPI/SPI.o
LOAD ./MCAL/ADC/ADC.o
LOAD ./HAL/LCD/LCD.o
LOAD ./HAL/KEYPAD/KEYPAD.o
LOAD ./FreeRTOS/croutine.o
LOAD ./FreeRTOS/heap_4.o
LOAD ./FreeRTOS/list.o
LOAD ./FreeRTOS/port.o
LOAD ./FreeRTOS/queue.o
LOAD ./FreeRTOS/tasks.o
LOAD ./FreeRTOS/timers.o
LOAD ./APP/main.o
LOAD c:/users/mk225/downloads/imt_sdk_win_64/winavr/bin/../lib/gcc/avr/4.3.3/avr5\libgcc.a
LOAD c:/users/mk225/downloads/imt_sdk_win_64/winavr/bin/../lib/gcc/avr/4.3.3/../../../../avr/lib/avr5\libc.a
LOAD c:/users/mk225/downloads/imt_sdk_win_64/winavr/bin/../lib/gcc/avr/4.3.3/avr5\libgcc.a

.hash
 *(.hash)

.dynsym
 *(.dynsym)

.dynstr
 *(.dynstr)

.gnu.version
 *(.gnu.version)

.gnu.version_d
 *(.gnu.version_d)

.gnu.version_r
 *(.gnu.version_r)

.rel.init
 *(.rel.init)

.rela.init
 *(.rela.init)

.rel.text
 *(.rel.text)
 *(.rel.text.*)
 *(.rel.gnu.linkonce.t*)

.rela.text
 *(.rela.text)
 *(.rela.text.*)
 *(.rela.gnu.linkonce.t*)

.rel.fini
 *(.rel.fini)

.rela.fini
 *(.rela.fini)

.rel.rodata
 *(.rel.rodata)
 *(.rel.rodata.*)
 *(.rel.gnu.linkonce.r*)

.rela.rodata
 *(.rela.rodata)
 *(.rela.rodata.*)
 *(.rela.gnu.linkonce.r*)

.rel.data
 *(.rel.data)
 *(.rel.data.*)
 *(.rel.gnu.linkonce.d*)

.rela.data
 *(.rela.data)
 *(.rela.data.*)
 *(.rela.gnu.linkonce.d*)

.rel.ctors
 *(.rel.ctors)

.rela.ctors
 *(.rela.ctors)

.rel.dtors
 *(.rel.dtors)

.rela.dtors
 *(.rela.dtors)

.rel.got
 *(.rel.got)

.rela.got
 *(.rela.got)

.rel.bss
 *(.rel.bss)

.rela.bss
 *(.rela.bss)

.rel.plt
 *(.rel.plt)

.rela.plt
 *(.rela.plt)

.text           0x00000000     0x2d80
 *(.vectors)
 .vectors       0x00000000       0x54 c:/users/mk225/downloads/imt_sdk_win_64/winavr/bin/../lib/gcc/avr/4.3.3/../../../../avr/lib/avr5/crtm32.o
                0x00000000                __vectors
                0x00000000                __vector_default
 *(.vectors)
 *(.progmem.gcc*)
 *(.progmem*)
                0x00000054                . = ALIGN (0x2)
                0x00000054                __trampolines_start = .
 *(.trampolines)
 .trampolines   0x00000054        0x0 linker stubs
 *(.trampolines*)
                0x00000054                __trampolines_end = .
 *(.jumptables)
 *(.jumptables*)
 *(.lowtext)
 *(.lowtext*)
                0x00000054                __ctors_start = .
 *(.ctors)
                0x00000054                __ctors_end = .
                0x00000054                __dtors_start = .
 *(.dtors)
                0x00000054                __dtors_end = .
 SORT(*)(.ctors)
 SORT(*)(.dtors)
 *(.init0)
 .init0         0x00000054        0x0 c:/users/mk225/downloads/imt_sdk_win_64/winavr/bin/../lib/gcc/avr/4.3.3/../../../../avr/lib/avr5/crtm32.o
                0x00000054                __init
 *(.init0)
 *(.init1)
 *(.init1)
 *(.init2)
 .init2         0x00000054        0xc c:/users/mk225/downloads/imt_sdk_win_64/winavr/bin/../lib/gcc/avr/4.3.3/../../../../avr/lib/avr5/crtm32.o
 *(.init2)
 *(.init3)
 *(.init3)
 *(.init4)
 .init4         0x00000060       0x16 c:/users/mk225/downloads/imt_sdk_win_64/winavr/bin/../lib/gcc/avr/4.3.3/avr5\libgcc.a(_copy_data.o)
                0x00000060                __do_copy_data
 .init4         0x00000076       0x10 c:/users/mk225/downloads/imt_sdk_win_64/winavr/bin/../lib/gcc/avr/4.3.3/avr5\libgcc.a(_clear_bss.o)
                0x00000076                __do_clear_bss
 *(.init4)
 *(.init5)
 *(.init5)
 *(.init6)
 *(.init6)
 *(.init7)
 *(.init7)
 *(.init8)
 *(.init8)
 *(.init9)
 .init9         0x00000086        0x8 c:/users/mk225/downloads/imt_sdk_win_64/winavr/bin/../lib/gcc/avr/4.3.3/../../../../avr/lib/avr5/crtm32.o
 *(.init9)
 *(.text)
 .text          0x0000008e        0x4 c:/users/mk225/downloads/imt_sdk_win_64/winavr/bin/../lib/gcc/avr/4.3.3/../../../../avr/lib/avr5/crtm32.o
                0x0000008e                __vector_1
                0x0000008e                __vector_12
                0x0000008e                __bad_interrupt
                0x0000008e                __vector_6
                0x0000008e                __vector_3
                0x0000008e                __vector_11
                0x0000008e                __vector_13
                0x0000008e                __vector_17
                0x0000008e                __vector_19
                0x0000008e                __vector_5
                0x0000008e                __vector_4
                0x0000008e                __vector_9
                0x0000008e                __vector_2
                0x0000008e                __vector_15
                0x0000008e                __vector_8
                0x0000008e                __vector_14
                0x0000008e                __vector_10
                0x0000008e                __vector_16
                0x0000008e                __vector_18
                0x0000008e                __vector_20
 .text          0x00000092        0x0 ./MCAL/SPI/SPI.o
 .text          0x00000092        0x0 ./MCAL/ADC/ADC.o
 .text          0x00000092        0x0 ./HAL/LCD/LCD.o
 .text          0x00000092        0x0 ./HAL/KEYPAD/KEYPAD.o
 .text          0x00000092        0x0 ./FreeRTOS/croutine.o
 .text          0x00000092        0x0 ./FreeRTOS/heap_4.o
 .text          0x00000092        0x0 ./FreeRTOS/list.o
 .text          0x00000092        0x0 ./FreeRTOS/port.o
 .text          0x00000092        0x0 ./FreeRTOS/queue.o
 .text          0x00000092        0x0 ./FreeRTOS/tasks.o
 .text          0x00000092        0x0 ./FreeRTOS/timers.o
 .text          0x00000092        0x0 ./APP/main.o
 .text          0x00000092        0x0 c:/users/mk225/downloads/imt_sdk_win_64/winavr/bin/../lib/gcc/avr/4.3.3/avr5\libgcc.a(_udivmodhi4.o)
 .text          0x00000092        0x0 c:/users/mk225/downloads/imt_sdk_win_64/winavr/bin/../lib/gcc/avr/4.3.3/avr5\libgcc.a(_exit.o)
 .text          0x00000092        0x0 c:/users/mk225/downloads/imt_sdk_win_64/winavr/bin/../lib/gcc/avr/4.3.3/avr5\libgcc.a(_copy_data.o)
 .text          0x00000092        0x0 c:/users/mk225/downloads/imt_sdk_win_64/winavr/bin/../lib/gcc/avr/4.3.3/avr5\libgcc.a(_clear_bss.o)
 .text          0x00000092        0x0 c:/users/mk225/downloads/imt_sdk_win_64/winavr/bin/../lib/gcc/avr/4.3.3/../../../../avr/lib/avr5\libc.a(memcpy.o)
 .text          0x00000092        0x0 c:/users/mk225/downloads/imt_sdk_win_64/winavr/bin/../lib/gcc/avr/4.3.3/../../../../avr/lib/avr5\libc.a(memset.o)
 .text          0x00000092        0x0 c:/users/mk225/downloads/imt_sdk_win_64/winavr/bin/../lib/gcc/avr/4.3.3/../../../../avr/lib/avr5\libc.a(strncmp.o)
                0x00000092                . = ALIGN (0x2)
 *(.text.*)
 .text.SPI_voidInit
                0x00000092       0x28 ./MCAL/SPI/SPI.o
                0x00000092                SPI_voidInit
 .text.SPI_u8transcieve
                0x000000ba        0xa ./MCAL/SPI/SPI.o
                0x000000ba                SPI_u8transcieve
 .text.ADC_init
                0x000000c4        0x6 ./MCAL/ADC/ADC.o
                0x000000c4                ADC_init
 .text.ADC_read
                0x000000ca       0x22 ./MCAL/ADC/ADC.o
                0x000000ca                ADC_read
 .text.LCD_WRITE_DATA
                0x000000ec       0x1c ./HAL/LCD/LCD.o
                0x000000ec                LCD_WRITE_DATA
 .text.LCD_WRITE_CMD
                0x00000108       0x1c ./HAL/LCD/LCD.o
                0x00000108                LCD_WRITE_CMD
 .text.LCD_INIT
                0x00000124       0x54 ./HAL/LCD/LCD.o
                0x00000124                LCD_INIT
 .text.LCD_SET_CURSOR_POSITION
                0x00000178       0x26 ./HAL/LCD/LCD.o
                0x00000178                LCD_SET_CURSOR_POSITION
 .text.LCD_WRITE_STRING
                0x0000019e       0x3c ./HAL/LCD/LCD.o
                0x0000019e                LCD_WRITE_STRING
 .text.LCD_SAVE_CUSTOM_CHAR
                0x000001da       0x5e ./HAL/LCD/LCD.o
                0x000001da                LCD_SAVE_CUSTOM_CHAR
 .text.LCD_SET_CURSOR_POSITION_WITH_OFFSET
                0x00000238       0x1a ./HAL/LCD/LCD.o
                0x00000238                LCD_SET_CURSOR_POSITION_WITH_OFFSET
 .text.LCD_CLR_RANGE
                0x00000252       0x4c ./HAL/LCD/LCD.o
                0x00000252                LCD_CLR_RANGE
 .text.LCD_WRITE_CENTER_STRING
                0x0000029e       0x4e ./HAL/LCD/LCD.o
                0x0000029e                LCD_WRITE_CENTER_STRING
 .text.KEYPAD_INIT
                0x000002ec       0x4e ./HAL/KEYPAD/KEYPAD.o
                0x000002ec                KEYPAD_INIT
 .text.KEYPAD_INPUT
                0x0000033a       0xa0 ./HAL/KEYPAD/KEYPAD.o
                0x0000033a                KEYPAD_INPUT
 .text.xPortGetFreeHeapSize
                0x000003da        0xa ./FreeRTOS/heap_4.o
                0x000003da                xPortGetFreeHeapSize
 .text.xPortGetMinimumEverFreeHeapSize
                0x000003e4        0xa ./FreeRTOS/heap_4.o
                0x000003e4                xPortGetMinimumEverFreeHeapSize
 .text.vPortInitialiseBlocks
                0x000003ee        0x2 ./FreeRTOS/heap_4.o
                0x000003ee                vPortInitialiseBlocks
 .text.prvInsertBlockIntoFreeList
                0x000003f0       0x86 ./FreeRTOS/heap_4.o
 .text.vPortGetHeapStats
                0x00000476       0xc8 ./FreeRTOS/heap_4.o
                0x00000476                vPortGetHeapStats
 .text.vPortFree
                0x0000053e       0x60 ./FreeRTOS/heap_4.o
                0x0000053e                vPortFree
 .text.pvPortMalloc
                0x0000059e      0x170 ./FreeRTOS/heap_4.o
                0x0000059e                pvPortMalloc
 .text.pvPortCalloc
                0x0000070e       0x5a ./FreeRTOS/heap_4.o
                0x0000070e                pvPortCalloc
 .text.vListInitialise
                0x00000768       0x20 ./FreeRTOS/list.o
                0x00000768                vListInitialise
 .text.vListInitialiseItem
                0x00000788        0x8 ./FreeRTOS/list.o
                0x00000788                vListInitialiseItem
 .text.vListInsertEnd
                0x00000790       0x3e ./FreeRTOS/list.o
                0x00000790                vListInsertEnd
 .text.vListInsert
                0x000007ce       0x64 ./FreeRTOS/list.o
                0x000007ce                vListInsert
 .text.uxListRemove
                0x00000832       0x56 ./FreeRTOS/list.o
                0x00000832                uxListRemove
 .text.pxPortInitialiseStack
                0x00000888       0x90 ./FreeRTOS/port.o
                0x00000888                pxPortInitialiseStack
 .text.xPortStartScheduler
                0x00000918       0x6a ./FreeRTOS/port.o
                0x00000918                xPortStartScheduler
 .text.vPortEndScheduler
                0x00000982        0x2 ./FreeRTOS/port.o
                0x00000982                vPortEndScheduler
 .text.vPortYieldFromTick
                0x00000984       0xba ./FreeRTOS/port.o
                0x00000984                vPortYieldFromTick
 .text.__vector_7
                0x00000a3e        0x6 ./FreeRTOS/port.o
                0x00000a3e                __vector_7
 .text.vPortYield
                0x00000a44       0xb2 ./FreeRTOS/port.o
                0x00000a44                vPortYield
 .text.uxQueueMessagesWaiting
                0x00000af6       0x10 ./FreeRTOS/queue.o
                0x00000af6                uxQueueMessagesWaiting
 .text.uxQueueSpacesAvailable
                0x00000b06       0x14 ./FreeRTOS/queue.o
                0x00000b06                uxQueueSpacesAvailable
 .text.uxQueueMessagesWaitingFromISR
                0x00000b1a        0x6 ./FreeRTOS/queue.o
                0x00000b1a                uxQueueMessagesWaitingFromISR
 .text.xQueueIsQueueEmptyFromISR
                0x00000b20       0x10 ./FreeRTOS/queue.o
                0x00000b20                xQueueIsQueueEmptyFromISR
 .text.xQueueIsQueueFullFromISR
                0x00000b30       0x12 ./FreeRTOS/queue.o
                0x00000b30                xQueueIsQueueFullFromISR
 .text.vQueueDelete
                0x00000b42        0x6 ./FreeRTOS/queue.o
                0x00000b42                vQueueDelete
 .text.prvCopyDataFromQueue
                0x00000b48       0x3c ./FreeRTOS/queue.o
 .text.xQueuePeekFromISR
                0x00000b84       0x2a ./FreeRTOS/queue.o
                0x00000b84                xQueuePeekFromISR
 .text.prvCopyDataToQueue
                0x00000bae       0x94 ./FreeRTOS/queue.o
 .text.xQueueReceiveFromISR
                0x00000c42       0x64 ./FreeRTOS/queue.o
                0x00000c42                xQueueReceiveFromISR
 .text.xQueueGiveFromISR
                0x00000ca6       0x5e ./FreeRTOS/queue.o
                0x00000ca6                xQueueGiveFromISR
 .text.xQueueGenericSendFromISR
                0x00000d04       0x68 ./FreeRTOS/queue.o
                0x00000d04                xQueueGenericSendFromISR
 .text.prvUnlockQueue
                0x00000d6c       0x84 ./FreeRTOS/queue.o
 .text.xQueuePeek
                0x00000df0      0x152 ./FreeRTOS/queue.o
                0x00000df0                xQueuePeek
 .text.xQueueSemaphoreTake
                0x00000f42      0x13e ./FreeRTOS/queue.o
                0x00000f42                xQueueSemaphoreTake
 .text.xQueueReceive
                0x00001080      0x156 ./FreeRTOS/queue.o
                0x00001080                xQueueReceive
 .text.xQueueGenericSend
                0x000011d6      0x156 ./FreeRTOS/queue.o
                0x000011d6                xQueueGenericSend
 .text.xQueueGenericReset
                0x0000132c       0xb4 ./FreeRTOS/queue.o
                0x0000132c                xQueueGenericReset
 .text.xQueueGenericCreate
                0x000013e0       0x70 ./FreeRTOS/queue.o
                0x000013e0                xQueueGenericCreate
 .text.vTaskSuspendAll
                0x00001450        0xc ./FreeRTOS/tasks.o
                0x00001450                vTaskSuspendAll
 .text.xTaskGetTickCount
                0x0000145c       0x16 ./FreeRTOS/tasks.o
                0x0000145c                xTaskGetTickCount
 .text.xTaskGetTickCountFromISR
                0x00001472        0xc ./FreeRTOS/tasks.o
                0x00001472                xTaskGetTickCountFromISR
 .text.uxTaskGetNumberOfTasks
                0x0000147e        0x6 ./FreeRTOS/tasks.o
                0x0000147e                uxTaskGetNumberOfTasks
 .text.pcTaskGetName
                0x00001484       0x16 ./FreeRTOS/tasks.o
                0x00001484                pcTaskGetName
 .text.xTaskIncrementTick
                0x0000149a      0x230 ./FreeRTOS/tasks.o
                0x0000149a                xTaskIncrementTick
 .text.vTaskSwitchContext
                0x000016ca       0x74 ./FreeRTOS/tasks.o
                0x000016ca                vTaskSwitchContext
 .text.xTaskRemoveFromEventList
                0x0000173e      0x166 ./FreeRTOS/tasks.o
                0x0000173e                xTaskRemoveFromEventList
 .text.vTaskRemoveFromUnorderedEventList
                0x000018a4      0x134 ./FreeRTOS/tasks.o
                0x000018a4                vTaskRemoveFromUnorderedEventList
 .text.vTaskSetTimeOutState
                0x000019d8       0x20 ./FreeRTOS/tasks.o
                0x000019d8                vTaskSetTimeOutState
 .text.vTaskInternalSetTimeOutState
                0x000019f8       0x16 ./FreeRTOS/tasks.o
                0x000019f8                vTaskInternalSetTimeOutState
 .text.xTaskCheckForTimeOut
                0x00001a0e       0x6a ./FreeRTOS/tasks.o
                0x00001a0e                xTaskCheckForTimeOut
 .text.vTaskMissedYield
                0x00001a78        0x8 ./FreeRTOS/tasks.o
                0x00001a78                vTaskMissedYield
 .text.xTaskGetCurrentTaskHandle
                0x00001a80        0xc ./FreeRTOS/tasks.o
                0x00001a80                xTaskGetCurrentTaskHandle
 .text.uxTaskResetEventItemValue
                0x00001a8c       0x30 ./FreeRTOS/tasks.o
                0x00001a8c                uxTaskResetEventItemValue
 .text.xTaskGenericNotifyFromISR
                0x00001abc      0x1f8 ./FreeRTOS/tasks.o
                0x00001abc                xTaskGenericNotifyFromISR
 .text.vTaskGenericNotifyGiveFromISR
                0x00001cb4      0x164 ./FreeRTOS/tasks.o
                0x00001cb4                vTaskGenericNotifyGiveFromISR
 .text.xTaskGenericNotifyStateClear
                0x00001e18       0x2c ./FreeRTOS/tasks.o
                0x00001e18                xTaskGenericNotifyStateClear
 .text.ulTaskGenericNotifyValueClear
                0x00001e44       0x68 ./FreeRTOS/tasks.o
                0x00001e44                ulTaskGenericNotifyValueClear
 .text.xTaskGenericNotify
                0x00001eac      0x19c ./FreeRTOS/tasks.o
                0x00001eac                xTaskGenericNotify
 .text.xTaskResumeAll
                0x00002048      0x1bc ./FreeRTOS/tasks.o
                0x00002048                xTaskResumeAll
 .text.xTaskCatchUpTicks
                0x00002204       0x2e ./FreeRTOS/tasks.o
                0x00002204                xTaskCatchUpTicks
 .text.prvAddCurrentTaskToDelayedList
                0x00002232       0x88 ./FreeRTOS/tasks.o
 .text.xTaskGenericNotifyWait
                0x000022ba      0x140 ./FreeRTOS/tasks.o
                0x000022ba                xTaskGenericNotifyWait
 .text.ulTaskGenericNotifyTake
                0x000023fa       0xe8 ./FreeRTOS/tasks.o
                0x000023fa                ulTaskGenericNotifyTake
 .text.vTaskPlaceOnUnorderedEventList
                0x000024e2       0x88 ./FreeRTOS/tasks.o
                0x000024e2                vTaskPlaceOnUnorderedEventList
 .text.vTaskDelay
                0x0000256a       0x26 ./FreeRTOS/tasks.o
                0x0000256a                vTaskDelay
 .text.xTaskDelayUntil
                0x00002590       0x66 ./FreeRTOS/tasks.o
                0x00002590                xTaskDelayUntil
 .text.vTaskPlaceOnEventList
                0x000025f6       0x24 ./FreeRTOS/tasks.o
                0x000025f6                vTaskPlaceOnEventList
 .text.vTaskEndScheduler
                0x0000261a        0xc ./FreeRTOS/tasks.o
                0x0000261a                vTaskEndScheduler
 .text.prvIdleTask
                0x00002626       0x52 ./FreeRTOS/tasks.o
 .text.vTaskDelete
                0x00002678       0xe4 ./FreeRTOS/tasks.o
                0x00002678                vTaskDelete
 .text.xTaskCreate
                0x0000275c      0x254 ./FreeRTOS/tasks.o
                0x0000275c                xTaskCreate
 .text.vTaskStartScheduler
                0x000029b0       0x54 ./FreeRTOS/tasks.o
                0x000029b0                vTaskStartScheduler
 .text.message  0x00002a04       0x40 ./APP/main.o
                0x00002a04                message
 .text.greetingText
                0x00002a44       0x34 ./APP/main.o
                0x00002a44                greetingText
 .text.getUserId
                0x00002a78       0x44 ./APP/main.o
                0x00002a78                getUserId
 .text.isPasswordValid
                0x00002abc      0x16c ./APP/main.o
                0x00002abc                isPasswordValid
 .text.isValidUser
                0x00002c28       0x2c ./APP/main.o
                0x00002c28                isValidUser
 .text.vDoorTaskCode
                0x00002c54       0x3c ./APP/main.o
                0x00002c54                vDoorTaskCode
 .text.main     0x00002c90       0x88 ./APP/main.o
                0x00002c90                main
 .text.libgcc   0x00002d18       0x28 c:/users/mk225/downloads/imt_sdk_win_64/winavr/bin/../lib/gcc/avr/4.3.3/avr5\libgcc.a(_udivmodhi4.o)
                0x00002d18                __udivmodhi4
 .text.libgcc   0x00002d40        0x0 c:/users/mk225/downloads/imt_sdk_win_64/winavr/bin/../lib/gcc/avr/4.3.3/avr5\libgcc.a(_exit.o)
 .text.libgcc   0x00002d40        0x0 c:/users/mk225/downloads/imt_sdk_win_64/winavr/bin/../lib/gcc/avr/4.3.3/avr5\libgcc.a(_copy_data.o)
 .text.libgcc   0x00002d40        0x0 c:/users/mk225/downloads/imt_sdk_win_64/winavr/bin/../lib/gcc/avr/4.3.3/avr5\libgcc.a(_clear_bss.o)
 .text.avr-libc
                0x00002d40       0x12 c:/users/mk225/downloads/imt_sdk_win_64/winavr/bin/../lib/gcc/avr/4.3.3/../../../../avr/lib/avr5\libc.a(memcpy.o)
                0x00002d40                memcpy
 .text.avr-libc
                0x00002d52        0xe c:/users/mk225/downloads/imt_sdk_win_64/winavr/bin/../lib/gcc/avr/4.3.3/../../../../avr/lib/avr5\libc.a(memset.o)
                0x00002d52                memset
 .text.avr-libc
                0x00002d60       0x1c c:/users/mk225/downloads/imt_sdk_win_64/winavr/bin/../lib/gcc/avr/4.3.3/../../../../avr/lib/avr5\libc.a(strncmp.o)
                0x00002d60                strncmp
                0x00002d7c                . = ALIGN (0x2)
 *(.fini9)
 .fini9         0x00002d7c        0x0 c:/users/mk225/downloads/imt_sdk_win_64/winavr/bin/../lib/gcc/avr/4.3.3/avr5\libgcc.a(_exit.o)
                0x00002d7c                exit
                0x00002d7c                _exit
 *(.fini9)
 *(.fini8)
 *(.fini8)
 *(.fini7)
 *(.fini7)
 *(.fini6)
 *(.fini6)
 *(.fini5)
 *(.fini5)
 *(.fini4)
 *(.fini4)
 *(.fini3)
 *(.fini3)
 *(.fini2)
 *(.fini2)
 *(.fini1)
 *(.fini1)
 *(.fini0)
 .fini0         0x00002d7c        0x4 c:/users/mk225/downloads/imt_sdk_win_64/winavr/bin/../lib/gcc/avr/4.3.3/avr5\libgcc.a(_exit.o)
 *(.fini0)
                0x00002d80                _etext = .

.data           0x00800060      0x124 load address 0x00002d80
                0x00800060                PROVIDE (__data_start, .)
 *(.data)
 .data          0x00800060        0x0 c:/users/mk225/downloads/imt_sdk_win_64/winavr/bin/../lib/gcc/avr/4.3.3/../../../../avr/lib/avr5/crtm32.o
 .data          0x00800060        0x0 ./MCAL/SPI/SPI.o
 .data          0x00800060        0x0 ./MCAL/ADC/ADC.o
 .data          0x00800060        0x0 ./HAL/LCD/LCD.o
 .data          0x00800060        0x0 ./HAL/KEYPAD/KEYPAD.o
 .data          0x00800060        0x0 ./FreeRTOS/croutine.o
 .data          0x00800060        0x0 ./FreeRTOS/heap_4.o
 .data          0x00800060        0x0 ./FreeRTOS/list.o
 .data          0x00800060        0x0 ./FreeRTOS/port.o
 .data          0x00800060        0x0 ./FreeRTOS/queue.o
 .data          0x00800060        0x5 ./FreeRTOS/tasks.o
 .data          0x00800065        0x0 ./FreeRTOS/timers.o
 .data          0x00800065       0x82 ./APP/main.o
 .data          0x008000e7        0x0 c:/users/mk225/downloads/imt_sdk_win_64/winavr/bin/../lib/gcc/avr/4.3.3/avr5\libgcc.a(_udivmodhi4.o)
 .data          0x008000e7        0x0 c:/users/mk225/downloads/imt_sdk_win_64/winavr/bin/../lib/gcc/avr/4.3.3/avr5\libgcc.a(_exit.o)
 .data          0x008000e7        0x0 c:/users/mk225/downloads/imt_sdk_win_64/winavr/bin/../lib/gcc/avr/4.3.3/avr5\libgcc.a(_copy_data.o)
 .data          0x008000e7        0x0 c:/users/mk225/downloads/imt_sdk_win_64/winavr/bin/../lib/gcc/avr/4.3.3/avr5\libgcc.a(_clear_bss.o)
 .data          0x008000e7        0x0 c:/users/mk225/downloads/imt_sdk_win_64/winavr/bin/../lib/gcc/avr/4.3.3/../../../../avr/lib/avr5\libc.a(memcpy.o)
 .data          0x008000e7        0x0 c:/users/mk225/downloads/imt_sdk_win_64/winavr/bin/../lib/gcc/avr/4.3.3/../../../../avr/lib/avr5\libc.a(memset.o)
 .data          0x008000e7        0x0 c:/users/mk225/downloads/imt_sdk_win_64/winavr/bin/../lib/gcc/avr/4.3.3/../../../../avr/lib/avr5\libc.a(strncmp.o)
 *(.data*)
 .data.uxTopUsedPriority
                0x008000e7        0x1 ./FreeRTOS/tasks.o
                0x008000e7                uxTopUsedPriority
 .data.Door_counter
                0x008000e8        0x1 ./APP/main.o
                0x008000e8                Door_counter
 .data.Send_Enable
                0x008000e9        0x1 ./APP/main.o
                0x008000e9                Send_Enable
 .data.users    0x008000ea       0x82 ./APP/main.o
                0x008000ea                users
 *(.rodata)
 *(.rodata*)
 .rodata.BUTTONS
                0x0080016c       0x10 ./HAL/KEYPAD/KEYPAD.o
                0x0080016c                BUTTONS
 .rodata.ROWS   0x0080017c        0x4 ./HAL/KEYPAD/KEYPAD.o
 .rodata.COLS   0x00800180        0x4 ./HAL/KEYPAD/KEYPAD.o
 *(.gnu.linkonce.d*)
                0x00800184                . = ALIGN (0x2)
                0x00800184                _edata = .
                0x00800184                PROVIDE (__data_end, .)

.bss            0x00800184      0x2d2
                0x00800184                PROVIDE (__bss_start, .)
 *(.bss)
 .bss           0x00800184        0x0 c:/users/mk225/downloads/imt_sdk_win_64/winavr/bin/../lib/gcc/avr/4.3.3/../../../../avr/lib/avr5/crtm32.o
 .bss           0x00800184        0x0 ./MCAL/SPI/SPI.o
 .bss           0x00800184        0x0 ./MCAL/ADC/ADC.o
 .bss           0x00800184        0x0 ./HAL/LCD/LCD.o
 .bss           0x00800184        0x0 ./HAL/KEYPAD/KEYPAD.o
 .bss           0x00800184        0x0 ./FreeRTOS/croutine.o
 .bss           0x00800184        0x0 ./FreeRTOS/heap_4.o
 .bss           0x00800184        0x0 ./FreeRTOS/list.o
 .bss           0x00800184        0x0 ./FreeRTOS/port.o
 .bss           0x00800184        0x0 ./FreeRTOS/queue.o
 .bss           0x00800184        0x0 ./FreeRTOS/tasks.o
 .bss           0x00800184        0x0 ./FreeRTOS/timers.o
 .bss           0x00800184        0x0 ./APP/main.o
 .bss           0x00800184        0x0 c:/users/mk225/downloads/imt_sdk_win_64/winavr/bin/../lib/gcc/avr/4.3.3/avr5\libgcc.a(_udivmodhi4.o)
 .bss           0x00800184        0x0 c:/users/mk225/downloads/imt_sdk_win_64/winavr/bin/../lib/gcc/avr/4.3.3/avr5\libgcc.a(_exit.o)
 .bss           0x00800184        0x0 c:/users/mk225/downloads/imt_sdk_win_64/winavr/bin/../lib/gcc/avr/4.3.3/avr5\libgcc.a(_copy_data.o)
 .bss           0x00800184        0x0 c:/users/mk225/downloads/imt_sdk_win_64/winavr/bin/../lib/gcc/avr/4.3.3/avr5\libgcc.a(_clear_bss.o)
 .bss           0x00800184        0x0 c:/users/mk225/downloads/imt_sdk_win_64/winavr/bin/../lib/gcc/avr/4.3.3/../../../../avr/lib/avr5\libc.a(memcpy.o)
 .bss           0x00800184        0x0 c:/users/mk225/downloads/imt_sdk_win_64/winavr/bin/../lib/gcc/avr/4.3.3/../../../../avr/lib/avr5\libc.a(memset.o)
 .bss           0x00800184        0x0 c:/users/mk225/downloads/imt_sdk_win_64/winavr/bin/../lib/gcc/avr/4.3.3/../../../../avr/lib/avr5\libc.a(strncmp.o)
 *(.bss*)
 .bss.pxEnd     0x00800184        0x2 ./FreeRTOS/heap_4.o
 .bss.xFreeBytesRemaining
                0x00800186        0x2 ./FreeRTOS/heap_4.o
 .bss.xNumberOfSuccessfulAllocations
                0x00800188        0x2 ./FreeRTOS/heap_4.o
 .bss.xNumberOfSuccessfulFrees
                0x0080018a        0x2 ./FreeRTOS/heap_4.o
 .bss.xMinimumEverFreeBytesRemaining
                0x0080018c        0x2 ./FreeRTOS/heap_4.o
 .bss.ucHeap    0x0080018e      0x258 ./FreeRTOS/heap_4.o
 .bss.xStart    0x008003e6        0x4 ./FreeRTOS/heap_4.o
 .bss.pxCurrentTCB
                0x008003ea        0x2 ./FreeRTOS/tasks.o
                0x008003ea                pxCurrentTCB
 .bss.uxSchedulerSuspended
                0x008003ec        0x1 ./FreeRTOS/tasks.o
 .bss.uxTopReadyPriority
                0x008003ed        0x1 ./FreeRTOS/tasks.o
 .bss.xYieldPending
                0x008003ee        0x1 ./FreeRTOS/tasks.o
 .bss.xTickCount
                0x008003ef        0x2 ./FreeRTOS/tasks.o
 .bss.xNextTaskUnblockTime
                0x008003f1        0x2 ./FreeRTOS/tasks.o
 .bss.xNumOfOverflows
                0x008003f3        0x1 ./FreeRTOS/tasks.o
 .bss.xPendedTicks
                0x008003f4        0x2 ./FreeRTOS/tasks.o
 .bss.uxCurrentNumberOfTasks
                0x008003f6        0x1 ./FreeRTOS/tasks.o
 .bss.xSchedulerRunning
                0x008003f7        0x1 ./FreeRTOS/tasks.o
 .bss.xIdleTaskHandle
                0x008003f8        0x2 ./FreeRTOS/tasks.o
 .bss.uxDeletedTasksWaitingCleanUp
                0x008003fa        0x1 ./FreeRTOS/tasks.o
 .bss.uxTaskNumber
                0x008003fb        0x1 ./FreeRTOS/tasks.o
 .bss.pxReadyTasksLists
                0x008003fc       0x2d ./FreeRTOS/tasks.o
 .bss.xDelayedTaskList1
                0x00800429        0x9 ./FreeRTOS/tasks.o
 .bss.xDelayedTaskList2
                0x00800432        0x9 ./FreeRTOS/tasks.o
 .bss.pxDelayedTaskList
                0x0080043b        0x2 ./FreeRTOS/tasks.o
 .bss.pxOverflowDelayedTaskList
                0x0080043d        0x2 ./FreeRTOS/tasks.o
 .bss.xPendingReadyList
                0x0080043f        0x9 ./FreeRTOS/tasks.o
 .bss.xTasksWaitingTermination
                0x00800448        0x9 ./FreeRTOS/tasks.o
 .bss.BUZ_Enable
                0x00800451        0x1 ./APP/main.o
                0x00800451                BUZ_Enable
 .bss.Data      0x00800452        0x1 ./APP/main.o
                0x00800452                Data
 .bss.xHandleDoorTask
                0x00800453        0x2 ./APP/main.o
                0x00800453                xHandleDoorTask
 *(COMMON)
 COMMON         0x00800455        0x1 ./APP/main.o
                0x00800455                xOpenDoorTask
                0x00800456                PROVIDE (__bss_end, .)
                0x00002d80                __data_load_start = LOADADDR (.data)
                0x00002ea4                __data_load_end = (__data_load_start + SIZEOF (.data))

.noinit         0x00800456        0x0
                0x00800456                PROVIDE (__noinit_start, .)
 *(.noinit*)
                0x00800456                PROVIDE (__noinit_end, .)
                0x00800456                _end = .
                0x00800456                PROVIDE (__heap_start, .)

.eeprom         0x00810000        0x0
 *(.eeprom*)
                0x00810000                __eeprom_end = .

.fuse
 *(.fuse)
 *(.lfuse)
 *(.hfuse)
 *(.efuse)

.lock
 *(.lock*)

.signature
 *(.signature*)

.stab           0x00000000     0x6f24
 *(.stab)
 .stab          0x00000000      0x480 ./MCAL/SPI/SPI.o
 .stab          0x00000480      0x234 ./MCAL/ADC/ADC.o
                                0x3f0 (size before relaxing)
 .stab          0x000006b4      0x7c8 ./HAL/LCD/LCD.o
                                0x984 (size before relaxing)
 .stab          0x00000e7c      0x2ac ./HAL/KEYPAD/KEYPAD.o
                                0x468 (size before relaxing)
 .stab          0x00001128      0x48c ./FreeRTOS/croutine.o
                                0x648 (size before relaxing)
 .stab          0x000015b4      0x9b4 ./FreeRTOS/heap_4.o
                                0xcf0 (size before relaxing)
 .stab          0x00001f68      0x474 ./FreeRTOS/list.o
                                0x870 (size before relaxing)
 .stab          0x000023dc      0x558 ./FreeRTOS/port.o
                                0xa14 (size before relaxing)
 .stab          0x00002934     0x1668 ./FreeRTOS/queue.o
                               0x1b30 (size before relaxing)
 .stab          0x00003f9c     0x2058 ./FreeRTOS/tasks.o
                               0x2520 (size before relaxing)
 .stab          0x00005ff4      0x1a4 ./FreeRTOS/timers.o
                                0x6cc (size before relaxing)
 .stab          0x00006198      0xd8c ./APP/main.o
                                0xf48 (size before relaxing)

.stabstr        0x00000000     0x52be
 *(.stabstr)
 .stabstr       0x00000000     0x52be ./MCAL/SPI/SPI.o

.stab.excl
 *(.stab.excl)

.stab.exclstr
 *(.stab.exclstr)

.stab.index
 *(.stab.index)

.stab.indexstr
 *(.stab.indexstr)

.comment
 *(.comment)

.debug
 *(.debug)

.line
 *(.line)

.debug_srcinfo
 *(.debug_srcinfo)

.debug_sfnames
 *(.debug_sfnames)

.debug_aranges
 *(.debug_aranges)

.debug_pubnames
 *(.debug_pubnames)

.debug_info
 *(.debug_info)
 *(.gnu.linkonce.wi.*)

.debug_abbrev
 *(.debug_abbrev)

.debug_line
 *(.debug_line)

.debug_frame
 *(.debug_frame)

.debug_str
 *(.debug_str)

.debug_loc
 *(.debug_loc)

.debug_macinfo
 *(.debug_macinfo)
OUTPUT(MASTER.elf elf32-avr)
LOAD linker stubs
